../BSP/ST7735/lcd.c:349:16:lcd_gettick	8	static
../BSP/ST7735/lcd.c:393:16:lcd_recvdata	16	static
../BSP/ST7735/lcd.c:382:16:lcd_senddata	16	static
../BSP/ST7735/lcd.c:368:16:lcd_readreg	32	static
../BSP/ST7735/lcd.c:354:16:lcd_writereg	32	static
../BSP/ST7735/lcd.c:342:16:lcd_init	8	static
../BSP/ST7735/lcd.c:117:6:LCD_SetBrightness	0	static
../BSP/ST7735/lcd.c:124:10:LCD_GetBrightness	0	static
../BSP/ST7735/lcd.c:132:6:LCD_SoftPWMEnable	8	static
../BSP/ST7735/lcd.c:140:9:LCD_SoftPWMIsEnable	0	static
../BSP/ST7735/lcd.c:145:6:LCD_SoftPWMCtrlInit	32	static
../BSP/ST7735/lcd.c:162:6:LCD_SoftPWMCtrlDeInit	8	static
../BSP/ST7735/lcd.c:168:6:LCD_SoftPWMCtrlRun	8	static
../BSP/ST7735/lcd.c:184:6:HAL_TIM_PeriodElapsedCallback	8	static
../BSP/ST7735/lcd.c:195:6:LCD_Light	24	static
../BSP/ST7735/lcd.c:243:6:LCD_ShowChar	80	dynamic
../BSP/ST7735/lcd.c:327:6:LCD_ShowString	40	static
../BSP/ST7735/lcd.c:46:6:LCD_Test	64	static
