../BSP/ST7735/st7735.c:340:9:ST7735_DeInit	0	static
../BSP/ST7735/st7735.c:441:9:ST7735_SetBrightness	0	static
../BSP/ST7735/st7735.c:456:9:ST7735_GetBrightness	0	static
../BSP/ST7735/st7735.c:526:9:ST7735_GetOrientation	0	static
../BSP/ST7735/st7735.c:924:9:ST7735_GetXSize	0	static
../BSP/ST7735/st7735.c:938:9:ST7735_GetYSize	0	static
../BSP/ST7735/st7735.c:1039:16:ST7735_ReadRegWrap	8	static
../BSP/ST7735/st7735.c:1054:16:ST7735_WriteRegWrap	8	static
../BSP/ST7735/st7735.c:1068:16:ST7735_SendDataWrap	8	static
../BSP/ST7735/st7735.c:1081:16:ST7735_RecvDataWrap	8	static
../BSP/ST7735/st7735.c:1093:16:ST7735_IO_Delay	16	static
../BSP/ST7735/st7735.c:386:9:ST7735_DisplayOn	32	static
../BSP/ST7735/st7735.c:413:9:ST7735_DisplayOff	32	static
../BSP/ST7735/st7735.c:962:16:ST7735_SetDisplayWindow	40	static
../BSP/ST7735/st7735.c:472:9:ST7735_SetOrientation	32	static
../BSP/ST7735/st7735.c:146:9:ST7735_Init	56	static
../BSP/ST7735/st7735.c:541:9:ST7735_SetCursor	32	static
../BSP/ST7735/st7735.c:610:9:ST7735_DrawBitmap	48	static
../BSP/ST7735/st7735.c:701:9:ST7735_FillRGBRect	40	static
../BSP/ST7735/st7735.c:748:9:ST7735_DrawHLine	24	static
../BSP/ST7735/st7735.c:825:9:ST7735_FillRect	40	static
../BSP/ST7735/st7735.c:851:9:ST7735_SetPixel	16	static
../BSP/ST7735/st7735.c:791:9:ST7735_DrawVLine	32	static
../BSP/ST7735/st7735.c:353:9:ST7735_ReadID	24	static
../BSP/ST7735/st7735.c:888:9:ST7735_GetPixel	24	static
../BSP/ST7735/st7735.c:101:9:ST7735_RegisterBusIO	8	static
