Archive member included to satisfy reference by file (symbol)

C:/ST/STM32CubeIDE_1.8.0/STM32CubeIDE/plugins/com.st.stm32cube.ide.mcu.externaltools.gnu-tools-for-stm32.11.3.rel1.win32_1.1.0.202305231506/tools/bin/../lib/gcc/arm-none-eabi/11.3.1/../../../../arm-none-eabi/lib/thumb/v7e-m+dp/hard\libc_nano.a(libc_a-exit.o)
                              C:/ST/STM32CubeIDE_1.8.0/STM32CubeIDE/plugins/com.st.stm32cube.ide.mcu.externaltools.gnu-tools-for-stm32.11.3.rel1.win32_1.1.0.202305231506/tools/bin/../lib/gcc/arm-none-eabi/11.3.1/../../../../arm-none-eabi/lib/thumb/v7e-m+dp/hard/crt0.o (exit)
C:/ST/STM32CubeIDE_1.8.0/STM32CubeIDE/plugins/com.st.stm32cube.ide.mcu.externaltools.gnu-tools-for-stm32.11.3.rel1.win32_1.1.0.202305231506/tools/bin/../lib/gcc/arm-none-eabi/11.3.1/../../../../arm-none-eabi/lib/thumb/v7e-m+dp/hard\libc_nano.a(libc_a-findfp.o)
                              C:/ST/STM32CubeIDE_1.8.0/STM32CubeIDE/plugins/com.st.stm32cube.ide.mcu.externaltools.gnu-tools-for-stm32.11.3.rel1.win32_1.1.0.202305231506/tools/bin/../lib/gcc/arm-none-eabi/11.3.1/../../../../arm-none-eabi/lib/thumb/v7e-m+dp/hard\libc_nano.a(libc_a-exit.o) (__stdio_exit_handler)
C:/ST/STM32CubeIDE_1.8.0/STM32CubeIDE/plugins/com.st.stm32cube.ide.mcu.externaltools.gnu-tools-for-stm32.11.3.rel1.win32_1.1.0.202305231506/tools/bin/../lib/gcc/arm-none-eabi/11.3.1/../../../../arm-none-eabi/lib/thumb/v7e-m+dp/hard\libc_nano.a(libc_a-fwalk.o)
                              C:/ST/STM32CubeIDE_1.8.0/STM32CubeIDE/plugins/com.st.stm32cube.ide.mcu.externaltools.gnu-tools-for-stm32.11.3.rel1.win32_1.1.0.202305231506/tools/bin/../lib/gcc/arm-none-eabi/11.3.1/../../../../arm-none-eabi/lib/thumb/v7e-m+dp/hard\libc_nano.a(libc_a-findfp.o) (_fwalk_sglue)
C:/ST/STM32CubeIDE_1.8.0/STM32CubeIDE/plugins/com.st.stm32cube.ide.mcu.externaltools.gnu-tools-for-stm32.11.3.rel1.win32_1.1.0.202305231506/tools/bin/../lib/gcc/arm-none-eabi/11.3.1/../../../../arm-none-eabi/lib/thumb/v7e-m+dp/hard\libc_nano.a(libc_a-sprintf.o)
                              ./BSP/ST7735/lcd.o (sprintf)
C:/ST/STM32CubeIDE_1.8.0/STM32CubeIDE/plugins/com.st.stm32cube.ide.mcu.externaltools.gnu-tools-for-stm32.11.3.rel1.win32_1.1.0.202305231506/tools/bin/../lib/gcc/arm-none-eabi/11.3.1/../../../../arm-none-eabi/lib/thumb/v7e-m+dp/hard\libc_nano.a(libc_a-stdio.o)
                              C:/ST/STM32CubeIDE_1.8.0/STM32CubeIDE/plugins/com.st.stm32cube.ide.mcu.externaltools.gnu-tools-for-stm32.11.3.rel1.win32_1.1.0.202305231506/tools/bin/../lib/gcc/arm-none-eabi/11.3.1/../../../../arm-none-eabi/lib/thumb/v7e-m+dp/hard\libc_nano.a(libc_a-findfp.o) (__sread)
C:/ST/STM32CubeIDE_1.8.0/STM32CubeIDE/plugins/com.st.stm32cube.ide.mcu.externaltools.gnu-tools-for-stm32.11.3.rel1.win32_1.1.0.202305231506/tools/bin/../lib/gcc/arm-none-eabi/11.3.1/../../../../arm-none-eabi/lib/thumb/v7e-m+dp/hard\libc_nano.a(libc_a-memset.o)
                              C:/ST/STM32CubeIDE_1.8.0/STM32CubeIDE/plugins/com.st.stm32cube.ide.mcu.externaltools.gnu-tools-for-stm32.11.3.rel1.win32_1.1.0.202305231506/tools/bin/../lib/gcc/arm-none-eabi/11.3.1/../../../../arm-none-eabi/lib/thumb/v7e-m+dp/hard/crt0.o (memset)
C:/ST/STM32CubeIDE_1.8.0/STM32CubeIDE/plugins/com.st.stm32cube.ide.mcu.externaltools.gnu-tools-for-stm32.11.3.rel1.win32_1.1.0.202305231506/tools/bin/../lib/gcc/arm-none-eabi/11.3.1/../../../../arm-none-eabi/lib/thumb/v7e-m+dp/hard\libc_nano.a(libc_a-closer.o)
                              C:/ST/STM32CubeIDE_1.8.0/STM32CubeIDE/plugins/com.st.stm32cube.ide.mcu.externaltools.gnu-tools-for-stm32.11.3.rel1.win32_1.1.0.202305231506/tools/bin/../lib/gcc/arm-none-eabi/11.3.1/../../../../arm-none-eabi/lib/thumb/v7e-m+dp/hard\libc_nano.a(libc_a-stdio.o) (_close_r)
C:/ST/STM32CubeIDE_1.8.0/STM32CubeIDE/plugins/com.st.stm32cube.ide.mcu.externaltools.gnu-tools-for-stm32.11.3.rel1.win32_1.1.0.202305231506/tools/bin/../lib/gcc/arm-none-eabi/11.3.1/../../../../arm-none-eabi/lib/thumb/v7e-m+dp/hard\libc_nano.a(libc_a-reent.o)
                              C:/ST/STM32CubeIDE_1.8.0/STM32CubeIDE/plugins/com.st.stm32cube.ide.mcu.externaltools.gnu-tools-for-stm32.11.3.rel1.win32_1.1.0.202305231506/tools/bin/../lib/gcc/arm-none-eabi/11.3.1/../../../../arm-none-eabi/lib/thumb/v7e-m+dp/hard\libc_nano.a(libc_a-closer.o) (errno)
C:/ST/STM32CubeIDE_1.8.0/STM32CubeIDE/plugins/com.st.stm32cube.ide.mcu.externaltools.gnu-tools-for-stm32.11.3.rel1.win32_1.1.0.202305231506/tools/bin/../lib/gcc/arm-none-eabi/11.3.1/../../../../arm-none-eabi/lib/thumb/v7e-m+dp/hard\libc_nano.a(libc_a-impure.o)
                              C:/ST/STM32CubeIDE_1.8.0/STM32CubeIDE/plugins/com.st.stm32cube.ide.mcu.externaltools.gnu-tools-for-stm32.11.3.rel1.win32_1.1.0.202305231506/tools/bin/../lib/gcc/arm-none-eabi/11.3.1/../../../../arm-none-eabi/lib/thumb/v7e-m+dp/hard\libc_nano.a(libc_a-sprintf.o) (_impure_ptr)
[...]
Memory Configuration

Name             Origin             Length             Attributes
FLASH            0x0000000008000000 0x0000000000200000 xr
DTCMRAM          0x0000000020000000 0x0000000000020000 xrw
RAM_D1           0x0000000024000000 0x0000000000080000 xrw
RAM_D2           0x0000000030000000 0x0000000000048000 xrw
RAM_D3           0x0000000038000000 0x0000000000010000 xrw
ITCMRAM          0x0000000000000000 0x0000000000010000 xrw
*default*        0x0000000000000000 0xffffffffffffffff

Linker script and memory map

LOAD C:/ST/STM32CubeIDE_1.8.0/STM32CubeIDE/plugins/com.st.stm32cube.ide.mcu.externaltools.gnu-tools-for-stm32.11.3.rel1.win32_1.1.0.202305231506/tools/bin/../lib/gcc/arm-none-eabi/11.3.1/thumb/v7e-m+dp/hard/crti.o
LOAD C:/ST/STM32CubeIDE_1.8.0/STM32CubeIDE/plugins/com.st.stm32cube.ide.mcu.externaltools.gnu-tools-for-stm32.11.3.rel1.win32_1.1.0.202305231506/tools/bin/../lib/gcc/arm-none-eabi/11.3.1/thumb/v7e-m+dp/hard/crtbegin.o
LOAD C:/ST/STM32CubeIDE_1.8.0/STM32CubeIDE/plugins/com.st.stm32cube.ide.mcu.externaltools.gnu-tools-for-stm32.11.3.rel1.win32_1.1.0.202305231506/tools/bin/../lib/gcc/arm-none-eabi/11.3.1/../../../../arm-none-eabi/lib/thumb/v7e-m+dp/hard/crt0.o
LOAD ./BSP/Camera/camera.o
LOAD ./BSP/Camera/ov2640.o
LOAD ./BSP/Camera/ov2640_regs.o
LOAD ./BSP/Camera/ov5640.o
LOAD ./BSP/Camera/ov5640_regs.o
LOAD ./BSP/Camera/ov7670.o
LOAD ./BSP/Camera/ov7670_regs.o
LOAD ./BSP/Camera/ov7725.o
LOAD ./BSP/Camera/ov7725_regs.o
LOAD ./BSP/ST7735/lcd.o
LOAD ./BSP/ST7735/logo.o
LOAD ./BSP/ST7735/logo_128_160.o
LOAD ./BSP/ST7735/logo_160_80.o
LOAD ./BSP/ST7735/st7735.o
LOAD ./BSP/ST7735/st7735_reg.o
LOAD ./Core/Src/dcmi.o
LOAD ./Core/Src/dma.o
LOAD ./Core/Src/gpio.o
LOAD ./Core/Src/i2c.o
LOAD ./Core/Src/main.o
LOAD ./Core/Src/spi.o
LOAD ./Core/Src/stm32h7xx_hal_msp.o
LOAD ./Core/Src/stm32h7xx_it.o
LOAD ./Core/Src/syscalls.o
LOAD ./Core/Src/sysmem.o
LOAD ./Core/Src/system_stm32h7xx.o
LOAD ./Core/Src/tim.o
LOAD ./Core/Startup/startup_stm32h743vitx.o
LOAD ./Drivers/STM32H7xx_HAL_Driver/Src/stm32h7xx_hal.o
LOAD ./Drivers/STM32H7xx_HAL_Driver/Src/stm32h7xx_hal_cortex.o
LOAD ./Drivers/STM32H7xx_HAL_Driver/Src/stm32h7xx_hal_dcmi.o
LOAD ./Drivers/STM32H7xx_HAL_Driver/Src/stm32h7xx_hal_dma.o
LOAD ./Drivers/STM32H7xx_HAL_Driver/Src/stm32h7xx_hal_dma_ex.o
LOAD ./Drivers/STM32H7xx_HAL_Driver/Src/stm32h7xx_hal_exti.o
LOAD ./Drivers/STM32H7xx_HAL_Driver/Src/stm32h7xx_hal_flash.o
LOAD ./Drivers/STM32H7xx_HAL_Driver/Src/stm32h7xx_hal_flash_ex.o
LOAD ./Drivers/STM32H7xx_HAL_Driver/Src/stm32h7xx_hal_gpio.o
LOAD ./Drivers/STM32H7xx_HAL_Driver/Src/stm32h7xx_hal_hsem.o
LOAD ./Drivers/STM32H7xx_HAL_Driver/Src/stm32h7xx_hal_i2c.o
LOAD ./Drivers/STM32H7xx_HAL_Driver/Src/stm32h7xx_hal_i2c_ex.o
LOAD ./Drivers/STM32H7xx_HAL_Driver/Src/stm32h7xx_hal_mdma.o
LOAD ./Drivers/STM32H7xx_HAL_Driver/Src/stm32h7xx_hal_pwr.o
LOAD ./Drivers/STM32H7xx_HAL_Driver/Src/stm32h7xx_hal_pwr_ex.o
LOAD ./Drivers/STM32H7xx_HAL_Driver/Src/stm32h7xx_hal_rcc.o
LOAD ./Drivers/STM32H7xx_HAL_Driver/Src/stm32h7xx_hal_rcc_ex.o
LOAD ./Drivers/STM32H7xx_HAL_Driver/Src/stm32h7xx_hal_spi.o
LOAD ./Drivers/STM32H7xx_HAL_Driver/Src/stm32h7xx_hal_spi_ex.o
LOAD ./Drivers/STM32H7xx_HAL_Driver/Src/stm32h7xx_hal_tim.o
LOAD ./Drivers/STM32H7xx_HAL_Driver/Src/stm32h7xx_hal_tim_ex.o
START GROUP
LOAD C:/ST/STM32CubeIDE_1.8.0/STM32CubeIDE/plugins/com.st.stm32cube.ide.mcu.externaltools.gnu-tools-for-stm32.11.3.rel1.win32_1.1.0.202305231506/tools/bin/../lib/gcc/arm-none-eabi/11.3.1/../../../../arm-none-eabi/lib/thumb/v7e-m+dp/hard\libc_nano.a
LOAD C:/ST/STM32CubeIDE_1.8.0/STM32CubeIDE/plugins/com.st.stm32cube.ide.mcu.externaltools.gnu-tools-for-stm32.11.3.rel1.win32_1.1.0.202305231506/tools/bin/../lib/gcc/arm-none-eabi/11.3.1/../../../../arm-none-eabi/lib/thumb/v7e-m+dp/hard\libm.a
END GROUP
START GROUP
LOAD C:/ST/STM32CubeIDE_1.8.0/STM32CubeIDE/plugins/com.st.stm32cube.ide.mcu.externaltools.gnu-tools-for-stm32.11.3.rel1.win32_1.1.0.202305231506/tools/bin/../lib/gcc/arm-none-eabi/11.3.1/thumb/v7e-m+dp/hard\libgcc.a
LOAD C:/ST/STM32CubeIDE_1.8.0/STM32CubeIDE/plugins/com.st.stm32cube.ide.mcu.externaltools.gnu-tools-for-stm32.11.3.rel1.win32_1.1.0.202305231506/tools/bin/../lib/gcc/arm-none-eabi/11.3.1/../../../../arm-none-eabi/lib/thumb/v7e-m+dp/hard\libc_nano.a
END GROUP
START GROUP
LOAD C:/ST/STM32CubeIDE_1.8.0/STM32CubeIDE/plugins/com.st.stm32cube.ide.mcu.externaltools.gnu-tools-for-stm32.11.3.rel1.win32_1.1.0.202305231506/tools/bin/../lib/gcc/arm-none-eabi/11.3.1/thumb/v7e-m+dp/hard\libgcc.a
LOAD C:/ST/STM32CubeIDE_1.8.0/STM32CubeIDE/plugins/com.st.stm32cube.ide.mcu.externaltools.gnu-tools-for-stm32.11.3.rel1.win32_1.1.0.202305231506/tools/bin/../lib/gcc/arm-none-eabi/11.3.1/../../../../arm-none-eabi/lib/thumb/v7e-m+dp/hard\libc_nano.a
LOAD C:/ST/STM32CubeIDE_1.8.0/STM32CubeIDE/plugins/com.st.stm32cube.ide.mcu.externaltools.gnu-tools-for-stm32.11.3.rel1.win32_1.1.0.202305231506/tools/bin/../lib/gcc/arm-none-eabi/11.3.1/../../../../arm-none-eabi/lib/thumb/v7e-m+dp/hard\libnosys.a
END GROUP
START GROUP
LOAD C:/ST/STM32CubeIDE_1.8.0/STM32CubeIDE/plugins/com.st.stm32cube.ide.mcu.externaltools.gnu-tools-for-stm32.11.3.rel1.win32_1.1.0.202305231506/tools/bin/../lib/gcc/arm-none-eabi/11.3.1/thumb/v7e-m+dp/hard\libgcc.a
LOAD C:/ST/STM32CubeIDE_1.8.0/STM32CubeIDE/plugins/com.st.stm32cube.ide.mcu.externaltools.gnu-tools-for-stm32.11.3.rel1.win32_1.1.0.202305231506/tools/bin/../lib/gcc/arm-none-eabi/11.3.1/../../../../arm-none-eabi/lib/thumb/v7e-m+dp/hard\libc_nano.a
LOAD C:/ST/STM32CubeIDE_1.8.0/STM32CubeIDE/plugins/com.st.stm32cube.ide.mcu.externaltools.gnu-tools-for-stm32.11.3.rel1.win32_1.1.0.202305231506/tools/bin/../lib/gcc/arm-none-eabi/11.3.1/../../../../arm-none-eabi/lib/thumb/v7e-m+dp/hard\libnosys.a
END GROUP
LOAD C:/ST/STM32CubeIDE_1.8.0/STM32CubeIDE/plugins/com.st.stm32cube.ide.mcu.externaltools.gnu-tools-for-stm32.11.3.rel1.win32_1.1.0.202305231506/tools/bin/../lib/gcc/arm-none-eabi/11.3.1/thumb/v7e-m+dp/hard/crtend.o
LOAD C:/ST/STM32CubeIDE_1.8.0/STM32CubeIDE/plugins/com.st.stm32cube.ide.mcu.externaltools.gnu-tools-for-stm32.11.3.rel1.win32_1.1.0.202305231506/tools/bin/../lib/gcc/arm-none-eabi/11.3.1/thumb/v7e-m+dp/hard/crtn.o
                0x0000000024080000                _estack = (ORIGIN (RAM_D1) + LENGTH (RAM_D1))
                0x0000000000000200                _Min_Heap_Size = 0x200
                0x0000000000000400                _Min_Stack_Size = 0x400

.isr_vector     0x0000000008000000      0x298
                0x0000000008000000                . = ALIGN (0x4)
 *(.isr_vector)
 .isr_vector    0x0000000008000000      0x298 ./Core/Startup/startup_stm32h743vitx.o
                0x0000000008000000                g_pfnVectors
                0x0000000008000298                . = ALIGN (0x4)

.text           0x00000000080002a0     0x7d04
                0x00000000080002a0                . = ALIGN (0x4)
 *(.text)
 .text          0x00000000080002a0       0x40 C:/ST/STM32CubeIDE_1.8.0/STM32CubeIDE/plugins/com.st.stm32cube.ide.mcu.externaltools.gnu-tools-for-stm32.11.3.rel1.win32_1.1.0.202305231506/tools/bin/../lib/gcc/arm-none-eabi/11.3.1/thumb/v7e-m+dp/hard/crtbegin.o
 .text          0x00000000080002e0       0xa0 C:/ST/STM32CubeIDE_1.8.0/STM32CubeIDE/plugins/com.st.stm32cube.ide.mcu.externaltools.gnu-tools-for-stm32.11.3.rel1.win32_1.1.0.202305231506/tools/bin/../lib/gcc/arm-none-eabi/11.3.1/../../../../arm-none-eabi/lib/thumb/v7e-m+dp/hard\libc_nano.a(libc_a-memchr.o)
                0x00000000080002e0                memchr
 *(.text*)
 .text.Camera_WriteReg
                0x0000000008000380       0x28 ./BSP/Camera/camera.o
                0x0000000008000380                Camera_WriteReg
 .text.Camera_ReadReg
                0x00000000080003a8       0x3c ./BSP/Camera/camera.o
                0x00000000080003a8                Camera_ReadReg
 .text.Camera_WriteRegb2
                0x00000000080003e4       0x2e ./BSP/Camera/camera.o
                0x00000000080003e4                Camera_WriteRegb2
 .text.Camera_ReadRegb2
                0x0000000008000412       0x24 ./BSP/Camera/camera.o
                0x0000000008000412                Camera_ReadRegb2
 *fill*         0x0000000008000436        0x2 
 .text.Camera_read_id
                0x0000000008000438       0x7c ./BSP/Camera/camera.o
                0x0000000008000438                Camera_read_id
 .text.Camera_Init_Device
                0x00000000080004b4       0xa4 ./BSP/Camera/camera.o
                0x00000000080004b4                Camera_Init_Device
 .text.wrSensorRegs
                0x0000000008000558       0x20 ./BSP/Camera/ov2640.o
 .text.OV2640_RD_Reg
                0x0000000008000578       0x1c ./BSP/Camera/ov2640.o
 .text.OV2640_WR_Reg.isra.0
                0x0000000008000594       0x1c ./BSP/Camera/ov2640.o
 .text.ov2640_init
                0x00000000080005b0      0x168 ./BSP/Camera/ov2640.o
                0x00000000080005b0                ov2640_init
 .text.calculate_hts
                0x0000000008000718       0x48 ./BSP/Camera/ov5640.o
 .text.ov5640_init
                0x0000000008000760      0x50c ./BSP/Camera/ov5640.o
                0x0000000008000760                ov5640_init
 .text.OV7670_WriteReg
                0x0000000008000c6c       0x30 ./BSP/Camera/ov7670.o
                0x0000000008000c6c                OV7670_WriteReg
 .text.OV7670_ReadReg
                0x0000000008000c9c       0x40 ./BSP/Camera/ov7670.o
                0x0000000008000c9c                OV7670_ReadReg
 .text.OV7670_Reset
                0x0000000008000cdc       0x2c ./BSP/Camera/ov7670.o
                0x0000000008000cdc                OV7670_Reset
 .text.OV7670_WriteRegList
                0x0000000008000d08       0x24 ./BSP/Camera/ov7670.o
                0x0000000008000d08                OV7670_WriteRegList
 .text.OV7670_Config
                0x0000000008000d2c       0xb8 ./BSP/Camera/ov7670.o
                0x0000000008000d2c                OV7670_Config
 .text.ov7725_RD_Reg.isra.0
                0x0000000008000de4       0x10 ./BSP/Camera/ov7725.o
 .text.ov7725_set_framesize.isra.0
                0x0000000008000df4      0x1dc ./BSP/Camera/ov7725.o
 .text.ov7725_init
                0x0000000008000fd0       0xf0 ./BSP/Camera/ov7725.o
                0x0000000008000fd0                ov7725_init
 .text.lcd_gettick
                0x00000000080010c0        0x4 ./BSP/ST7735/lcd.o
 .text.lcd_recvdata
                0x00000000080010c4       0x44 ./BSP/ST7735/lcd.o
 .text.lcd_senddata
                0x0000000008001108       0x40 ./BSP/ST7735/lcd.o
 .text.lcd_readreg
                0x0000000008001148       0x70 ./BSP/ST7735/lcd.o
 .text.lcd_writereg
                0x00000000080011b8       0x70 ./BSP/ST7735/lcd.o
 .text.lcd_init
                0x0000000008001228       0x14 ./BSP/ST7735/lcd.o
 .text.LCD_SetBrightness
                0x000000000800123c       0x20 ./BSP/ST7735/lcd.o
                0x000000000800123c                LCD_SetBrightness
 .text.LCD_GetBrightness
                0x000000000800125c       0x20 ./BSP/ST7735/lcd.o
                0x000000000800125c                LCD_GetBrightness
 .text.LCD_SoftPWMCtrlRun
                0x000000000800127c       0x34 ./BSP/ST7735/lcd.o
                0x000000000800127c                LCD_SoftPWMCtrlRun
 .text.HAL_TIM_PeriodElapsedCallback
                0x00000000080012b0       0x14 ./BSP/ST7735/lcd.o
                0x00000000080012b0                HAL_TIM_PeriodElapsedCallback
 .text.LCD_Light
                0x00000000080012c4       0x78 ./BSP/ST7735/lcd.o
                0x00000000080012c4                LCD_Light
 .text.LCD_ShowChar
                0x000000000800133c      0x20c ./BSP/ST7735/lcd.o
                0x000000000800133c                LCD_ShowChar
 .text.LCD_ShowString
                0x0000000008001548       0x56 ./BSP/ST7735/lcd.o
                0x0000000008001548                LCD_ShowString
 *fill*         0x000000000800159e        0x2 
 .text.LCD_Test
                0x00000000080015a0      0x1c8 ./BSP/ST7735/lcd.o
                0x00000000080015a0                LCD_Test
 .text.ST7735_DeInit
                0x0000000008001768        0x4 ./BSP/ST7735/st7735.o
                0x0000000008001768                ST7735_DeInit
 .text.ST7735_SetBrightness
                0x000000000800176c        0x6 ./BSP/ST7735/st7735.o
                0x000000000800176c                ST7735_SetBrightness
 .text.ST7735_GetBrightness
                0x0000000008001772        0x6 ./BSP/ST7735/st7735.o
                0x0000000008001772                ST7735_GetBrightness
 .text.ST7735_GetOrientation
                0x0000000008001778       0x10 ./BSP/ST7735/st7735.o
                0x0000000008001778                ST7735_GetOrientation
 .text.ST7735_GetXSize
                0x0000000008001788       0x10 ./BSP/ST7735/st7735.o
                0x0000000008001788                ST7735_GetXSize
 .text.ST7735_GetYSize
                0x0000000008001798       0x10 ./BSP/ST7735/st7735.o
                0x0000000008001798                ST7735_GetYSize
 .text.ST7735_ReadRegWrap
                0x00000000080017a8        0xa ./BSP/ST7735/st7735.o
 .text.ST7735_WriteRegWrap
                0x00000000080017b2       0x14 ./BSP/ST7735/st7735.o
 .text.ST7735_SendDataWrap
                0x00000000080017c6        0xa ./BSP/ST7735/st7735.o
 .text.ST7735_RecvDataWrap
                0x00000000080017d0        0xa ./BSP/ST7735/st7735.o
 *fill*         0x00000000080017da        0x2 
 .text.ST7735_SetDisplayWindow
                0x00000000080017dc      0x144 ./BSP/ST7735/st7735.o
 .text.ST7735_SetOrientation
                0x0000000008001920       0xa0 ./BSP/ST7735/st7735.o
                0x0000000008001920                ST7735_SetOrientation
 .text.ST7735_SetCursor
                0x00000000080019c0       0xe0 ./BSP/ST7735/st7735.o
                0x00000000080019c0                ST7735_SetCursor
 .text.ST7735_DrawBitmap
                0x0000000008001aa0      0x14c ./BSP/ST7735/st7735.o
                0x0000000008001aa0                ST7735_DrawBitmap
 .text.ST7735_SetPixel
                0x0000000008001bec       0x48 ./BSP/ST7735/st7735.o
                0x0000000008001bec                ST7735_SetPixel
 .text.ST7735_ReadID
                0x0000000008001c34       0x54 ./BSP/ST7735/st7735.o
                0x0000000008001c34                ST7735_ReadID
 .text.ST7735_GetPixel
                0x0000000008001c88       0x62 ./BSP/ST7735/st7735.o
                0x0000000008001c88                ST7735_GetPixel
 *fill*         0x0000000008001cea        0x2 
 .text.ST7735_FillRGBRect
                0x0000000008001cec       0x8c ./BSP/ST7735/st7735.o
                0x0000000008001cec                ST7735_FillRGBRect
 .text.ST7735_DrawHLine
                0x0000000008001d78       0x5c ./BSP/ST7735/st7735.o
                0x0000000008001d78                ST7735_DrawHLine
 .text.ST7735_FillRect
                0x0000000008001dd4       0x38 ./BSP/ST7735/st7735.o
                0x0000000008001dd4                ST7735_FillRect
 .text.ST7735_DrawVLine
                0x0000000008001e0c       0x38 ./BSP/ST7735/st7735.o
                0x0000000008001e0c                ST7735_DrawVLine
 .text.ST7735_IO_Delay.isra.0
                0x0000000008001e44       0x18 ./BSP/ST7735/st7735.o
 .text.ST7735_Init
                0x0000000008001e5c      0x578 ./BSP/ST7735/st7735.o
                0x0000000008001e5c                ST7735_Init
 .text.ST7735_DisplayOff
                0x00000000080023d4       0x88 ./BSP/ST7735/st7735.o
                0x00000000080023d4                ST7735_DisplayOff
 .text.ST7735_DisplayOn
                0x000000000800245c       0x88 ./BSP/ST7735/st7735.o
                0x000000000800245c                ST7735_DisplayOn
 .text.ST7735_RegisterBusIO
                0x00000000080024e4       0x50 ./BSP/ST7735/st7735.o
                0x00000000080024e4                ST7735_RegisterBusIO
 .text.st7735_read_reg
                0x0000000008002534        0x6 ./BSP/ST7735/st7735_reg.o
                0x0000000008002534                st7735_read_reg
 .text.st7735_write_reg
                0x000000000800253a        0xe ./BSP/ST7735/st7735_reg.o
                0x000000000800253a                st7735_write_reg
 .text.st7735_send_data
                0x0000000008002548        0x6 ./BSP/ST7735/st7735_reg.o
                0x0000000008002548                st7735_send_data
 .text.st7735_recv_data
                0x000000000800254e        0x6 ./BSP/ST7735/st7735_reg.o
                0x000000000800254e                st7735_recv_data
 .text.MX_DCMI_Init
                0x0000000008002554       0x3c ./Core/Src/dcmi.o
                0x0000000008002554                MX_DCMI_Init
 .text.HAL_DCMI_MspInit
                0x0000000008002590      0x184 ./Core/Src/dcmi.o
                0x0000000008002590                HAL_DCMI_MspInit
 .text.MX_DMA_Init
                0x0000000008002714       0x38 ./Core/Src/dma.o
                0x0000000008002714                MX_DMA_Init
 .text.MX_GPIO_Init
                0x000000000800274c      0x190 ./Core/Src/gpio.o
                0x000000000800274c                MX_GPIO_Init
 .text.MX_I2C1_Init
                0x00000000080028dc       0x5c ./Core/Src/i2c.o
                0x00000000080028dc                MX_I2C1_Init
 .text.HAL_I2C_MspInit
                0x0000000008002938       0x98 ./Core/Src/i2c.o
                0x0000000008002938                HAL_I2C_MspInit
 .text.SystemClock_Config
                0x00000000080029d0       0xc0 ./Core/Src/main.o
                0x00000000080029d0                SystemClock_Config
 .text.startup.main
                0x0000000008002a90      0x148 ./Core/Src/main.o
                0x0000000008002a90                main
 .text.HAL_DCMI_FrameEventCallback
                0x0000000008002bd8       0x44 ./Core/Src/main.o
                0x0000000008002bd8                HAL_DCMI_FrameEventCallback
 .text.Error_Handler
                0x0000000008002c1c        0x4 ./Core/Src/main.o
                0x0000000008002c1c                Error_Handler
 .text.MX_SPI4_Init
                0x0000000008002c20       0x64 ./Core/Src/spi.o
                0x0000000008002c20                MX_SPI4_Init
 .text.HAL_SPI_MspInit
                0x0000000008002c84       0x98 ./Core/Src/spi.o
                0x0000000008002c84                HAL_SPI_MspInit
 .text.HAL_MspInit
                0x0000000008002d1c       0x24 ./Core/Src/stm32h7xx_hal_msp.o
                0x0000000008002d1c                HAL_MspInit
 .text.NMI_Handler
                0x0000000008002d40        0x2 ./Core/Src/stm32h7xx_it.o
                0x0000000008002d40                NMI_Handler
 .text.HardFault_Handler
                0x0000000008002d42        0x2 ./Core/Src/stm32h7xx_it.o
                0x0000000008002d42                HardFault_Handler
 .text.MemManage_Handler
                0x0000000008002d44        0x2 ./Core/Src/stm32h7xx_it.o
                0x0000000008002d44                MemManage_Handler
 .text.BusFault_Handler
                0x0000000008002d46        0x2 ./Core/Src/stm32h7xx_it.o
                0x0000000008002d46                BusFault_Handler
 .text.UsageFault_Handler
                0x0000000008002d48        0x2 ./Core/Src/stm32h7xx_it.o
                0x0000000008002d48                UsageFault_Handler
 .text.SVC_Handler
                0x0000000008002d4a        0x2 ./Core/Src/stm32h7xx_it.o
                0x0000000008002d4a                SVC_Handler
 .text.DebugMon_Handler
                0x0000000008002d4c        0x2 ./Core/Src/stm32h7xx_it.o
                0x0000000008002d4c                DebugMon_Handler
 .text.PendSV_Handler
                0x0000000008002d4e        0x2 ./Core/Src/stm32h7xx_it.o
                0x0000000008002d4e                PendSV_Handler
 .text.SysTick_Handler
                0x0000000008002d50        0x4 ./Core/Src/stm32h7xx_it.o
                0x0000000008002d50                SysTick_Handler
 .text.DMA1_Stream0_IRQHandler
                0x0000000008002d54        0xc ./Core/Src/stm32h7xx_it.o
                0x0000000008002d54                DMA1_Stream0_IRQHandler
 .text.DCMI_IRQHandler
                0x0000000008002d60        0xc ./Core/Src/stm32h7xx_it.o
                0x0000000008002d60                DCMI_IRQHandler
 .text.TIM16_IRQHandler
                0x0000000008002d6c        0xc ./Core/Src/stm32h7xx_it.o
                0x0000000008002d6c                TIM16_IRQHandler
 .text._sbrk    0x0000000008002d78       0x40 ./Core/Src/sysmem.o
                0x0000000008002d78                _sbrk
 .text.SystemInit
                0x0000000008002db8       0xc0 ./Core/Src/system_stm32h7xx.o
                0x0000000008002db8                SystemInit
 .text.HAL_TIM_PWM_MspInit
                0x0000000008002e78       0x30 ./Core/Src/tim.o
                0x0000000008002e78                HAL_TIM_PWM_MspInit
 .text.HAL_TIM_MspPostInit
                0x0000000008002ea8       0x58 ./Core/Src/tim.o
                0x0000000008002ea8                HAL_TIM_MspPostInit
 .text.MX_TIM1_Init
                0x0000000008002f00       0xbc ./Core/Src/tim.o
                0x0000000008002f00                MX_TIM1_Init
 .text.Reset_Handler
                0x0000000008002fbc       0x50 ./Core/Startup/startup_stm32h743vitx.o
                0x0000000008002fbc                Reset_Handler
 .text.Default_Handler
                0x000000000800300c        0x2 ./Core/Startup/startup_stm32h743vitx.o
                0x000000000800300c                RTC_Alarm_IRQHandler
                0x000000000800300c                EXTI2_IRQHandler
                0x000000000800300c                TIM8_CC_IRQHandler
                0x000000000800300c                HRTIM1_Master_IRQHandler
                0x000000000800300c                UART8_IRQHandler
                0x000000000800300c                SPI4_IRQHandler
                0x000000000800300c                TIM1_CC_IRQHandler
                0x000000000800300c                BDMA_Channel6_IRQHandler
                0x000000000800300c                DMA2_Stream5_IRQHandler
                0x000000000800300c                HRTIM1_FLT_IRQHandler
                0x000000000800300c                JPEG_IRQHandler
                0x000000000800300c                DMA1_Stream5_IRQHandler
                0x000000000800300c                BDMA_Channel1_IRQHandler
                0x000000000800300c                HRTIM1_TIMD_IRQHandler
                0x000000000800300c                TAMP_STAMP_IRQHandler
                0x000000000800300c                EXTI3_IRQHandler
                0x000000000800300c                LPTIM4_IRQHandler
                0x000000000800300c                TIM8_TRG_COM_TIM14_IRQHandler
                0x000000000800300c                LPTIM2_IRQHandler
                0x000000000800300c                DFSDM1_FLT1_IRQHandler
                0x000000000800300c                DMAMUX2_OVR_IRQHandler
                0x000000000800300c                TIM8_UP_TIM13_IRQHandler
                0x000000000800300c                I2C3_ER_IRQHandler
                0x000000000800300c                DFSDM1_FLT2_IRQHandler
                0x000000000800300c                MDMA_IRQHandler
                0x000000000800300c                LPTIM3_IRQHandler
                0x000000000800300c                HSEM1_IRQHandler
                0x000000000800300c                EXTI0_IRQHandler
                0x000000000800300c                I2C2_EV_IRQHandler
                0x000000000800300c                DMA1_Stream2_IRQHandler
                0x000000000800300c                FPU_IRQHandler
                0x000000000800300c                OTG_HS_WKUP_IRQHandler
                0x000000000800300c                FDCAN1_IT1_IRQHandler
                0x000000000800300c                LTDC_ER_IRQHandler
                0x000000000800300c                DMA2_Stream2_IRQHandler
                0x000000000800300c                HRTIM1_TIME_IRQHandler
                0x000000000800300c                SPI1_IRQHandler
                0x000000000800300c                TIM6_DAC_IRQHandler
                0x000000000800300c                HRTIM1_TIMC_IRQHandler
                0x000000000800300c                DMA2_Stream3_IRQHandler
                0x000000000800300c                SAI2_IRQHandler
                0x000000000800300c                DFSDM1_FLT3_IRQHandler
                0x000000000800300c                USART6_IRQHandler
                0x000000000800300c                TIM17_IRQHandler
                0x000000000800300c                USART3_IRQHandler
                0x000000000800300c                BDMA_Channel7_IRQHandler
                0x000000000800300c                LPTIM5_IRQHandler
                0x000000000800300c                UART5_IRQHandler
                0x000000000800300c                ADC3_IRQHandler
                0x000000000800300c                DMA2_Stream0_IRQHandler
                0x000000000800300c                TIM4_IRQHandler
                0x000000000800300c                BDMA_Channel2_IRQHandler
                0x000000000800300c                QUADSPI_IRQHandler
                0x000000000800300c                I2C1_EV_IRQHandler
                0x000000000800300c                DMA1_Stream6_IRQHandler
                0x000000000800300c                DMAMUX1_OVR_IRQHandler
                0x000000000800300c                DMA1_Stream1_IRQHandler
                0x000000000800300c                UART4_IRQHandler
                0x000000000800300c                BDMA_Channel5_IRQHandler
                0x000000000800300c                TIM3_IRQHandler
                0x000000000800300c                RCC_IRQHandler
                0x000000000800300c                TIM8_BRK_TIM12_IRQHandler
                0x000000000800300c                TIM1_TRG_COM_IRQHandler
                0x000000000800300c                Default_Handler
                0x000000000800300c                ECC_IRQHandler
                0x000000000800300c                CEC_IRQHandler
                0x000000000800300c                EXTI15_10_IRQHandler
                0x000000000800300c                BDMA_Channel0_IRQHandler
                0x000000000800300c                ADC_IRQHandler
                0x000000000800300c                DMA1_Stream7_IRQHandler
                0x000000000800300c                HRTIM1_TIMA_IRQHandler
                0x000000000800300c                SPI5_IRQHandler
                0x000000000800300c                TIM7_IRQHandler
                0x000000000800300c                SDMMC1_IRQHandler
                0x000000000800300c                TIM5_IRQHandler
                0x000000000800300c                DMA2_Stream7_IRQHandler
                0x000000000800300c                TIM15_IRQHandler
                0x000000000800300c                PVD_AVD_IRQHandler
                0x000000000800300c                I2C3_EV_IRQHandler
                0x000000000800300c                EXTI9_5_IRQHandler
                0x000000000800300c                RTC_WKUP_IRQHandler
                0x000000000800300c                LTDC_IRQHandler
                0x000000000800300c                SAI3_IRQHandler
                0x000000000800300c                ETH_WKUP_IRQHandler
                0x000000000800300c                SPDIF_RX_IRQHandler
                0x000000000800300c                SPI2_IRQHandler
                0x000000000800300c                OTG_HS_EP1_IN_IRQHandler
                0x000000000800300c                CRS_IRQHandler
                0x000000000800300c                EXTI4_IRQHandler
                0x000000000800300c                RNG_IRQHandler
                0x000000000800300c                HRTIM1_TIMB_IRQHandler
                0x000000000800300c                FDCAN2_IT1_IRQHandler
                0x000000000800300c                ETH_IRQHandler
                0x000000000800300c                TIM1_UP_IRQHandler
                0x000000000800300c                BDMA_Channel4_IRQHandler
                0x000000000800300c                OTG_HS_EP1_OUT_IRQHandler
                0x000000000800300c                WWDG_IRQHandler
                0x000000000800300c                SPI6_IRQHandler
                0x000000000800300c                MDIOS_IRQHandler
                0x000000000800300c                I2C4_EV_IRQHandler
                0x000000000800300c                FDCAN2_IT0_IRQHandler
                0x000000000800300c                LPUART1_IRQHandler
                0x000000000800300c                FDCAN1_IT0_IRQHandler
                0x000000000800300c                TIM2_IRQHandler
                0x000000000800300c                OTG_FS_WKUP_IRQHandler
                0x000000000800300c                OTG_HS_IRQHandler
                0x000000000800300c                DMA2D_IRQHandler
                0x000000000800300c                TIM1_BRK_IRQHandler
                0x000000000800300c                EXTI1_IRQHandler
                0x000000000800300c                SDMMC2_IRQHandler
                0x000000000800300c                OTG_FS_EP1_OUT_IRQHandler
                0x000000000800300c                BDMA_Channel3_IRQHandler
                0x000000000800300c                UART7_IRQHandler
                0x000000000800300c                MDIOS_WKUP_IRQHandler
                0x000000000800300c                USART2_IRQHandler
                0x000000000800300c                DFSDM1_FLT0_IRQHandler
                0x000000000800300c                SAI4_IRQHandler
                0x000000000800300c                I2C2_ER_IRQHandler
                0x000000000800300c                DMA2_Stream1_IRQHandler
                0x000000000800300c                FLASH_IRQHandler
                0x000000000800300c                DMA2_Stream4_IRQHandler
                0x000000000800300c                USART1_IRQHandler
                0x000000000800300c                OTG_FS_IRQHandler
                0x000000000800300c                SPI3_IRQHandler
                0x000000000800300c                WAKEUP_PIN_IRQHandler
                0x000000000800300c                DMA1_Stream4_IRQHandler
                0x000000000800300c                OTG_FS_EP1_IN_IRQHandler
                0x000000000800300c                I2C1_ER_IRQHandler
                0x000000000800300c                FMC_IRQHandler
                0x000000000800300c                FDCAN_CAL_IRQHandler
                0x000000000800300c                SWPMI1_IRQHandler
                0x000000000800300c                COMP1_IRQHandler
                0x000000000800300c                LPTIM1_IRQHandler
                0x000000000800300c                I2C4_ER_IRQHandler
                0x000000000800300c                DMA2_Stream6_IRQHandler
                0x000000000800300c                SAI1_IRQHandler
                0x000000000800300c                DMA1_Stream3_IRQHandler
 *fill*         0x000000000800300e        0x2 
 .text.HAL_InitTick
                0x0000000008003010       0x4c ./Drivers/STM32H7xx_HAL_Driver/Src/stm32h7xx_hal.o
                0x0000000008003010                HAL_InitTick
 .text.HAL_Init
                0x000000000800305c       0x5c ./Drivers/STM32H7xx_HAL_Driver/Src/stm32h7xx_hal.o
                0x000000000800305c                HAL_Init
 .text.HAL_IncTick
                0x00000000080030b8       0x18 ./Drivers/STM32H7xx_HAL_Driver/Src/stm32h7xx_hal.o
                0x00000000080030b8                HAL_IncTick
 .text.HAL_GetTick
                0x00000000080030d0        0xc ./Drivers/STM32H7xx_HAL_Driver/Src/stm32h7xx_hal.o
                0x00000000080030d0                HAL_GetTick
 .text.HAL_Delay
                0x00000000080030dc       0x24 ./Drivers/STM32H7xx_HAL_Driver/Src/stm32h7xx_hal.o
                0x00000000080030dc                HAL_Delay
 .text.HAL_GetREVID
                0x0000000008003100        0xc ./Drivers/STM32H7xx_HAL_Driver/Src/stm32h7xx_hal.o
                0x0000000008003100                HAL_GetREVID
 .text.HAL_GetDEVID
                0x000000000800310c       0x10 ./Drivers/STM32H7xx_HAL_Driver/Src/stm32h7xx_hal.o
                0x000000000800310c                HAL_GetDEVID
 .text.HAL_NVIC_SetPriorityGrouping
                0x000000000800311c       0x24 ./Drivers/STM32H7xx_HAL_Driver/Src/stm32h7xx_hal_cortex.o
                0x000000000800311c                HAL_NVIC_SetPriorityGrouping
 .text.HAL_NVIC_SetPriority
                0x0000000008003140       0x64 ./Drivers/STM32H7xx_HAL_Driver/Src/stm32h7xx_hal_cortex.o
                0x0000000008003140                HAL_NVIC_SetPriority
 .text.HAL_NVIC_EnableIRQ
                0x00000000080031a4       0x1c ./Drivers/STM32H7xx_HAL_Driver/Src/stm32h7xx_hal_cortex.o
                0x00000000080031a4                HAL_NVIC_EnableIRQ
 .text.HAL_SYSTICK_Config
                0x00000000080031c0       0x28 ./Drivers/STM32H7xx_HAL_Driver/Src/stm32h7xx_hal_cortex.o
                0x00000000080031c0                HAL_SYSTICK_Config
 .text.DCMI_DMAXferCplt
                0x00000000080031e8       0x7c ./Drivers/STM32H7xx_HAL_Driver/Src/stm32h7xx_hal_dcmi.o
 .text.HAL_DCMI_Init
                0x0000000008003264       0x90 ./Drivers/STM32H7xx_HAL_Driver/Src/stm32h7xx_hal_dcmi.o
                0x0000000008003264                HAL_DCMI_Init
 .text.HAL_DCMI_Start_DMA
                0x00000000080032f4       0xe0 ./Drivers/STM32H7xx_HAL_Driver/Src/stm32h7xx_hal_dcmi.o
                0x00000000080032f4                HAL_DCMI_Start_DMA
 .text.HAL_DCMI_ErrorCallback
                0x00000000080033d4        0x2 ./Drivers/STM32H7xx_HAL_Driver/Src/stm32h7xx_hal_dcmi.o
                0x00000000080033d4                HAL_DCMI_ErrorCallback
 .text.DCMI_DMAError
                0x00000000080033d6       0x20 ./Drivers/STM32H7xx_HAL_Driver/Src/stm32h7xx_hal_dcmi.o
 .text.HAL_DCMI_LineEventCallback
                0x00000000080033f6        0x2 ./Drivers/STM32H7xx_HAL_Driver/Src/stm32h7xx_hal_dcmi.o
                0x00000000080033f6                HAL_DCMI_LineEventCallback
 .text.HAL_DCMI_VsyncEventCallback
                0x00000000080033f8        0x2 ./Drivers/STM32H7xx_HAL_Driver/Src/stm32h7xx_hal_dcmi.o
                0x00000000080033f8                HAL_DCMI_VsyncEventCallback
 *fill*         0x00000000080033fa        0x2 
 .text.HAL_DCMI_IRQHandler
                0x00000000080033fc       0x94 ./Drivers/STM32H7xx_HAL_Driver/Src/stm32h7xx_hal_dcmi.o
                0x00000000080033fc                HAL_DCMI_IRQHandler
 .text.DMA_SetConfig
                0x0000000008003490      0x184 ./Drivers/STM32H7xx_HAL_Driver/Src/stm32h7xx_hal_dma.o
 .text.DMA_CalcBaseAndBitshift
                0x0000000008003614       0x98 ./Drivers/STM32H7xx_HAL_Driver/Src/stm32h7xx_hal_dma.o
 .text.DMA_CalcDMAMUXChannelBaseAndMask
                0x00000000080036ac       0x98 ./Drivers/STM32H7xx_HAL_Driver/Src/stm32h7xx_hal_dma.o
 .text.DMA_CalcDMAMUXRequestGenBaseAndMask
                0x0000000008003744       0x70 ./Drivers/STM32H7xx_HAL_Driver/Src/stm32h7xx_hal_dma.o
 .text.HAL_DMA_Init
                0x00000000080037b4      0x340 ./Drivers/STM32H7xx_HAL_Driver/Src/stm32h7xx_hal_dma.o
                0x00000000080037b4                HAL_DMA_Init
 .text.HAL_DMA_Start_IT
                0x0000000008003af4      0x234 ./Drivers/STM32H7xx_HAL_Driver/Src/stm32h7xx_hal_dma.o
                0x0000000008003af4                HAL_DMA_Start_IT
 .text.HAL_DMA_Abort_IT
                0x0000000008003d28      0x120 ./Drivers/STM32H7xx_HAL_Driver/Src/stm32h7xx_hal_dma.o
                0x0000000008003d28                HAL_DMA_Abort_IT
 .text.HAL_DMA_IRQHandler
                0x0000000008003e48      0x39c ./Drivers/STM32H7xx_HAL_Driver/Src/stm32h7xx_hal_dma.o
                0x0000000008003e48                HAL_DMA_IRQHandler
 .text.DMA_MultiBufferSetConfig
                0x00000000080041e4       0x60 ./Drivers/STM32H7xx_HAL_Driver/Src/stm32h7xx_hal_dma_ex.o
 .text.HAL_DMAEx_MultiBufferStart_IT
                0x0000000008004244      0x360 ./Drivers/STM32H7xx_HAL_Driver/Src/stm32h7xx_hal_dma_ex.o
                0x0000000008004244                HAL_DMAEx_MultiBufferStart_IT
 .text.HAL_DMAEx_ChangeMemory
                0x00000000080045a4       0x58 ./Drivers/STM32H7xx_HAL_Driver/Src/stm32h7xx_hal_dma_ex.o
                0x00000000080045a4                HAL_DMAEx_ChangeMemory
 .text.HAL_GPIO_Init
                0x00000000080045fc      0x1d4 ./Drivers/STM32H7xx_HAL_Driver/Src/stm32h7xx_hal_gpio.o
                0x00000000080045fc                HAL_GPIO_Init
 .text.HAL_GPIO_ReadPin
                0x00000000080047d0        0xc ./Drivers/STM32H7xx_HAL_Driver/Src/stm32h7xx_hal_gpio.o
                0x00000000080047d0                HAL_GPIO_ReadPin
 .text.HAL_GPIO_WritePin
                0x00000000080047dc        0xa ./Drivers/STM32H7xx_HAL_Driver/Src/stm32h7xx_hal_gpio.o
                0x00000000080047dc                HAL_GPIO_WritePin
 .text.HAL_GPIO_TogglePin
                0x00000000080047e6       0x12 ./Drivers/STM32H7xx_HAL_Driver/Src/stm32h7xx_hal_gpio.o
                0x00000000080047e6                HAL_GPIO_TogglePin
 .text.I2C_Flush_TXDR
                0x00000000080047f8       0x1c ./Drivers/STM32H7xx_HAL_Driver/Src/stm32h7xx_hal_i2c.o
 .text.I2C_TransferConfig
                0x0000000008004814       0x2c ./Drivers/STM32H7xx_HAL_Driver/Src/stm32h7xx_hal_i2c.o
 .text.I2C_IsErrorOccurred
                0x0000000008004840      0x100 ./Drivers/STM32H7xx_HAL_Driver/Src/stm32h7xx_hal_i2c.o
 .text.I2C_WaitOnTXISFlagUntilTimeout
                0x0000000008004940       0x56 ./Drivers/STM32H7xx_HAL_Driver/Src/stm32h7xx_hal_i2c.o
 .text.I2C_WaitOnFlagUntilTimeout
                0x0000000008004996       0x66 ./Drivers/STM32H7xx_HAL_Driver/Src/stm32h7xx_hal_i2c.o
 .text.I2C_WaitOnSTOPFlagUntilTimeout
                0x00000000080049fc       0x52 ./Drivers/STM32H7xx_HAL_Driver/Src/stm32h7xx_hal_i2c.o
 .text.I2C_WaitOnRXNEFlagUntilTimeout
                0x0000000008004a4e       0x94 ./Drivers/STM32H7xx_HAL_Driver/Src/stm32h7xx_hal_i2c.o
 .text.HAL_I2C_Init
                0x0000000008004ae2       0xa2 ./Drivers/STM32H7xx_HAL_Driver/Src/stm32h7xx_hal_i2c.o
                0x0000000008004ae2                HAL_I2C_Init
 .text.HAL_I2C_Master_Transmit
                0x0000000008004b84      0x12c ./Drivers/STM32H7xx_HAL_Driver/Src/stm32h7xx_hal_i2c.o
                0x0000000008004b84                HAL_I2C_Master_Transmit
 .text.HAL_I2C_Master_Receive
                0x0000000008004cb0      0x130 ./Drivers/STM32H7xx_HAL_Driver/Src/stm32h7xx_hal_i2c.o
                0x0000000008004cb0                HAL_I2C_Master_Receive
 .text.HAL_I2C_Mem_Write
                0x0000000008004de0      0x1b4 ./Drivers/STM32H7xx_HAL_Driver/Src/stm32h7xx_hal_i2c.o
                0x0000000008004de0                HAL_I2C_Mem_Write
 .text.HAL_I2C_Mem_Read
                0x0000000008004f94      0x1bc ./Drivers/STM32H7xx_HAL_Driver/Src/stm32h7xx_hal_i2c.o
                0x0000000008004f94                HAL_I2C_Mem_Read
 .text.HAL_I2CEx_ConfigAnalogFilter
                0x0000000008005150       0x4c ./Drivers/STM32H7xx_HAL_Driver/Src/stm32h7xx_hal_i2c_ex.o
                0x0000000008005150                HAL_I2CEx_ConfigAnalogFilter
 .text.HAL_I2CEx_ConfigDigitalFilter
                0x000000000800519c       0x4a ./Drivers/STM32H7xx_HAL_Driver/Src/stm32h7xx_hal_i2c_ex.o
                0x000000000800519c                HAL_I2CEx_ConfigDigitalFilter
 *fill*         0x00000000080051e6        0x2 
 .text.HAL_PWREx_ConfigSupply
                0x00000000080051e8       0x48 ./Drivers/STM32H7xx_HAL_Driver/Src/stm32h7xx_hal_pwr_ex.o
                0x00000000080051e8                HAL_PWREx_ConfigSupply
 .text.HAL_RCC_OscConfig
                0x0000000008005230      0x558 ./Drivers/STM32H7xx_HAL_Driver/Src/stm32h7xx_hal_rcc.o
                0x0000000008005230                HAL_RCC_OscConfig
 .text.HAL_RCC_MCOConfig
                0x0000000008005788       0x9c ./Drivers/STM32H7xx_HAL_Driver/Src/stm32h7xx_hal_rcc.o
                0x0000000008005788                HAL_RCC_MCOConfig
 .text.HAL_RCC_GetSysClockFreq
                0x0000000008005824      0x144 ./Drivers/STM32H7xx_HAL_Driver/Src/stm32h7xx_hal_rcc.o
                0x0000000008005824                HAL_RCC_GetSysClockFreq
 .text.HAL_RCC_ClockConfig
                0x0000000008005968      0x24c ./Drivers/STM32H7xx_HAL_Driver/Src/stm32h7xx_hal_rcc.o
                0x0000000008005968                HAL_RCC_ClockConfig
 .text.RCCEx_PLL2_Config
                0x0000000008005bb4       0xf0 ./Drivers/STM32H7xx_HAL_Driver/Src/stm32h7xx_hal_rcc_ex.o
 .text.RCCEx_PLL3_Config
                0x0000000008005ca4       0xf0 ./Drivers/STM32H7xx_HAL_Driver/Src/stm32h7xx_hal_rcc_ex.o
 .text.HAL_RCCEx_PeriphCLKConfig
                0x0000000008005d94      0xa28 ./Drivers/STM32H7xx_HAL_Driver/Src/stm32h7xx_hal_rcc_ex.o
                0x0000000008005d94                HAL_RCCEx_PeriphCLKConfig
 .text.SPI_CloseTransfer
                0x00000000080067bc       0xac ./Drivers/STM32H7xx_HAL_Driver/Src/stm32h7xx_hal_spi.o
 .text.HAL_SPI_Init
                0x0000000008006868      0x148 ./Drivers/STM32H7xx_HAL_Driver/Src/stm32h7xx_hal_spi.o
                0x0000000008006868                HAL_SPI_Init
 .text.HAL_SPI_Transmit
                0x00000000080069b0      0x24c ./Drivers/STM32H7xx_HAL_Driver/Src/stm32h7xx_hal_spi.o
                0x00000000080069b0                HAL_SPI_Transmit
 .text.HAL_SPI_Receive
                0x0000000008006bfc      0x1c0 ./Drivers/STM32H7xx_HAL_Driver/Src/stm32h7xx_hal_spi.o
                0x0000000008006bfc                HAL_SPI_Receive
 .text.TIM_OC1_SetConfig
                0x0000000008006dbc       0x98 ./Drivers/STM32H7xx_HAL_Driver/Src/stm32h7xx_hal_tim.o
 .text.TIM_OC3_SetConfig
                0x0000000008006e54       0x88 ./Drivers/STM32H7xx_HAL_Driver/Src/stm32h7xx_hal_tim.o
 .text.TIM_OC4_SetConfig
                0x0000000008006edc       0x68 ./Drivers/STM32H7xx_HAL_Driver/Src/stm32h7xx_hal_tim.o
 .text.TIM_OC5_SetConfig
                0x0000000008006f44       0x68 ./Drivers/STM32H7xx_HAL_Driver/Src/stm32h7xx_hal_tim.o
 .text.TIM_OC6_SetConfig
                0x0000000008006fac       0x68 ./Drivers/STM32H7xx_HAL_Driver/Src/stm32h7xx_hal_tim.o
 .text.HAL_TIM_OC_DelayElapsedCallback
                0x0000000008007014        0x2 ./Drivers/STM32H7xx_HAL_Driver/Src/stm32h7xx_hal_tim.o
                0x0000000008007014                HAL_TIM_OC_DelayElapsedCallback
 .text.HAL_TIM_IC_CaptureCallback
                0x0000000008007016        0x2 ./Drivers/STM32H7xx_HAL_Driver/Src/stm32h7xx_hal_tim.o
                0x0000000008007016                HAL_TIM_IC_CaptureCallback
 .text.HAL_TIM_PWM_PulseFinishedCallback
                0x0000000008007018        0x2 ./Drivers/STM32H7xx_HAL_Driver/Src/stm32h7xx_hal_tim.o
                0x0000000008007018                HAL_TIM_PWM_PulseFinishedCallback
 .text.HAL_TIM_TriggerCallback
                0x000000000800701a        0x2 ./Drivers/STM32H7xx_HAL_Driver/Src/stm32h7xx_hal_tim.o
                0x000000000800701a                HAL_TIM_TriggerCallback
 .text.HAL_TIM_IRQHandler
                0x000000000800701c      0x160 ./Drivers/STM32H7xx_HAL_Driver/Src/stm32h7xx_hal_tim.o
                0x000000000800701c                HAL_TIM_IRQHandler
 .text.TIM_Base_SetConfig
                0x000000000800717c       0xcc ./Drivers/STM32H7xx_HAL_Driver/Src/stm32h7xx_hal_tim.o
                0x000000000800717c                TIM_Base_SetConfig
 .text.HAL_TIM_PWM_Init
                0x0000000008007248       0x60 ./Drivers/STM32H7xx_HAL_Driver/Src/stm32h7xx_hal_tim.o
                0x0000000008007248                HAL_TIM_PWM_Init
 .text.TIM_OC2_SetConfig
                0x00000000080072a8       0x8c ./Drivers/STM32H7xx_HAL_Driver/Src/stm32h7xx_hal_tim.o
                0x00000000080072a8                TIM_OC2_SetConfig
 .text.HAL_TIM_PWM_ConfigChannel
                0x0000000008007334       0xfa ./Drivers/STM32H7xx_HAL_Driver/Src/stm32h7xx_hal_tim.o
                0x0000000008007334                HAL_TIM_PWM_ConfigChannel
 .text.TIM_CCxNChannelCmd
                0x000000000800742e       0x1c ./Drivers/STM32H7xx_HAL_Driver/Src/stm32h7xx_hal_tim_ex.o
 *fill*         0x000000000800744a        0x2 
 .text.HAL_TIMEx_OCN_Start
                0x000000000800744c       0xc0 ./Drivers/STM32H7xx_HAL_Driver/Src/stm32h7xx_hal_tim_ex.o
                0x000000000800744c                HAL_TIMEx_OCN_Start
 .text.HAL_TIMEx_PWMN_Start
                0x000000000800750c        0x4 ./Drivers/STM32H7xx_HAL_Driver/Src/stm32h7xx_hal_tim_ex.o
                0x000000000800750c                HAL_TIMEx_PWMN_Start
 .text.HAL_TIMEx_MasterConfigSynchronization
                0x0000000008007510       0x98 ./Drivers/STM32H7xx_HAL_Driver/Src/stm32h7xx_hal_tim_ex.o
                0x0000000008007510                HAL_TIMEx_MasterConfigSynchronization
 .text.HAL_TIMEx_ConfigBreakDeadTime
                0x00000000080075a8       0x84 ./Drivers/STM32H7xx_HAL_Driver/Src/stm32h7xx_hal_tim_ex.o
                0x00000000080075a8                HAL_TIMEx_ConfigBreakDeadTime
 .text.HAL_TIMEx_CommutCallback
                0x000000000800762c        0x2 ./Drivers/STM32H7xx_HAL_Driver/Src/stm32h7xx_hal_tim_ex.o
                0x000000000800762c                HAL_TIMEx_CommutCallback
 .text.HAL_TIMEx_BreakCallback
                0x000000000800762e        0x2 ./Drivers/STM32H7xx_HAL_Driver/Src/stm32h7xx_hal_tim_ex.o
                0x000000000800762e                HAL_TIMEx_BreakCallback
 .text.HAL_TIMEx_Break2Callback
                0x0000000008007630        0x2 ./Drivers/STM32H7xx_HAL_Driver/Src/stm32h7xx_hal_tim_ex.o
                0x0000000008007630                HAL_TIMEx_Break2Callback
 *fill*         0x0000000008007632        0x2 
 .text.sprintf  0x0000000008007634       0x40 C:/ST/STM32CubeIDE_1.8.0/STM32CubeIDE/plugins/com.st.stm32cube.ide.mcu.externaltools.gnu-tools-for-stm32.11.3.rel1.win32_1.1.0.202305231506/tools/bin/../lib/gcc/arm-none-eabi/11.3.1/../../../../arm-none-eabi/lib/thumb/v7e-m+dp/hard\libc_nano.a(libc_a-sprintf.o)
                0x0000000008007634                siprintf
                0x0000000008007634                sprintf
 .text.memset   0x0000000008007674       0x10 C:/ST/STM32CubeIDE_1.8.0/STM32CubeIDE/plugins/com.st.stm32cube.ide.mcu.externaltools.gnu-tools-for-stm32.11.3.rel1.win32_1.1.0.202305231506/tools/bin/../lib/gcc/arm-none-eabi/11.3.1/../../../../arm-none-eabi/lib/thumb/v7e-m+dp/hard\libc_nano.a(libc_a-memset.o)
                0x0000000008007674                memset
 .text.__errno  0x0000000008007684        0xc C:/ST/STM32CubeIDE_1.8.0/STM32CubeIDE/plugins/com.st.stm32cube.ide.mcu.externaltools.gnu-tools-for-stm32.11.3.rel1.win32_1.1.0.202305231506/tools/bin/../lib/gcc/arm-none-eabi/11.3.1/../../../../arm-none-eabi/lib/thumb/v7e-m+dp/hard\libc_nano.a(libc_a-errno.o)
                0x0000000008007684                __errno
 .text.__libc_init_array
                0x0000000008007690       0x48 C:/ST/STM32CubeIDE_1.8.0/STM32CubeIDE/plugins/com.st.stm32cube.ide.mcu.externaltools.gnu-tools-for-stm32.11.3.rel1.win32_1.1.0.202305231506/tools/bin/../lib/gcc/arm-none-eabi/11.3.1/../../../../arm-none-eabi/lib/thumb/v7e-m+dp/hard\libc_nano.a(libc_a-init.o)
                0x0000000008007690                __libc_init_array
 .text.__retarget_lock_acquire_recursive
                0x00000000080076d8        0x2 C:/ST/STM32CubeIDE_1.8.0/STM32CubeIDE/plugins/com.st.stm32cube.ide.mcu.externaltools.gnu-tools-for-stm32.11.3.rel1.win32_1.1.0.202305231506/tools/bin/../lib/gcc/arm-none-eabi/11.3.1/../../../../arm-none-eabi/lib/thumb/v7e-m+dp/hard\libc_nano.a(libc_a-lock.o)
                0x00000000080076d8                __retarget_lock_acquire_recursive
 .text.__retarget_lock_release_recursive
                0x00000000080076da        0x2 C:/ST/STM32CubeIDE_1.8.0/STM32CubeIDE/plugins/com.st.stm32cube.ide.mcu.externaltools.gnu-tools-for-stm32.11.3.rel1.win32_1.1.0.202305231506/tools/bin/../lib/gcc/arm-none-eabi/11.3.1/../../../../arm-none-eabi/lib/thumb/v7e-m+dp/hard\libc_nano.a(libc_a-lock.o)
                0x00000000080076da                __retarget_lock_release_recursive
 .text.strcpy   0x00000000080076dc       0x10 C:/ST/STM32CubeIDE_1.8.0/STM32CubeIDE/plugins/com.st.stm32cube.ide.mcu.externaltools.gnu-tools-for-stm32.11.3.rel1.win32_1.1.0.202305231506/tools/bin/../lib/gcc/arm-none-eabi/11.3.1/../../../../arm-none-eabi/lib/thumb/v7e-m+dp/hard\libc_nano.a(libc_a-strcpy.o)
                0x00000000080076dc                strcpy
 .text._free_r  0x00000000080076ec       0x98 C:/ST/STM32CubeIDE_1.8.0/STM32CubeIDE/plugins/com.st.stm32cube.ide.mcu.externaltools.gnu-tools-for-stm32.11.3.rel1.win32_1.1.0.202305231506/tools/bin/../lib/gcc/arm-none-eabi/11.3.1/../../../../arm-none-eabi/lib/thumb/v7e-m+dp/hard\libc_nano.a(libc_a-freer.o)
                0x00000000080076ec                _free_r
 .text.sbrk_aligned
                0x0000000008007784       0x40 C:/ST/STM32CubeIDE_1.8.0/STM32CubeIDE/plugins/com.st.stm32cube.ide.mcu.externaltools.gnu-tools-for-stm32.11.3.rel1.win32_1.1.0.202305231506/tools/bin/../lib/gcc/arm-none-eabi/11.3.1/../../../../arm-none-eabi/lib/thumb/v7e-m+dp/hard\libc_nano.a(libc_a-mallocr.o)
 .text._malloc_r
                0x00000000080077c4      0x100 C:/ST/STM32CubeIDE_1.8.0/STM32CubeIDE/plugins/com.st.stm32cube.ide.mcu.externaltools.gnu-tools-for-stm32.11.3.rel1.win32_1.1.0.202305231506/tools/bin/../lib/gcc/arm-none-eabi/11.3.1/../../../../arm-none-eabi/lib/thumb/v7e-m+dp/hard\libc_nano.a(libc_a-mallocr.o)
                0x00000000080077c4                _malloc_r
 .text.__malloc_lock
                0x00000000080078c4        0xc C:/ST/STM32CubeIDE_1.8.0/STM32CubeIDE/plugins/com.st.stm32cube.ide.mcu.externaltools.gnu-tools-for-stm32.11.3.rel1.win32_1.1.0.202305231506/tools/bin/../lib/gcc/arm-none-eabi/11.3.1/../../../../arm-none-eabi/lib/thumb/v7e-m+dp/hard\libc_nano.a(libc_a-mlock.o)
                0x00000000080078c4                __malloc_lock
 .text.__malloc_unlock
                0x00000000080078d0        0xc C:/ST/STM32CubeIDE_1.8.0/STM32CubeIDE/plugins/com.st.stm32cube.ide.mcu.externaltools.gnu-tools-for-stm32.11.3.rel1.win32_1.1.0.202305231506/tools/bin/../lib/gcc/arm-none-eabi/11.3.1/../../../../arm-none-eabi/lib/thumb/v7e-m+dp/hard\libc_nano.a(libc_a-mlock.o)
                0x00000000080078d0                __malloc_unlock
 .text.__ssputs_r
                0x00000000080078dc       0xb4 C:/ST/STM32CubeIDE_1.8.0/STM32CubeIDE/plugins/com.st.stm32cube.ide.mcu.externaltools.gnu-tools-for-stm32.11.3.rel1.win32_1.1.0.202305231506/tools/bin/../lib/gcc/arm-none-eabi/11.3.1/../../../../arm-none-eabi/lib/thumb/v7e-m+dp/hard\libc_nano.a(libc_a-nano-svfprintf.o)
                0x00000000080078dc                __ssputs_r
 .text._svfprintf_r
                0x0000000008007990      0x1fc C:/ST/STM32CubeIDE_1.8.0/STM32CubeIDE/plugins/com.st.stm32cube.ide.mcu.externaltools.gnu-tools-for-stm32.11.3.rel1.win32_1.1.0.202305231506/tools/bin/../lib/gcc/arm-none-eabi/11.3.1/../../../../arm-none-eabi/lib/thumb/v7e-m+dp/hard\libc_nano.a(libc_a-nano-svfprintf.o)
                0x0000000008007990                _svfiprintf_r
                0x0000000008007990                _svfprintf_r
 .text._printf_common
                0x0000000008007b8c       0xda C:/ST/STM32CubeIDE_1.8.0/STM32CubeIDE/plugins/com.st.stm32cube.ide.mcu.externaltools.gnu-tools-for-stm32.11.3.rel1.win32_1.1.0.202305231506/tools/bin/../lib/gcc/arm-none-eabi/11.3.1/../../../../arm-none-eabi/lib/thumb/v7e-m+dp/hard\libc_nano.a(libc_a-nano-vfprintf_i.o)
                0x0000000008007b8c                _printf_common
 *fill*         0x0000000008007c66        0x2 
 .text._printf_i
                0x0000000008007c68      0x244 C:/ST/STM32CubeIDE_1.8.0/STM32CubeIDE/plugins/com.st.stm32cube.ide.mcu.externaltools.gnu-tools-for-stm32.11.3.rel1.win32_1.1.0.202305231506/tools/bin/../lib/gcc/arm-none-eabi/11.3.1/../../../../arm-none-eabi/lib/thumb/v7e-m+dp/hard\libc_nano.a(libc_a-nano-vfprintf_i.o)
                0x0000000008007c68                _printf_i
 .text.memmove  0x0000000008007eac       0x34 C:/ST/STM32CubeIDE_1.8.0/STM32CubeIDE/plugins/com.st.stm32cube.ide.mcu.externaltools.gnu-tools-for-stm32.11.3.rel1.win32_1.1.0.202305231506/tools/bin/../lib/gcc/arm-none-eabi/11.3.1/../../../../arm-none-eabi/lib/thumb/v7e-m+dp/hard\libc_nano.a(libc_a-memmove.o)
                0x0000000008007eac                memmove
 .text._sbrk_r  0x0000000008007ee0       0x20 C:/ST/STM32CubeIDE_1.8.0/STM32CubeIDE/plugins/com.st.stm32cube.ide.mcu.externaltools.gnu-tools-for-stm32.11.3.rel1.win32_1.1.0.202305231506/tools/bin/../lib/gcc/arm-none-eabi/11.3.1/../../../../arm-none-eabi/lib/thumb/v7e-m+dp/hard\libc_nano.a(libc_a-sbrkr.o)
                0x0000000008007ee0                _sbrk_r
 .text.memcpy   0x0000000008007f00       0x1c C:/ST/STM32CubeIDE_1.8.0/STM32CubeIDE/plugins/com.st.stm32cube.ide.mcu.externaltools.gnu-tools-for-stm32.11.3.rel1.win32_1.1.0.202305231506/tools/bin/../lib/gcc/arm-none-eabi/11.3.1/../../../../arm-none-eabi/lib/thumb/v7e-m+dp/hard\libc_nano.a(libc_a-memcpy-stub.o)
                0x0000000008007f00                memcpy
 .text._realloc_r
                0x0000000008007f1c       0x5e C:/ST/STM32CubeIDE_1.8.0/STM32CubeIDE/plugins/com.st.stm32cube.ide.mcu.externaltools.gnu-tools-for-stm32.11.3.rel1.win32_1.1.0.202305231506/tools/bin/../lib/gcc/arm-none-eabi/11.3.1/../../../../arm-none-eabi/lib/thumb/v7e-m+dp/hard\libc_nano.a(libc_a-reallocr.o)
                0x0000000008007f1c                _realloc_r
 .text._malloc_usable_size_r
                0x0000000008007f7a       0x10 C:/ST/STM32CubeIDE_1.8.0/STM32CubeIDE/plugins/com.st.stm32cube.ide.mcu.externaltools.gnu-tools-for-stm32.11.3.rel1.win32_1.1.0.202305231506/tools/bin/../lib/gcc/arm-none-eabi/11.3.1/../../../../arm-none-eabi/lib/thumb/v7e-m+dp/hard\libc_nano.a(libc_a-msizer.o)
                0x0000000008007f7a                _malloc_usable_size_r
 *(.glue_7)
 .glue_7        0x0000000008007f8a        0x0 linker stubs
 *(.glue_7t)
 .glue_7t       0x0000000008007f8a        0x0 linker stubs
 *(.eh_frame)
 *fill*         0x0000000008007f8a        0x2 
 .eh_frame      0x0000000008007f8c        0x0 C:/ST/STM32CubeIDE_1.8.0/STM32CubeIDE/plugins/com.st.stm32cube.ide.mcu.externaltools.gnu-tools-for-stm32.11.3.rel1.win32_1.1.0.202305231506/tools/bin/../lib/gcc/arm-none-eabi/11.3.1/thumb/v7e-m+dp/hard/crtbegin.o
 *(.init)
 .init          0x0000000008007f8c        0x4 C:/ST/STM32CubeIDE_1.8.0/STM32CubeIDE/plugins/com.st.stm32cube.ide.mcu.externaltools.gnu-tools-for-stm32.11.3.rel1.win32_1.1.0.202305231506/tools/bin/../lib/gcc/arm-none-eabi/11.3.1/thumb/v7e-m+dp/hard/crti.o
                0x0000000008007f8c                _init
 .init          0x0000000008007f90        0x8 C:/ST/STM32CubeIDE_1.8.0/STM32CubeIDE/plugins/com.st.stm32cube.ide.mcu.externaltools.gnu-tools-for-stm32.11.3.rel1.win32_1.1.0.202305231506/tools/bin/../lib/gcc/arm-none-eabi/11.3.1/thumb/v7e-m+dp/hard/crtn.o
 *(.fini)
 .fini          0x0000000008007f98        0x4 C:/ST/STM32CubeIDE_1.8.0/STM32CubeIDE/plugins/com.st.stm32cube.ide.mcu.externaltools.gnu-tools-for-stm32.11.3.rel1.win32_1.1.0.202305231506/tools/bin/../lib/gcc/arm-none-eabi/11.3.1/thumb/v7e-m+dp/hard/crti.o
                0x0000000008007f98                _fini
 .fini          0x0000000008007f9c        0x8 C:/ST/STM32CubeIDE_1.8.0/STM32CubeIDE/plugins/com.st.stm32cube.ide.mcu.externaltools.gnu-tools-for-stm32.11.3.rel1.win32_1.1.0.202305231506/tools/bin/../lib/gcc/arm-none-eabi/11.3.1/thumb/v7e-m+dp/hard/crtn.o
                0x0000000008007fa4                . = ALIGN (0x4)
                0x0000000008007fa4                _etext = .

.vfp11_veneer   0x0000000008007fa4        0x0
 .vfp11_veneer  0x0000000008007fa4        0x0 linker stubs

.v4_bx          0x0000000008007fa4        0x0
 .v4_bx         0x0000000008007fa4        0x0 linker stubs

.iplt           0x0000000008007fa4        0x0
 .iplt          0x0000000008007fa4        0x0 C:/ST/STM32CubeIDE_1.8.0/STM32CubeIDE/plugins/com.st.stm32cube.ide.mcu.externaltools.gnu-tools-for-stm32.11.3.rel1.win32_1.1.0.202305231506/tools/bin/../lib/gcc/arm-none-eabi/11.3.1/thumb/v7e-m+dp/hard/crtbegin.o

.rodata         0x0000000008007fa4     0x7740
                0x0000000008007fa4                . = ALIGN (0x4)
 *(.rodata)
 *(.rodata*)
 .rodata.dvp_cam_resolution
                0x0000000008007fa4       0x80 ./BSP/Camera/camera.o
                0x0000000008007fa4                dvp_cam_resolution
 .rodata.rgb565_regs
                0x0000000008008024        0xe ./BSP/Camera/ov2640.o
 .rodata.OV2640_svga_regs
                0x0000000008008032       0x46 ./BSP/Camera/ov2640_regs.o
                0x0000000008008032                OV2640_svga_regs
 .rodata.OV2640_uxga_regs
                0x0000000008008078       0x46 ./BSP/Camera/ov2640_regs.o
                0x0000000008008078                OV2640_uxga_regs
 .rodata.ov2640_Slow_regs
                0x00000000080080be      0x174 ./BSP/Camera/ov2640_regs.o
                0x00000000080080be                ov2640_Slow_regs
 .rodata.ov5640_default_regs
                0x0000000008008232      0x357 ./BSP/Camera/ov5640_regs.o
                0x0000000008008232                ov5640_default_regs
 .rodata.ov7670_default_regs
                0x0000000008008589      0x11a ./BSP/Camera/ov7670_regs.o
                0x0000000008008589                ov7670_default_regs
 .rodata.qqvga_ov7670
                0x00000000080086a3       0x14 ./BSP/Camera/ov7670_regs.o
                0x00000000080086a3                qqvga_ov7670
 .rodata.rgb565_ov7670
                0x00000000080086b7       0x1a ./BSP/Camera/ov7670_regs.o
                0x00000000080086b7                rgb565_ov7670
 .rodata.ov7725_default_regs
                0x00000000080086d1       0x90 ./BSP/Camera/ov7725_regs.o
                0x00000000080086d1                ov7725_default_regs
 .rodata.LCD_Test.str1.1
                0x0000000008008761       0x2d ./BSP/ST7735/lcd.o
 .rodata.asc2_1206
                0x000000000800878e      0x474 ./BSP/ST7735/lcd.o
                0x000000000800878e                asc2_1206
 .rodata.asc2_1608
                0x0000000008008c02      0x5f0 ./BSP/ST7735/lcd.o
                0x0000000008008c02                asc2_1608
 .rodata.WeActStudiologo_160_80
                0x00000000080091f2     0x6449 ./BSP/ST7735/logo_160_80.o
                0x00000000080091f2                WeActStudiologo_160_80
 *fill*         0x000000000800f63b        0x1 
 .rodata.OrientationTab
                0x000000000800f63c       0x20 ./BSP/ST7735/st7735.o
 .rodata.main.str1.1
                0x000000000800f65c       0x3d ./Core/Src/main.o
 .rodata.D1CorePrescTable
                0x000000000800f699       0x10 ./Core/Src/system_stm32h7xx.o
                0x000000000800f699                D1CorePrescTable
 .rodata.flagBitshiftOffset.0
                0x000000000800f6a9        0x8 ./Drivers/STM32H7xx_HAL_Driver/Src/stm32h7xx_hal_dma.o
 .rodata._svfprintf_r.str1.1
                0x000000000800f6b1       0x11 C:/ST/STM32CubeIDE_1.8.0/STM32CubeIDE/plugins/com.st.stm32cube.ide.mcu.externaltools.gnu-tools-for-stm32.11.3.rel1.win32_1.1.0.202305231506/tools/bin/../lib/gcc/arm-none-eabi/11.3.1/../../../../arm-none-eabi/lib/thumb/v7e-m+dp/hard\libc_nano.a(libc_a-nano-svfprintf.o)
 .rodata._printf_i.str1.1
                0x000000000800f6c2       0x22 C:/ST/STM32CubeIDE_1.8.0/STM32CubeIDE/plugins/com.st.stm32cube.ide.mcu.externaltools.gnu-tools-for-stm32.11.3.rel1.win32_1.1.0.202305231506/tools/bin/../lib/gcc/arm-none-eabi/11.3.1/../../../../arm-none-eabi/lib/thumb/v7e-m+dp/hard\libc_nano.a(libc_a-nano-vfprintf_i.o)
                0x000000000800f6e4                . = ALIGN (0x4)

.rel.dyn        0x000000000800f6e4        0x0
 .rel.iplt      0x000000000800f6e4        0x0 C:/ST/STM32CubeIDE_1.8.0/STM32CubeIDE/plugins/com.st.stm32cube.ide.mcu.externaltools.gnu-tools-for-stm32.11.3.rel1.win32_1.1.0.202305231506/tools/bin/../lib/gcc/arm-none-eabi/11.3.1/thumb/v7e-m+dp/hard/crtbegin.o

.ARM.extab
 *(.ARM.extab* .gnu.linkonce.armextab.*)

.ARM            0x000000000800f6e4        0x0
                0x000000000800f6e4                __exidx_start = .
 *(.ARM.exidx*)
                0x000000000800f6e4                __exidx_end = .

.preinit_array  0x000000000800f6e4        0x0
                0x000000000800f6e4                PROVIDE (__preinit_array_start = .)
 *(.preinit_array*)
                0x000000000800f6e4                PROVIDE (__preinit_array_end = .)

.init_array     0x000000000800f6e4        0x4
                0x000000000800f6e4                PROVIDE (__init_array_start = .)
 *(SORT_BY_NAME(.init_array.*))
 *(.init_array*)
 .init_array    0x000000000800f6e4        0x4 C:/ST/STM32CubeIDE_1.8.0/STM32CubeIDE/plugins/com.st.stm32cube.ide.mcu.externaltools.gnu-tools-for-stm32.11.3.rel1.win32_1.1.0.202305231506/tools/bin/../lib/gcc/arm-none-eabi/11.3.1/thumb/v7e-m+dp/hard/crtbegin.o
                0x000000000800f6e8                PROVIDE (__init_array_end = .)

.fini_array     0x000000000800f6e8        0x4
                [!provide]                        PROVIDE (__fini_array_start = .)
 *(SORT_BY_NAME(.fini_array.*))
 *(.fini_array*)
 .fini_array    0x000000000800f6e8        0x4 C:/ST/STM32CubeIDE_1.8.0/STM32CubeIDE/plugins/com.st.stm32cube.ide.mcu.externaltools.gnu-tools-for-stm32.11.3.rel1.win32_1.1.0.202305231506/tools/bin/../lib/gcc/arm-none-eabi/11.3.1/thumb/v7e-m+dp/hard/crtbegin.o
                [!provide]                        PROVIDE (__fini_array_end = .)
                0x000000000800f6ec                _sidata = LOADADDR (.data)

.data           0x0000000024000000       0xd4 load address 0x000000000800f6ec
                0x0000000024000000                . = ALIGN (0x4)
                0x0000000024000000                _sdata = .
 *(.data)
 *(.data*)
 .data.readout_h
                0x0000000024000000        0x2 ./BSP/Camera/ov5640.o
 .data.readout_w
                0x0000000024000002        0x2 ./BSP/Camera/ov5640.o
 .data.POINT_COLOR
                0x0000000024000004        0x2 ./BSP/ST7735/lcd.o
                0x0000000024000004                POINT_COLOR
 *fill*         0x0000000024000006        0x2 
 .data.st7735_pIO
                0x0000000024000008       0x20 ./BSP/ST7735/lcd.o
                0x0000000024000008                st7735_pIO
 .data.ST7735_LCD_Driver
                0x0000000024000028       0x4c ./BSP/ST7735/st7735.o
                0x0000000024000028                ST7735_LCD_Driver
 .data.SystemCoreClock
                0x0000000024000074        0x4 ./Core/Src/system_stm32h7xx.o
                0x0000000024000074                SystemCoreClock
 .data.SystemD2Clock
                0x0000000024000078        0x4 ./Core/Src/system_stm32h7xx.o
                0x0000000024000078                SystemD2Clock
 .data.uwTickFreq
                0x000000002400007c        0x1 ./Drivers/STM32H7xx_HAL_Driver/Src/stm32h7xx_hal.o
                0x000000002400007c                uwTickFreq
 *fill*         0x000000002400007d        0x3 
 .data.uwTickPrio
                0x0000000024000080        0x4 ./Drivers/STM32H7xx_HAL_Driver/Src/stm32h7xx_hal.o
                0x0000000024000080                uwTickPrio
 .data._impure_data
                0x0000000024000084       0x4c C:/ST/STM32CubeIDE_1.8.0/STM32CubeIDE/plugins/com.st.stm32cube.ide.mcu.externaltools.gnu-tools-for-stm32.11.3.rel1.win32_1.1.0.202305231506/tools/bin/../lib/gcc/arm-none-eabi/11.3.1/../../../../arm-none-eabi/lib/thumb/v7e-m+dp/hard\libc_nano.a(libc_a-impure.o)
                0x0000000024000084                _impure_data
 .data._impure_ptr
                0x00000000240000d0        0x4 C:/ST/STM32CubeIDE_1.8.0/STM32CubeIDE/plugins/com.st.stm32cube.ide.mcu.externaltools.gnu-tools-for-stm32.11.3.rel1.win32_1.1.0.202305231506/tools/bin/../lib/gcc/arm-none-eabi/11.3.1/../../../../arm-none-eabi/lib/thumb/v7e-m+dp/hard\libc_nano.a(libc_a-impure.o)
                0x00000000240000d0                _impure_ptr
 *(.RamFunc)
 *(.RamFunc*)
                0x00000000240000d4                . = ALIGN (0x4)
                0x00000000240000d4                _edata = .

.igot.plt       0x00000000240000d4        0x0 load address 0x000000000800f7c0
 .igot.plt      0x00000000240000d4        0x0 C:/ST/STM32CubeIDE_1.8.0/STM32CubeIDE/plugins/com.st.stm32cube.ide.mcu.externaltools.gnu-tools-for-stm32.11.3.rel1.win32_1.1.0.202305231506/tools/bin/../lib/gcc/arm-none-eabi/11.3.1/thumb/v7e-m+dp/hard/crtbegin.o
                0x00000000240000d4                . = ALIGN (0x4)

.bss            0x00000000240000d4     0x6d2c load address 0x000000000800f7c0
                0x00000000240000d4                _sbss = .
                0x00000000240000d4                __bss_start__ = _sbss
 *(.bss)
 .bss           0x00000000240000d4       0x1c C:/ST/STM32CubeIDE_1.8.0/STM32CubeIDE/plugins/com.st.stm32cube.ide.mcu.externaltools.gnu-tools-for-stm32.11.3.rel1.win32_1.1.0.202305231506/tools/bin/../lib/gcc/arm-none-eabi/11.3.1/thumb/v7e-m+dp/hard/crtbegin.o
 *(.bss*)
 .bss.hcamera   0x00000000240000f0       0x14 ./BSP/Camera/camera.o
                0x00000000240000f0                hcamera
 .bss.hts_target
                0x0000000024000104        0x2 ./BSP/Camera/ov5640.o
 .bss.readout_x
                0x0000000024000106        0x2 ./BSP/Camera/ov5640.o
 .bss.readout_y
                0x0000000024000108        0x2 ./BSP/Camera/ov5640.o
 .bss.BACK_COLOR
                0x000000002400010a        0x2 ./BSP/ST7735/lcd.o
                0x000000002400010a                BACK_COLOR
 .bss.IsLCD_SoftPWM
                0x000000002400010c        0x1 ./BSP/ST7735/lcd.o
 *fill*         0x000000002400010d        0x3 
 .bss.LCD_LightSet
                0x0000000024000110        0x4 ./BSP/ST7735/lcd.o
 .bss.st7735_id
                0x0000000024000114        0x4 ./BSP/ST7735/lcd.o
                0x0000000024000114                st7735_id
 .bss.st7735_pObj
                0x0000000024000118       0x38 ./BSP/ST7735/lcd.o
                0x0000000024000118                st7735_pObj
 .bss.timecount.0
                0x0000000024000150        0x4 ./BSP/ST7735/lcd.o
 .bss.ST7735Ctx
                0x0000000024000154       0x10 ./BSP/ST7735/st7735.o
                0x0000000024000154                ST7735Ctx
 .bss.pdata.0   0x0000000024000164      0x280 ./BSP/ST7735/st7735.o
 .bss.pdata.1   0x00000000240003e4      0x280 ./BSP/ST7735/st7735.o
 .bss.hdcmi     0x0000000024000664       0x50 ./Core/Src/dcmi.o
                0x0000000024000664                hdcmi
 .bss.hdma_dcmi
                0x00000000240006b4       0x78 ./Core/Src/dcmi.o
                0x00000000240006b4                hdma_dcmi
 .bss.hi2c1     0x000000002400072c       0x54 ./Core/Src/i2c.o
                0x000000002400072c                hi2c1
 .bss.Camera_FPS
                0x0000000024000780        0x4 ./Core/Src/main.o
                0x0000000024000780                Camera_FPS
 .bss.DCMI_FrameIsReady
                0x0000000024000784        0x4 ./Core/Src/main.o
                0x0000000024000784                DCMI_FrameIsReady
 .bss.count.0   0x0000000024000788        0x4 ./Core/Src/main.o
 .bss.pic       0x000000002400078c     0x6400 ./Core/Src/main.o
                0x000000002400078c                pic
 .bss.tick.1    0x0000000024006b8c        0x4 ./Core/Src/main.o
 .bss.hspi4     0x0000000024006b90       0x88 ./Core/Src/spi.o
                0x0000000024006b90                hspi4
 .bss.__sbrk_heap_end
                0x0000000024006c18        0x4 ./Core/Src/sysmem.o
 .bss.htim1     0x0000000024006c1c       0x4c ./Core/Src/tim.o
                0x0000000024006c1c                htim1
 .bss.htim16    0x0000000024006c68       0x4c ./Core/Src/tim.o
                0x0000000024006c68                htim16
 .bss.uwTick    0x0000000024006cb4        0x4 ./Drivers/STM32H7xx_HAL_Driver/Src/stm32h7xx_hal.o
                0x0000000024006cb4                uwTick
 .bss.__sf      0x0000000024006cb8      0x138 C:/ST/STM32CubeIDE_1.8.0/STM32CubeIDE/plugins/com.st.stm32cube.ide.mcu.externaltools.gnu-tools-for-stm32.11.3.rel1.win32_1.1.0.202305231506/tools/bin/../lib/gcc/arm-none-eabi/11.3.1/../../../../arm-none-eabi/lib/thumb/v7e-m+dp/hard\libc_nano.a(libc_a-findfp.o)
                0x0000000024006cb8                __sf
 .bss.errno     0x0000000024006df0        0x4 C:/ST/STM32CubeIDE_1.8.0/STM32CubeIDE/plugins/com.st.stm32cube.ide.mcu.externaltools.gnu-tools-for-stm32.11.3.rel1.win32_1.1.0.202305231506/tools/bin/../lib/gcc/arm-none-eabi/11.3.1/../../../../arm-none-eabi/lib/thumb/v7e-m+dp/hard\libc_nano.a(libc_a-reent.o)
                0x0000000024006df0                errno
 .bss.__lock___malloc_recursive_mutex
                0x0000000024006df4        0x1 C:/ST/STM32CubeIDE_1.8.0/STM32CubeIDE/plugins/com.st.stm32cube.ide.mcu.externaltools.gnu-tools-for-stm32.11.3.rel1.win32_1.1.0.202305231506/tools/bin/../lib/gcc/arm-none-eabi/11.3.1/../../../../arm-none-eabi/lib/thumb/v7e-m+dp/hard\libc_nano.a(libc_a-lock.o)
                0x0000000024006df4                __lock___malloc_recursive_mutex
 *fill*         0x0000000024006df5        0x3 
 .bss.__malloc_free_list
                0x0000000024006df8        0x4 C:/ST/STM32CubeIDE_1.8.0/STM32CubeIDE/plugins/com.st.stm32cube.ide.mcu.externaltools.gnu-tools-for-stm32.11.3.rel1.win32_1.1.0.202305231506/tools/bin/../lib/gcc/arm-none-eabi/11.3.1/../../../../arm-none-eabi/lib/thumb/v7e-m+dp/hard\libc_nano.a(libc_a-mallocr.o)
                0x0000000024006df8                __malloc_free_list
 .bss.__malloc_sbrk_start
                0x0000000024006dfc        0x4 C:/ST/STM32CubeIDE_1.8.0/STM32CubeIDE/plugins/com.st.stm32cube.ide.mcu.externaltools.gnu-tools-for-stm32.11.3.rel1.win32_1.1.0.202305231506/tools/bin/../lib/gcc/arm-none-eabi/11.3.1/../../../../arm-none-eabi/lib/thumb/v7e-m+dp/hard\libc_nano.a(libc_a-mallocr.o)
                0x0000000024006dfc                __malloc_sbrk_start
 *(COMMON)
                0x0000000024006e00                . = ALIGN (0x4)
                0x0000000024006e00                _ebss = .
                0x0000000024006e00                __bss_end__ = _ebss

._user_heap_stack
                0x0000000024006e00      0x600 load address 0x000000000800f7c0
                0x0000000024006e00                . = ALIGN (0x8)
                [!provide]                        PROVIDE (end = .)
                0x0000000024006e00                PROVIDE (_end = .)
                0x0000000024007000                . = (. + _Min_Heap_Size)
 *fill*         0x0000000024006e00      0x200 
                0x0000000024007400                . = (. + _Min_Stack_Size)
 *fill*         0x0000000024007000      0x400 
                0x0000000024007400                . = ALIGN (0x8)

/DISCARD/
 libc.a(*)
 libm.a(*)
 libgcc.a(*)

.ARM.attributes
                0x0000000000000000       0x2e
 *(.ARM.attributes)
 .ARM.attributes
                0x0000000000000000       0x1e C:/ST/STM32CubeIDE_1.8.0/STM32CubeIDE/plugins/com.st.stm32cube.ide.mcu.externaltools.gnu-tools-for-stm32.11.3.rel1.win32_1.1.0.202305231506/tools/bin/../lib/gcc/arm-none-eabi/11.3.1/thumb/v7e-m+dp/hard/crti.o
 .ARM.attributes
                0x000000000000001e       0x32 C:/ST/STM32CubeIDE_1.8.0/STM32CubeIDE/plugins/com.st.stm32cube.ide.mcu.externaltools.gnu-tools-for-stm32.11.3.rel1.win32_1.1.0.202305231506/tools/bin/../lib/gcc/arm-none-eabi/11.3.1/thumb/v7e-m+dp/hard/crtbegin.o
 .ARM.attributes
                0x0000000000000050       0x32 ./BSP/Camera/camera.o
 .ARM.attributes
                0x0000000000000082       0x32 ./BSP/Camera/ov2640.o
 .ARM.attributes
                0x00000000000000b4       0x32 ./BSP/Camera/ov2640_regs.o
 .ARM.attributes
                0x00000000000000e6       0x32 ./BSP/Camera/ov5640.o
 .ARM.attributes
                0x0000000000000118       0x32 ./BSP/Camera/ov5640_regs.o
 .ARM.attributes
                0x000000000000014a       0x32 ./BSP/Camera/ov7670.o
 .ARM.attributes
                0x000000000000017c       0x32 ./BSP/Camera/ov7670_regs.o
 .ARM.attributes
                0x00000000000001ae       0x32 ./BSP/Camera/ov7725.o
 .ARM.attributes
                0x00000000000001e0       0x32 ./BSP/Camera/ov7725_regs.o
 .ARM.attributes
                0x0000000000000212       0x32 ./BSP/ST7735/lcd.o
 .ARM.attributes
                0x0000000000000244       0x32 ./BSP/ST7735/logo_160_80.o
 .ARM.attributes
                0x0000000000000276       0x32 ./BSP/ST7735/st7735.o
 .ARM.attributes
                0x00000000000002a8       0x32 ./BSP/ST7735/st7735_reg.o
 .ARM.attributes
                0x00000000000002da       0x32 ./Core/Src/dcmi.o
 .ARM.attributes
                0x000000000000030c       0x32 ./Core/Src/dma.o
 .ARM.attributes
                0x000000000000033e       0x32 ./Core/Src/gpio.o
 .ARM.attributes
                0x0000000000000370       0x32 ./Core/Src/i2c.o
 .ARM.attributes
                0x00000000000003a2       0x32 ./Core/Src/main.o
 .ARM.attributes
                0x00000000000003d4       0x32 ./Core/Src/spi.o
 .ARM.attributes
                0x0000000000000406       0x32 ./Core/Src/stm32h7xx_hal_msp.o
 .ARM.attributes
                0x0000000000000438       0x32 ./Core/Src/stm32h7xx_it.o
 .ARM.attributes
                0x000000000000046a       0x32 ./Core/Src/sysmem.o
 .ARM.attributes
                0x000000000000049c       0x32 ./Core/Src/system_stm32h7xx.o
 .ARM.attributes
                0x00000000000004ce       0x32 ./Core/Src/tim.o
 .ARM.attributes
                0x0000000000000500       0x21 ./Core/Startup/startup_stm32h743vitx.o
 .ARM.attributes
                0x0000000000000521       0x32 ./Drivers/STM32H7xx_HAL_Driver/Src/stm32h7xx_hal.o
 .ARM.attributes
                0x0000000000000553       0x32 ./Drivers/STM32H7xx_HAL_Driver/Src/stm32h7xx_hal_cortex.o
 .ARM.attributes
                0x0000000000000585       0x32 ./Drivers/STM32H7xx_HAL_Driver/Src/stm32h7xx_hal_dcmi.o
 .ARM.attributes
                0x00000000000005b7       0x32 ./Drivers/STM32H7xx_HAL_Driver/Src/stm32h7xx_hal_dma.o
 .ARM.attributes
                0x00000000000005e9       0x32 ./Drivers/STM32H7xx_HAL_Driver/Src/stm32h7xx_hal_dma_ex.o
 .ARM.attributes
                0x000000000000061b       0x32 ./Drivers/STM32H7xx_HAL_Driver/Src/stm32h7xx_hal_gpio.o
 .ARM.attributes
                0x000000000000064d       0x32 ./Drivers/STM32H7xx_HAL_Driver/Src/stm32h7xx_hal_i2c.o
 .ARM.attributes
                0x000000000000067f       0x32 ./Drivers/STM32H7xx_HAL_Driver/Src/stm32h7xx_hal_i2c_ex.o
 .ARM.attributes
                0x00000000000006b1       0x32 ./Drivers/STM32H7xx_HAL_Driver/Src/stm32h7xx_hal_pwr_ex.o
 .ARM.attributes
                0x00000000000006e3       0x32 ./Drivers/STM32H7xx_HAL_Driver/Src/stm32h7xx_hal_rcc.o
 .ARM.attributes
                0x0000000000000715       0x32 ./Drivers/STM32H7xx_HAL_Driver/Src/stm32h7xx_hal_rcc_ex.o
 .ARM.attributes
                0x0000000000000747       0x32 ./Drivers/STM32H7xx_HAL_Driver/Src/stm32h7xx_hal_spi.o
 .ARM.attributes
                0x0000000000000779       0x32 ./Drivers/STM32H7xx_HAL_Driver/Src/stm32h7xx_hal_tim.o
 .ARM.attributes
                0x00000000000007ab       0x32 ./Drivers/STM32H7xx_HAL_Driver/Src/stm32h7xx_hal_tim_ex.o
 .ARM.attributes
                0x00000000000007dd       0x32 C:/ST/STM32CubeIDE_1.8.0/STM32CubeIDE/plugins/com.st.stm32cube.ide.mcu.externaltools.gnu-tools-for-stm32.11.3.rel1.win32_1.1.0.202305231506/tools/bin/../lib/gcc/arm-none-eabi/11.3.1/../../../../arm-none-eabi/lib/thumb/v7e-m+dp/hard\libc_nano.a(libc_a-findfp.o)
 .ARM.attributes
                0x000000000000080f       0x32 C:/ST/STM32CubeIDE_1.8.0/STM32CubeIDE/plugins/com.st.stm32cube.ide.mcu.externaltools.gnu-tools-for-stm32.11.3.rel1.win32_1.1.0.202305231506/tools/bin/../lib/gcc/arm-none-eabi/11.3.1/../../../../arm-none-eabi/lib/thumb/v7e-m+dp/hard\libc_nano.a(libc_a-sprintf.o)
 .ARM.attributes
                0x0000000000000841       0x32 C:/ST/STM32CubeIDE_1.8.0/STM32CubeIDE/plugins/com.st.stm32cube.ide.mcu.externaltools.gnu-tools-for-stm32.11.3.rel1.win32_1.1.0.202305231506/tools/bin/../lib/gcc/arm-none-eabi/11.3.1/../../../../arm-none-eabi/lib/thumb/v7e-m+dp/hard\libc_nano.a(libc_a-memset.o)
 .ARM.attributes
                0x0000000000000873       0x32 C:/ST/STM32CubeIDE_1.8.0/STM32CubeIDE/plugins/com.st.stm32cube.ide.mcu.externaltools.gnu-tools-for-stm32.11.3.rel1.win32_1.1.0.202305231506/tools/bin/../lib/gcc/arm-none-eabi/11.3.1/../../../../arm-none-eabi/lib/thumb/v7e-m+dp/hard\libc_nano.a(libc_a-reent.o)
 .ARM.attributes
                0x00000000000008a5       0x32 C:/ST/STM32CubeIDE_1.8.0/STM32CubeIDE/plugins/com.st.stm32cube.ide.mcu.externaltools.gnu-tools-for-stm32.11.3.rel1.win32_1.1.0.202305231506/tools/bin/../lib/gcc/arm-none-eabi/11.3.1/../../../../arm-none-eabi/lib/thumb/v7e-m+dp/hard\libc_nano.a(libc_a-impure.o)
 .ARM.attributes
                0x00000000000008d7       0x32 C:/ST/STM32CubeIDE_1.8.0/STM32CubeIDE/plugins/com.st.stm32cube.ide.mcu.externaltools.gnu-tools-for-stm32.11.3.rel1.win32_1.1.0.202305231506/tools/bin/../lib/gcc/arm-none-eabi/11.3.1/../../../../arm-none-eabi/lib/thumb/v7e-m+dp/hard\libc_nano.a(libc_a-errno.o)
 .ARM.attributes
                0x0000000000000909       0x32 C:/ST/STM32CubeIDE_1.8.0/STM32CubeIDE/plugins/com.st.stm32cube.ide.mcu.externaltools.gnu-tools-for-stm32.11.3.rel1.win32_1.1.0.202305231506/tools/bin/../lib/gcc/arm-none-eabi/11.3.1/../../../../arm-none-eabi/lib/thumb/v7e-m+dp/hard\libc_nano.a(libc_a-init.o)
 .ARM.attributes
                0x000000000000093b       0x32 C:/ST/STM32CubeIDE_1.8.0/STM32CubeIDE/plugins/com.st.stm32cube.ide.mcu.externaltools.gnu-tools-for-stm32.11.3.rel1.win32_1.1.0.202305231506/tools/bin/../lib/gcc/arm-none-eabi/11.3.1/../../../../arm-none-eabi/lib/thumb/v7e-m+dp/hard\libc_nano.a(libc_a-lock.o)
 .ARM.attributes
                0x000000000000096d       0x32 C:/ST/STM32CubeIDE_1.8.0/STM32CubeIDE/plugins/com.st.stm32cube.ide.mcu.externaltools.gnu-tools-for-stm32.11.3.rel1.win32_1.1.0.202305231506/tools/bin/../lib/gcc/arm-none-eabi/11.3.1/../../../../arm-none-eabi/lib/thumb/v7e-m+dp/hard\libc_nano.a(libc_a-strcpy.o)
 .ARM.attributes
                0x000000000000099f       0x32 C:/ST/STM32CubeIDE_1.8.0/STM32CubeIDE/plugins/com.st.stm32cube.ide.mcu.externaltools.gnu-tools-for-stm32.11.3.rel1.win32_1.1.0.202305231506/tools/bin/../lib/gcc/arm-none-eabi/11.3.1/../../../../arm-none-eabi/lib/thumb/v7e-m+dp/hard\libc_nano.a(libc_a-freer.o)
 .ARM.attributes
                0x00000000000009d1       0x32 C:/ST/STM32CubeIDE_1.8.0/STM32CubeIDE/plugins/com.st.stm32cube.ide.mcu.externaltools.gnu-tools-for-stm32.11.3.rel1.win32_1.1.0.202305231506/tools/bin/../lib/gcc/arm-none-eabi/11.3.1/../../../../arm-none-eabi/lib/thumb/v7e-m+dp/hard\libc_nano.a(libc_a-mallocr.o)
 .ARM.attributes
                0x0000000000000a03       0x32 C:/ST/STM32CubeIDE_1.8.0/STM32CubeIDE/plugins/com.st.stm32cube.ide.mcu.externaltools.gnu-tools-for-stm32.11.3.rel1.win32_1.1.0.202305231506/tools/bin/../lib/gcc/arm-none-eabi/11.3.1/../../../../arm-none-eabi/lib/thumb/v7e-m+dp/hard\libc_nano.a(libc_a-mlock.o)
 .ARM.attributes
                0x0000000000000a35       0x32 C:/ST/STM32CubeIDE_1.8.0/STM32CubeIDE/plugins/com.st.stm32cube.ide.mcu.externaltools.gnu-tools-for-stm32.11.3.rel1.win32_1.1.0.202305231506/tools/bin/../lib/gcc/arm-none-eabi/11.3.1/../../../../arm-none-eabi/lib/thumb/v7e-m+dp/hard\libc_nano.a(libc_a-nano-svfprintf.o)
 .ARM.attributes
                0x0000000000000a67       0x32 C:/ST/STM32CubeIDE_1.8.0/STM32CubeIDE/plugins/com.st.stm32cube.ide.mcu.externaltools.gnu-tools-for-stm32.11.3.rel1.win32_1.1.0.202305231506/tools/bin/../lib/gcc/arm-none-eabi/11.3.1/../../../../arm-none-eabi/lib/thumb/v7e-m+dp/hard\libc_nano.a(libc_a-nano-vfprintf_i.o)
 .ARM.attributes
                0x0000000000000a99       0x32 C:/ST/STM32CubeIDE_1.8.0/STM32CubeIDE/plugins/com.st.stm32cube.ide.mcu.externaltools.gnu-tools-for-stm32.11.3.rel1.win32_1.1.0.202305231506/tools/bin/../lib/gcc/arm-none-eabi/11.3.1/../../../../arm-none-eabi/lib/thumb/v7e-m+dp/hard\libc_nano.a(libc_a-memmove.o)
 .ARM.attributes
                0x0000000000000acb       0x32 C:/ST/STM32CubeIDE_1.8.0/STM32CubeIDE/plugins/com.st.stm32cube.ide.mcu.externaltools.gnu-tools-for-stm32.11.3.rel1.win32_1.1.0.202305231506/tools/bin/../lib/gcc/arm-none-eabi/11.3.1/../../../../arm-none-eabi/lib/thumb/v7e-m+dp/hard\libc_nano.a(libc_a-sbrkr.o)
 .ARM.attributes
                0x0000000000000afd       0x1c C:/ST/STM32CubeIDE_1.8.0/STM32CubeIDE/plugins/com.st.stm32cube.ide.mcu.externaltools.gnu-tools-for-stm32.11.3.rel1.win32_1.1.0.202305231506/tools/bin/../lib/gcc/arm-none-eabi/11.3.1/../../../../arm-none-eabi/lib/thumb/v7e-m+dp/hard\libc_nano.a(libc_a-memchr.o)
 .ARM.attributes
                0x0000000000000b19       0x32 C:/ST/STM32CubeIDE_1.8.0/STM32CubeIDE/plugins/com.st.stm32cube.ide.mcu.externaltools.gnu-tools-for-stm32.11.3.rel1.win32_1.1.0.202305231506/tools/bin/../lib/gcc/arm-none-eabi/11.3.1/../../../../arm-none-eabi/lib/thumb/v7e-m+dp/hard\libc_nano.a(libc_a-memcpy-stub.o)
 .ARM.attributes
                0x0000000000000b4b       0x32 C:/ST/STM32CubeIDE_1.8.0/STM32CubeIDE/plugins/com.st.stm32cube.ide.mcu.externaltools.gnu-tools-for-stm32.11.3.rel1.win32_1.1.0.202305231506/tools/bin/../lib/gcc/arm-none-eabi/11.3.1/../../../../arm-none-eabi/lib/thumb/v7e-m+dp/hard\libc_nano.a(libc_a-reallocr.o)
 .ARM.attributes
                0x0000000000000b7d       0x32 C:/ST/STM32CubeIDE_1.8.0/STM32CubeIDE/plugins/com.st.stm32cube.ide.mcu.externaltools.gnu-tools-for-stm32.11.3.rel1.win32_1.1.0.202305231506/tools/bin/../lib/gcc/arm-none-eabi/11.3.1/../../../../arm-none-eabi/lib/thumb/v7e-m+dp/hard\libc_nano.a(libc_a-msizer.o)
 .ARM.attributes
                0x0000000000000baf       0x1e C:/ST/STM32CubeIDE_1.8.0/STM32CubeIDE/plugins/com.st.stm32cube.ide.mcu.externaltools.gnu-tools-for-stm32.11.3.rel1.win32_1.1.0.202305231506/tools/bin/../lib/gcc/arm-none-eabi/11.3.1/thumb/v7e-m+dp/hard/crtn.o
OUTPUT(08-DCMI2LCD.elf elf32-littlearm)
LOAD linker stubs
LOAD C:/ST/STM32CubeIDE_1.8.0/STM32CubeIDE/plugins/com.st.stm32cube.ide.mcu.externaltools.gnu-tools-for-stm32.11.3.rel1.win32_1.1.0.202305231506/tools/bin/../lib/gcc/arm-none-eabi/11.3.1/../../../../arm-none-eabi/lib/thumb/v7e-m+dp/hard\libc.a
LOAD C:/ST/STM32CubeIDE_1.8.0/STM32CubeIDE/plugins/com.st.stm32cube.ide.mcu.externaltools.gnu-tools-for-stm32.11.3.rel1.win32_1.1.0.202305231506/tools/bin/../lib/gcc/arm-none-eabi/11.3.1/../../../../arm-none-eabi/lib/thumb/v7e-m+dp/hard\libm.a
LOAD C:/ST/STM32CubeIDE_1.8.0/STM32CubeIDE/plugins/com.st.stm32cube.ide.mcu.externaltools.gnu-tools-for-stm32.11.3.rel1.win32_1.1.0.202305231506/tools/bin/../lib/gcc/arm-none-eabi/11.3.1/thumb/v7e-m+dp/hard\libgcc.a

.comment        0x0000000000000000       0x43
 .comment       0x0000000000000000       0x43 C:/ST/STM32CubeIDE_1.8.0/STM32CubeIDE/plugins/com.st.stm32cube.ide.mcu.externaltools.gnu-tools-for-stm32.11.3.rel1.win32_1.1.0.202305231506/tools/bin/../lib/gcc/arm-none-eabi/11.3.1/thumb/v7e-m+dp/hard/crtbegin.o
                                         0x44 (size before relaxing)
 .comment       0x0000000000000043       0x44 ./BSP/Camera/camera.o
 .comment       0x0000000000000043       0x44 ./BSP/Camera/ov2640.o
 .comment       0x0000000000000043       0x44 ./BSP/Camera/ov2640_regs.o
 .comment       0x0000000000000043       0x44 ./BSP/Camera/ov5640.o
 .comment       0x0000000000000043       0x44 ./BSP/Camera/ov5640_regs.o
 .comment       0x0000000000000043       0x44 ./BSP/Camera/ov7670.o
 .comment       0x0000000000000043       0x44 ./BSP/Camera/ov7670_regs.o
 .comment       0x0000000000000043       0x44 ./BSP/Camera/ov7725.o
 .comment       0x0000000000000043       0x44 ./BSP/Camera/ov7725_regs.o
 .comment       0x0000000000000043       0x44 ./BSP/ST7735/lcd.o
 .comment       0x0000000000000043       0x44 ./BSP/ST7735/logo_160_80.o
 .comment       0x0000000000000043       0x44 ./BSP/ST7735/st7735.o
 .comment       0x0000000000000043       0x44 ./BSP/ST7735/st7735_reg.o
 .comment       0x0000000000000043       0x44 ./Core/Src/dcmi.o
 .comment       0x0000000000000043       0x44 ./Core/Src/dma.o
 .comment       0x0000000000000043       0x44 ./Core/Src/gpio.o
 .comment       0x0000000000000043       0x44 ./Core/Src/i2c.o
 .comment       0x0000000000000043       0x44 ./Core/Src/main.o
 .comment       0x0000000000000043       0x44 ./Core/Src/spi.o
 .comment       0x0000000000000043       0x44 ./Core/Src/stm32h7xx_hal_msp.o
 .comment       0x0000000000000043       0x44 ./Core/Src/stm32h7xx_it.o
 .comment       0x0000000000000043       0x44 ./Core/Src/sysmem.o
 .comment       0x0000000000000043       0x44 ./Core/Src/system_stm32h7xx.o
 .comment       0x0000000000000043       0x44 ./Core/Src/tim.o
 .comment       0x0000000000000043       0x44 ./Drivers/STM32H7xx_HAL_Driver/Src/stm32h7xx_hal.o
 .comment       0x0000000000000043       0x44 ./Drivers/STM32H7xx_HAL_Driver/Src/stm32h7xx_hal_cortex.o
 .comment       0x0000000000000043       0x44 ./Drivers/STM32H7xx_HAL_Driver/Src/stm32h7xx_hal_dcmi.o
 .comment       0x0000000000000043       0x44 ./Drivers/STM32H7xx_HAL_Driver/Src/stm32h7xx_hal_dma.o
 .comment       0x0000000000000043       0x44 ./Drivers/STM32H7xx_HAL_Driver/Src/stm32h7xx_hal_dma_ex.o
 .comment       0x0000000000000043       0x44 ./Drivers/STM32H7xx_HAL_Driver/Src/stm32h7xx_hal_gpio.o
 .comment       0x0000000000000043       0x44 ./Drivers/STM32H7xx_HAL_Driver/Src/stm32h7xx_hal_i2c.o
 .comment       0x0000000000000043       0x44 ./Drivers/STM32H7xx_HAL_Driver/Src/stm32h7xx_hal_i2c_ex.o
 .comment       0x0000000000000043       0x44 ./Drivers/STM32H7xx_HAL_Driver/Src/stm32h7xx_hal_pwr_ex.o
 .comment       0x0000000000000043       0x44 ./Drivers/STM32H7xx_HAL_Driver/Src/stm32h7xx_hal_rcc.o
 .comment       0x0000000000000043       0x44 ./Drivers/STM32H7xx_HAL_Driver/Src/stm32h7xx_hal_rcc_ex.o
 .comment       0x0000000000000043       0x44 ./Drivers/STM32H7xx_HAL_Driver/Src/stm32h7xx_hal_spi.o
 .comment       0x0000000000000043       0x44 ./Drivers/STM32H7xx_HAL_Driver/Src/stm32h7xx_hal_tim.o
 .comment       0x0000000000000043       0x44 ./Drivers/STM32H7xx_HAL_Driver/Src/stm32h7xx_hal_tim_ex.o

.debug_frame    0x0000000000000000      0x59c
 .debug_frame   0x0000000000000000      0x13c C:/ST/STM32CubeIDE_1.8.0/STM32CubeIDE/plugins/com.st.stm32cube.ide.mcu.externaltools.gnu-tools-for-stm32.11.3.rel1.win32_1.1.0.202305231506/tools/bin/../lib/gcc/arm-none-eabi/11.3.1/../../../../arm-none-eabi/lib/thumb/v7e-m+dp/hard\libc_nano.a(libc_a-findfp.o)
 .debug_frame   0x000000000000013c       0x6c C:/ST/STM32CubeIDE_1.8.0/STM32CubeIDE/plugins/com.st.stm32cube.ide.mcu.externaltools.gnu-tools-for-stm32.11.3.rel1.win32_1.1.0.202305231506/tools/bin/../lib/gcc/arm-none-eabi/11.3.1/../../../../arm-none-eabi/lib/thumb/v7e-m+dp/hard\libc_nano.a(libc_a-sprintf.o)
 .debug_frame   0x00000000000001a8       0x20 C:/ST/STM32CubeIDE_1.8.0/STM32CubeIDE/plugins/com.st.stm32cube.ide.mcu.externaltools.gnu-tools-for-stm32.11.3.rel1.win32_1.1.0.202305231506/tools/bin/../lib/gcc/arm-none-eabi/11.3.1/../../../../arm-none-eabi/lib/thumb/v7e-m+dp/hard\libc_nano.a(libc_a-memset.o)
 .debug_frame   0x00000000000001c8       0x38 C:/ST/STM32CubeIDE_1.8.0/STM32CubeIDE/plugins/com.st.stm32cube.ide.mcu.externaltools.gnu-tools-for-stm32.11.3.rel1.win32_1.1.0.202305231506/tools/bin/../lib/gcc/arm-none-eabi/11.3.1/../../../../arm-none-eabi/lib/thumb/v7e-m+dp/hard\libc_nano.a(libc_a-reent.o)
 .debug_frame   0x0000000000000200       0x20 C:/ST/STM32CubeIDE_1.8.0/STM32CubeIDE/plugins/com.st.stm32cube.ide.mcu.externaltools.gnu-tools-for-stm32.11.3.rel1.win32_1.1.0.202305231506/tools/bin/../lib/gcc/arm-none-eabi/11.3.1/../../../../arm-none-eabi/lib/thumb/v7e-m+dp/hard\libc_nano.a(libc_a-errno.o)
 .debug_frame   0x0000000000000220       0x2c C:/ST/STM32CubeIDE_1.8.0/STM32CubeIDE/plugins/com.st.stm32cube.ide.mcu.externaltools.gnu-tools-for-stm32.11.3.rel1.win32_1.1.0.202305231506/tools/bin/../lib/gcc/arm-none-eabi/11.3.1/../../../../arm-none-eabi/lib/thumb/v7e-m+dp/hard\libc_nano.a(libc_a-init.o)
 .debug_frame   0x000000000000024c       0xb0 C:/ST/STM32CubeIDE_1.8.0/STM32CubeIDE/plugins/com.st.stm32cube.ide.mcu.externaltools.gnu-tools-for-stm32.11.3.rel1.win32_1.1.0.202305231506/tools/bin/../lib/gcc/arm-none-eabi/11.3.1/../../../../arm-none-eabi/lib/thumb/v7e-m+dp/hard\libc_nano.a(libc_a-lock.o)
 .debug_frame   0x00000000000002fc       0x20 C:/ST/STM32CubeIDE_1.8.0/STM32CubeIDE/plugins/com.st.stm32cube.ide.mcu.externaltools.gnu-tools-for-stm32.11.3.rel1.win32_1.1.0.202305231506/tools/bin/../lib/gcc/arm-none-eabi/11.3.1/../../../../arm-none-eabi/lib/thumb/v7e-m+dp/hard\libc_nano.a(libc_a-strcpy.o)
 .debug_frame   0x000000000000031c       0x38 C:/ST/STM32CubeIDE_1.8.0/STM32CubeIDE/plugins/com.st.stm32cube.ide.mcu.externaltools.gnu-tools-for-stm32.11.3.rel1.win32_1.1.0.202305231506/tools/bin/../lib/gcc/arm-none-eabi/11.3.1/../../../../arm-none-eabi/lib/thumb/v7e-m+dp/hard\libc_nano.a(libc_a-freer.o)
 .debug_frame   0x0000000000000354       0x50 C:/ST/STM32CubeIDE_1.8.0/STM32CubeIDE/plugins/com.st.stm32cube.ide.mcu.externaltools.gnu-tools-for-stm32.11.3.rel1.win32_1.1.0.202305231506/tools/bin/../lib/gcc/arm-none-eabi/11.3.1/../../../../arm-none-eabi/lib/thumb/v7e-m+dp/hard\libc_nano.a(libc_a-mallocr.o)
 .debug_frame   0x00000000000003a4       0x30 C:/ST/STM32CubeIDE_1.8.0/STM32CubeIDE/plugins/com.st.stm32cube.ide.mcu.externaltools.gnu-tools-for-stm32.11.3.rel1.win32_1.1.0.202305231506/tools/bin/../lib/gcc/arm-none-eabi/11.3.1/../../../../arm-none-eabi/lib/thumb/v7e-m+dp/hard\libc_nano.a(libc_a-mlock.o)
 .debug_frame   0x00000000000003d4       0x90 C:/ST/STM32CubeIDE_1.8.0/STM32CubeIDE/plugins/com.st.stm32cube.ide.mcu.externaltools.gnu-tools-for-stm32.11.3.rel1.win32_1.1.0.202305231506/tools/bin/../lib/gcc/arm-none-eabi/11.3.1/../../../../arm-none-eabi/lib/thumb/v7e-m+dp/hard\libc_nano.a(libc_a-nano-svfprintf.o)
 .debug_frame   0x0000000000000464       0x60 C:/ST/STM32CubeIDE_1.8.0/STM32CubeIDE/plugins/com.st.stm32cube.ide.mcu.externaltools.gnu-tools-for-stm32.11.3.rel1.win32_1.1.0.202305231506/tools/bin/../lib/gcc/arm-none-eabi/11.3.1/../../../../arm-none-eabi/lib/thumb/v7e-m+dp/hard\libc_nano.a(libc_a-nano-vfprintf_i.o)
 .debug_frame   0x00000000000004c4       0x28 C:/ST/STM32CubeIDE_1.8.0/STM32CubeIDE/plugins/com.st.stm32cube.ide.mcu.externaltools.gnu-tools-for-stm32.11.3.rel1.win32_1.1.0.202305231506/tools/bin/../lib/gcc/arm-none-eabi/11.3.1/../../../../arm-none-eabi/lib/thumb/v7e-m+dp/hard\libc_nano.a(libc_a-memmove.o)
 .debug_frame   0x00000000000004ec       0x2c C:/ST/STM32CubeIDE_1.8.0/STM32CubeIDE/plugins/com.st.stm32cube.ide.mcu.externaltools.gnu-tools-for-stm32.11.3.rel1.win32_1.1.0.202305231506/tools/bin/../lib/gcc/arm-none-eabi/11.3.1/../../../../arm-none-eabi/lib/thumb/v7e-m+dp/hard\libc_nano.a(libc_a-sbrkr.o)
 .debug_frame   0x0000000000000518       0x28 C:/ST/STM32CubeIDE_1.8.0/STM32CubeIDE/plugins/com.st.stm32cube.ide.mcu.externaltools.gnu-tools-for-stm32.11.3.rel1.win32_1.1.0.202305231506/tools/bin/../lib/gcc/arm-none-eabi/11.3.1/../../../../arm-none-eabi/lib/thumb/v7e-m+dp/hard\libc_nano.a(libc_a-memcpy-stub.o)
 .debug_frame   0x0000000000000540       0x3c C:/ST/STM32CubeIDE_1.8.0/STM32CubeIDE/plugins/com.st.stm32cube.ide.mcu.externaltools.gnu-tools-for-stm32.11.3.rel1.win32_1.1.0.202305231506/tools/bin/../lib/gcc/arm-none-eabi/11.3.1/../../../../arm-none-eabi/lib/thumb/v7e-m+dp/hard\libc_nano.a(libc_a-reallocr.o)
 .debug_frame   0x000000000000057c       0x20 C:/ST/STM32CubeIDE_1.8.0/STM32CubeIDE/plugins/com.st.stm32cube.ide.mcu.externaltools.gnu-tools-for-stm32.11.3.rel1.win32_1.1.0.202305231506/tools/bin/../lib/gcc/arm-none-eabi/11.3.1/../../../../arm-none-eabi/lib/thumb/v7e-m+dp/hard\libc_nano.a(libc_a-msizer.o)
