Archive member included to satisfy reference by file (symbol)

C:/ST/STM32CubeIDE_1.8.0/STM32CubeIDE/plugins/com.st.stm32cube.ide.mcu.externaltools.gnu-tools-for-stm32.11.3.rel1.win32_1.1.0.202305231506/tools/bin/../lib/gcc/arm-none-eabi/11.3.1/../../../../arm-none-eabi/lib/thumb/v7e-m+dp/hard\libc_nano.a(libc_a-exit.o)
                              C:/ST/STM32CubeIDE_1.8.0/STM32CubeIDE/plugins/com.st.stm32cube.ide.mcu.externaltools.gnu-tools-for-stm32.11.3.rel1.win32_1.1.0.202305231506/tools/bin/../lib/gcc/arm-none-eabi/11.3.1/../../../../arm-none-eabi/lib/thumb/v7e-m+dp/hard/crt0.o (exit)
C:/ST/STM32CubeIDE_1.8.0/STM32CubeIDE/plugins/com.st.stm32cube.ide.mcu.externaltools.gnu-tools-for-stm32.11.3.rel1.win32_1.1.0.202305231506/tools/bin/../lib/gcc/arm-none-eabi/11.3.1/../../../../arm-none-eabi/lib/thumb/v7e-m+dp/hard\libc_nano.a(libc_a-findfp.o)
                              C:/ST/STM32CubeIDE_1.8.0/STM32CubeIDE/plugins/com.st.stm32cube.ide.mcu.externaltools.gnu-tools-for-stm32.11.3.rel1.win32_1.1.0.202305231506/tools/bin/../lib/gcc/arm-none-eabi/11.3.1/../../../../arm-none-eabi/lib/thumb/v7e-m+dp/hard\libc_nano.a(libc_a-exit.o) (__stdio_exit_handler)
C:/ST/STM32CubeIDE_1.8.0/STM32CubeIDE/plugins/com.st.stm32cube.ide.mcu.externaltools.gnu-tools-for-stm32.11.3.rel1.win32_1.1.0.202305231506/tools/bin/../lib/gcc/arm-none-eabi/11.3.1/../../../../arm-none-eabi/lib/thumb/v7e-m+dp/hard\libc_nano.a(libc_a-fwalk.o)
                              C:/ST/STM32CubeIDE_1.8.0/STM32CubeIDE/plugins/com.st.stm32cube.ide.mcu.externaltools.gnu-tools-for-stm32.11.3.rel1.win32_1.1.0.202305231506/tools/bin/../lib/gcc/arm-none-eabi/11.3.1/../../../../arm-none-eabi/lib/thumb/v7e-m+dp/hard\libc_nano.a(libc_a-findfp.o) (_fwalk_sglue)
C:/ST/STM32CubeIDE_1.8.0/STM32CubeIDE/plugins/com.st.stm32cube.ide.mcu.externaltools.gnu-tools-for-stm32.11.3.rel1.win32_1.1.0.202305231506/tools/bin/../lib/gcc/arm-none-eabi/11.3.1/../../../../arm-none-eabi/lib/thumb/v7e-m+dp/hard\libc_nano.a(libc_a-sprintf.o)
                              ./BSP/ST7735/lcd.o (sprintf)
C:/ST/STM32CubeIDE_1.8.0/STM32CubeIDE/plugins/com.st.stm32cube.ide.mcu.externaltools.gnu-tools-for-stm32.11.3.rel1.win32_1.1.0.202305231506/tools/bin/../lib/gcc/arm-none-eabi/11.3.1/../../../../arm-none-eabi/lib/thumb/v7e-m+dp/hard\libc_nano.a(libc_a-stdio.o)
                              C:/ST/STM32CubeIDE_1.8.0/STM32CubeIDE/plugins/com.st.stm32cube.ide.mcu.externaltools.gnu-tools-for-stm32.11.3.rel1.win32_1.1.0.202305231506/tools/bin/../lib/gcc/arm-none-eabi/11.3.1/../../../../arm-none-eabi/lib/thumb/v7e-m+dp/hard\libc_nano.a(libc_a-findfp.o) (__sread)
C:/ST/STM32CubeIDE_1.8.0/STM32CubeIDE/plugins/com.st.stm32cube.ide.mcu.externaltools.gnu-tools-for-stm32.11.3.rel1.win32_1.1.0.202305231506/tools/bin/../lib/gcc/arm-none-eabi/11.3.1/../../../../arm-none-eabi/lib/thumb/v7e-m+dp/hard\libc_nano.a(libc_a-memset.o)
                              C:/ST/STM32CubeIDE_1.8.0/STM32CubeIDE/plugins/com.st.stm32cube.ide.mcu.externaltools.gnu-tools-for-stm32.11.3.rel1.win32_1.1.0.202305231506/tools/bin/../lib/gcc/arm-none-eabi/11.3.1/../../../../arm-none-eabi/lib/thumb/v7e-m+dp/hard/crt0.o (memset)
C:/ST/STM32CubeIDE_1.8.0/STM32CubeIDE/plugins/com.st.stm32cube.ide.mcu.externaltools.gnu-tools-for-stm32.11.3.rel1.win32_1.1.0.202305231506/tools/bin/../lib/gcc/arm-none-eabi/11.3.1/../../../../arm-none-eabi/lib/thumb/v7e-m+dp/hard\libc_nano.a(libc_a-closer.o)
                              C:/ST/STM32CubeIDE_1.8.0/STM32CubeIDE/plugins/com.st.stm32cube.ide.mcu.externaltools.gnu-tools-for-stm32.11.3.rel1.win32_1.1.0.202305231506/tools/bin/../lib/gcc/arm-none-eabi/11.3.1/../../../../arm-none-eabi/lib/thumb/v7e-m+dp/hard\libc_nano.a(libc_a-stdio.o) (_close_r)
C:/ST/STM32CubeIDE_1.8.0/STM32CubeIDE/plugins/com.st.stm32cube.ide.mcu.externaltools.gnu-tools-for-stm32.11.3.rel1.win32_1.1.0.202305231506/tools/bin/../lib/gcc/arm-none-eabi/11.3.1/../../../../arm-none-eabi/lib/thumb/v7e-m+dp/hard\libc_nano.a(libc_a-reent.o)
                              C:/ST/STM32CubeIDE_1.8.0/STM32CubeIDE/plugins/com.st.stm32cube.ide.mcu.externaltools.gnu-tools-for-stm32.11.3.rel1.win32_1.1.0.202305231506/tools/bin/../lib/gcc/arm-none-eabi/11.3.1/../../../../arm-none-eabi/lib/thumb/v7e-m+dp/hard\libc_nano.a(libc_a-closer.o) (errno)
C:/ST/STM32CubeIDE_1.8.0/STM32CubeIDE/plugins/com.st.stm32cube.ide.mcu.externaltools.gnu-tools-for-stm32.11.3.rel1.win32_1.1.0.202305231506/tools/bin/../lib/gcc/arm-none-eabi/11.3.1/../../../../arm-none-eabi/lib/thumb/v7e-m+dp/hard\libc_nano.a(libc_a-impure.o)
                              C:/ST/STM32CubeIDE_1.8.0/STM32CubeIDE/plugins/com.st.stm32cube.ide.mcu.externaltools.gnu-tools-for-stm32.11.3.rel1.win32_1.1.0.202305231506/tools/bin/../lib/gcc/arm-none-eabi/11.3.1/../../../../arm-none-eabi/lib/thumb/v7e-m+dp/hard\libc_nano.a(libc_a-sprintf.o) (_impure_ptr)
[...]
Memory Configuration

Name             Origin             Length             Attributes
FLASH            0x0000000008000000 0x0000000000200000 xr
DTCMRAM          0x0000000020000000 0x0000000000020000 xrw
RAM_D1           0x0000000024000000 0x0000000000080000 xrw
RAM_D2           0x0000000030000000 0x0000000000048000 xrw
RAM_D3           0x0000000038000000 0x0000000000010000 xrw
ITCMRAM          0x0000000000000000 0x0000000000010000 xrw
*default*        0x0000000000000000 0xffffffffffffffff

Linker script and memory map

LOAD C:/ST/STM32CubeIDE_1.8.0/STM32CubeIDE/plugins/com.st.stm32cube.ide.mcu.externaltools.gnu-tools-for-stm32.11.3.rel1.win32_1.1.0.202305231506/tools/bin/../lib/gcc/arm-none-eabi/11.3.1/thumb/v7e-m+dp/hard/crti.o
LOAD C:/ST/STM32CubeIDE_1.8.0/STM32CubeIDE/plugins/com.st.stm32cube.ide.mcu.externaltools.gnu-tools-for-stm32.11.3.rel1.win32_1.1.0.202305231506/tools/bin/../lib/gcc/arm-none-eabi/11.3.1/thumb/v7e-m+dp/hard/crtbegin.o
LOAD C:/ST/STM32CubeIDE_1.8.0/STM32CubeIDE/plugins/com.st.stm32cube.ide.mcu.externaltools.gnu-tools-for-stm32.11.3.rel1.win32_1.1.0.202305231506/tools/bin/../lib/gcc/arm-none-eabi/11.3.1/../../../../arm-none-eabi/lib/thumb/v7e-m+dp/hard/crt0.o
LOAD ./BSP/Camera/camera.o
LOAD ./BSP/Camera/ov2640.o
LOAD ./BSP/Camera/ov2640_regs.o
LOAD ./BSP/Camera/ov5640.o
LOAD ./BSP/Camera/ov5640_regs.o
LOAD ./BSP/Camera/ov7670.o
LOAD ./BSP/Camera/ov7670_regs.o
LOAD ./BSP/Camera/ov7725.o
LOAD ./BSP/Camera/ov7725_regs.o
LOAD ./BSP/ST7735/lcd.o
LOAD ./BSP/ST7735/logo.o
LOAD ./BSP/ST7735/logo_128_160.o
LOAD ./BSP/ST7735/logo_160_80.o
LOAD ./BSP/ST7735/st7735.o
LOAD ./BSP/ST7735/st7735_reg.o
LOAD ./Core/Src/dcmi.o
LOAD ./Core/Src/dma.o
LOAD ./Core/Src/gpio.o
LOAD ./Core/Src/i2c.o
LOAD ./Core/Src/main.o
LOAD ./Core/Src/spi.o
LOAD ./Core/Src/stm32h7xx_hal_msp.o
LOAD ./Core/Src/stm32h7xx_it.o
LOAD ./Core/Src/syscalls.o
LOAD ./Core/Src/sysmem.o
LOAD ./Core/Src/system_stm32h7xx.o
LOAD ./Core/Src/tim.o
LOAD ./Core/Startup/startup_stm32h743vitx.o
LOAD ./Drivers/STM32H7xx_HAL_Driver/Src/stm32h7xx_hal.o
LOAD ./Drivers/STM32H7xx_HAL_Driver/Src/stm32h7xx_hal_cortex.o
LOAD ./Drivers/STM32H7xx_HAL_Driver/Src/stm32h7xx_hal_dcmi.o
LOAD ./Drivers/STM32H7xx_HAL_Driver/Src/stm32h7xx_hal_dma.o
LOAD ./Drivers/STM32H7xx_HAL_Driver/Src/stm32h7xx_hal_dma_ex.o
LOAD ./Drivers/STM32H7xx_HAL_Driver/Src/stm32h7xx_hal_exti.o
LOAD ./Drivers/STM32H7xx_HAL_Driver/Src/stm32h7xx_hal_flash.o
LOAD ./Drivers/STM32H7xx_HAL_Driver/Src/stm32h7xx_hal_flash_ex.o
LOAD ./Drivers/STM32H7xx_HAL_Driver/Src/stm32h7xx_hal_gpio.o
LOAD ./Drivers/STM32H7xx_HAL_Driver/Src/stm32h7xx_hal_hsem.o
LOAD ./Drivers/STM32H7xx_HAL_Driver/Src/stm32h7xx_hal_i2c.o
LOAD ./Drivers/STM32H7xx_HAL_Driver/Src/stm32h7xx_hal_i2c_ex.o
LOAD ./Drivers/STM32H7xx_HAL_Driver/Src/stm32h7xx_hal_mdma.o
LOAD ./Drivers/STM32H7xx_HAL_Driver/Src/stm32h7xx_hal_pwr.o
LOAD ./Drivers/STM32H7xx_HAL_Driver/Src/stm32h7xx_hal_pwr_ex.o
LOAD ./Drivers/STM32H7xx_HAL_Driver/Src/stm32h7xx_hal_rcc.o
LOAD ./Drivers/STM32H7xx_HAL_Driver/Src/stm32h7xx_hal_rcc_ex.o
LOAD ./Drivers/STM32H7xx_HAL_Driver/Src/stm32h7xx_hal_spi.o
LOAD ./Drivers/STM32H7xx_HAL_Driver/Src/stm32h7xx_hal_spi_ex.o
LOAD ./Drivers/STM32H7xx_HAL_Driver/Src/stm32h7xx_hal_tim.o
LOAD ./Drivers/STM32H7xx_HAL_Driver/Src/stm32h7xx_hal_tim_ex.o
START GROUP
LOAD C:/ST/STM32CubeIDE_1.8.0/STM32CubeIDE/plugins/com.st.stm32cube.ide.mcu.externaltools.gnu-tools-for-stm32.11.3.rel1.win32_1.1.0.202305231506/tools/bin/../lib/gcc/arm-none-eabi/11.3.1/../../../../arm-none-eabi/lib/thumb/v7e-m+dp/hard\libc_nano.a
LOAD C:/ST/STM32CubeIDE_1.8.0/STM32CubeIDE/plugins/com.st.stm32cube.ide.mcu.externaltools.gnu-tools-for-stm32.11.3.rel1.win32_1.1.0.202305231506/tools/bin/../lib/gcc/arm-none-eabi/11.3.1/../../../../arm-none-eabi/lib/thumb/v7e-m+dp/hard\libm.a
END GROUP
START GROUP
LOAD C:/ST/STM32CubeIDE_1.8.0/STM32CubeIDE/plugins/com.st.stm32cube.ide.mcu.externaltools.gnu-tools-for-stm32.11.3.rel1.win32_1.1.0.202305231506/tools/bin/../lib/gcc/arm-none-eabi/11.3.1/thumb/v7e-m+dp/hard\libgcc.a
LOAD C:/ST/STM32CubeIDE_1.8.0/STM32CubeIDE/plugins/com.st.stm32cube.ide.mcu.externaltools.gnu-tools-for-stm32.11.3.rel1.win32_1.1.0.202305231506/tools/bin/../lib/gcc/arm-none-eabi/11.3.1/../../../../arm-none-eabi/lib/thumb/v7e-m+dp/hard\libc_nano.a
END GROUP
START GROUP
LOAD C:/ST/STM32CubeIDE_1.8.0/STM32CubeIDE/plugins/com.st.stm32cube.ide.mcu.externaltools.gnu-tools-for-stm32.11.3.rel1.win32_1.1.0.202305231506/tools/bin/../lib/gcc/arm-none-eabi/11.3.1/thumb/v7e-m+dp/hard\libgcc.a
LOAD C:/ST/STM32CubeIDE_1.8.0/STM32CubeIDE/plugins/com.st.stm32cube.ide.mcu.externaltools.gnu-tools-for-stm32.11.3.rel1.win32_1.1.0.202305231506/tools/bin/../lib/gcc/arm-none-eabi/11.3.1/../../../../arm-none-eabi/lib/thumb/v7e-m+dp/hard\libc_nano.a
LOAD C:/ST/STM32CubeIDE_1.8.0/STM32CubeIDE/plugins/com.st.stm32cube.ide.mcu.externaltools.gnu-tools-for-stm32.11.3.rel1.win32_1.1.0.202305231506/tools/bin/../lib/gcc/arm-none-eabi/11.3.1/../../../../arm-none-eabi/lib/thumb/v7e-m+dp/hard\libnosys.a
END GROUP
START GROUP
LOAD C:/ST/STM32CubeIDE_1.8.0/STM32CubeIDE/plugins/com.st.stm32cube.ide.mcu.externaltools.gnu-tools-for-stm32.11.3.rel1.win32_1.1.0.202305231506/tools/bin/../lib/gcc/arm-none-eabi/11.3.1/thumb/v7e-m+dp/hard\libgcc.a
LOAD C:/ST/STM32CubeIDE_1.8.0/STM32CubeIDE/plugins/com.st.stm32cube.ide.mcu.externaltools.gnu-tools-for-stm32.11.3.rel1.win32_1.1.0.202305231506/tools/bin/../lib/gcc/arm-none-eabi/11.3.1/../../../../arm-none-eabi/lib/thumb/v7e-m+dp/hard\libc_nano.a
LOAD C:/ST/STM32CubeIDE_1.8.0/STM32CubeIDE/plugins/com.st.stm32cube.ide.mcu.externaltools.gnu-tools-for-stm32.11.3.rel1.win32_1.1.0.202305231506/tools/bin/../lib/gcc/arm-none-eabi/11.3.1/../../../../arm-none-eabi/lib/thumb/v7e-m+dp/hard\libnosys.a
END GROUP
LOAD C:/ST/STM32CubeIDE_1.8.0/STM32CubeIDE/plugins/com.st.stm32cube.ide.mcu.externaltools.gnu-tools-for-stm32.11.3.rel1.win32_1.1.0.202305231506/tools/bin/../lib/gcc/arm-none-eabi/11.3.1/thumb/v7e-m+dp/hard/crtend.o
LOAD C:/ST/STM32CubeIDE_1.8.0/STM32CubeIDE/plugins/com.st.stm32cube.ide.mcu.externaltools.gnu-tools-for-stm32.11.3.rel1.win32_1.1.0.202305231506/tools/bin/../lib/gcc/arm-none-eabi/11.3.1/thumb/v7e-m+dp/hard/crtn.o
                0x0000000024080000                _estack = (ORIGIN (RAM_D1) + LENGTH (RAM_D1))
                0x0000000000000200                _Min_Heap_Size = 0x200
                0x0000000000000400                _Min_Stack_Size = 0x400

.isr_vector     0x0000000008000000      0x298
                0x0000000008000000                . = ALIGN (0x4)
 *(.isr_vector)
 .isr_vector    0x0000000008000000      0x298 ./Core/Startup/startup_stm32h743vitx.o
                0x0000000008000000                g_pfnVectors
                0x0000000008000298                . = ALIGN (0x4)

.text           0x00000000080002a0     0x9334
                0x00000000080002a0                . = ALIGN (0x4)
 *(.text)
 .text          0x00000000080002a0       0x40 C:/ST/STM32CubeIDE_1.8.0/STM32CubeIDE/plugins/com.st.stm32cube.ide.mcu.externaltools.gnu-tools-for-stm32.11.3.rel1.win32_1.1.0.202305231506/tools/bin/../lib/gcc/arm-none-eabi/11.3.1/thumb/v7e-m+dp/hard/crtbegin.o
 .text          0x00000000080002e0       0xa0 C:/ST/STM32CubeIDE_1.8.0/STM32CubeIDE/plugins/com.st.stm32cube.ide.mcu.externaltools.gnu-tools-for-stm32.11.3.rel1.win32_1.1.0.202305231506/tools/bin/../lib/gcc/arm-none-eabi/11.3.1/../../../../arm-none-eabi/lib/thumb/v7e-m+dp/hard\libc_nano.a(libc_a-memchr.o)
                0x00000000080002e0                memchr
 *(.text*)
 .text.Camera_WriteReg
                0x0000000008000380       0x28 ./BSP/Camera/camera.o
                0x0000000008000380                Camera_WriteReg
 .text.Camera_ReadReg
                0x00000000080003a8       0x3a ./BSP/Camera/camera.o
                0x00000000080003a8                Camera_ReadReg
 .text.Camera_WriteRegb2
                0x00000000080003e2       0x32 ./BSP/Camera/camera.o
                0x00000000080003e2                Camera_WriteRegb2
 .text.Camera_ReadRegb2
                0x0000000008000414       0x2a ./BSP/Camera/camera.o
                0x0000000008000414                Camera_ReadRegb2
 *fill*         0x000000000800043e        0x2 
 .text.Camera_read_id
                0x0000000008000440       0x90 ./BSP/Camera/camera.o
                0x0000000008000440                Camera_read_id
 .text.Camera_Init_Device
                0x00000000080004d0       0xa4 ./BSP/Camera/camera.o
                0x00000000080004d0                Camera_Init_Device
 .text.OV2640_WR_Reg
                0x0000000008000574       0x20 ./BSP/Camera/ov2640.o
 .text.set_quality
                0x0000000008000594       0x24 ./BSP/Camera/ov2640.o
 .text.set_saturation
                0x00000000080005b8       0x48 ./BSP/Camera/ov2640.o
 .text.set_brightness
                0x0000000008000600       0x48 ./BSP/Camera/ov2640.o
 .text.set_contrast
                0x0000000008000648       0x48 ./BSP/Camera/ov2640.o
 .text.set_special_effect
                0x0000000008000690       0x50 ./BSP/Camera/ov2640.o
 .text.wrSensorRegs
                0x00000000080006e0       0x24 ./BSP/Camera/ov2640.o
 .text.reset    0x0000000008000704       0x34 ./BSP/Camera/ov2640.o
 .text.OV2640_RD_Reg
                0x0000000008000738       0x20 ./BSP/Camera/ov2640.o
 .text._set_framesize
                0x0000000008000758       0xcc ./BSP/Camera/ov2640.o
 .text.set_pixformat
                0x0000000008000824       0x68 ./BSP/Camera/ov2640.o
 .text.set_hmirror
                0x000000000800088c       0x28 ./BSP/Camera/ov2640.o
 .text.set_vflip
                0x00000000080008b4       0x28 ./BSP/Camera/ov2640.o
 .text.set_colorbar
                0x00000000080008dc       0x28 ./BSP/Camera/ov2640.o
 .text.ov2640_init
                0x0000000008000904       0x50 ./BSP/Camera/ov2640.o
                0x0000000008000904                ov2640_init
 .text.calculate_hts
                0x0000000008000954       0x50 ./BSP/Camera/ov5640.o
 .text.calculate_vts
                0x00000000080009a4        0xa ./BSP/Camera/ov5640.o
 *fill*         0x00000000080009ae        0x2 
 .text.ov5640_WR_Reg
                0x00000000080009b0       0x14 ./BSP/Camera/ov5640.o
 .text.ov5640_reset
                0x00000000080009c4       0x5c ./BSP/Camera/ov5640.o
 .text.ov5640_RD_Reg
                0x0000000008000a20       0x14 ./BSP/Camera/ov5640.o
 .text.ov5640_set_pixformat
                0x0000000008000a34      0x1e8 ./BSP/Camera/ov5640.o
 .text.ov5640_set_framesize
                0x0000000008000c1c      0x48c ./BSP/Camera/ov5640.o
 .text.ov5640_set_hmirror
                0x00000000080010a8       0x44 ./BSP/Camera/ov5640.o
 .text.ov5640_set_vflip
                0x00000000080010ec       0x44 ./BSP/Camera/ov5640.o
 .text.ov5640_init
                0x0000000008001130       0x30 ./BSP/Camera/ov5640.o
                0x0000000008001130                ov5640_init
 .text.OV7670_WriteReg
                0x0000000008001160       0x30 ./BSP/Camera/ov7670.o
                0x0000000008001160                OV7670_WriteReg
 .text.OV7670_ReadReg
                0x0000000008001190       0x40 ./BSP/Camera/ov7670.o
                0x0000000008001190                OV7670_ReadReg
 .text.OV7670_Reset
                0x00000000080011d0       0x2e ./BSP/Camera/ov7670.o
                0x00000000080011d0                OV7670_Reset
 .text.OV7670_WriteRegList
                0x00000000080011fe       0x2c ./BSP/Camera/ov7670.o
                0x00000000080011fe                OV7670_WriteRegList
 *fill*         0x000000000800122a        0x2 
 .text.OV7670_Config
                0x000000000800122c       0xd0 ./BSP/Camera/ov7670.o
                0x000000000800122c                OV7670_Config
 .text.ov7725_WR_Reg
                0x00000000080012fc       0x20 ./BSP/Camera/ov7725.o
 .text.ov7725_reset
                0x000000000800131c       0x40 ./BSP/Camera/ov7725.o
 .text.ov7725_RD_Reg
                0x000000000800135c       0x14 ./BSP/Camera/ov7725.o
 .text.ov7725_set_pixformat
                0x0000000008001370       0x96 ./BSP/Camera/ov7725.o
 *fill*         0x0000000008001406        0x2 
 .text.ov7725_set_framesize
                0x0000000008001408      0x160 ./BSP/Camera/ov7725.o
 .text.ov7725_set_hmirror
                0x0000000008001568       0x34 ./BSP/Camera/ov7725.o
 .text.ov7725_set_vflip
                0x000000000800159c       0x3c ./BSP/Camera/ov7725.o
 .text.ov7725_init
                0x00000000080015d8       0x30 ./BSP/Camera/ov7725.o
                0x00000000080015d8                ov7725_init
 .text.lcd_gettick
                0x0000000008001608        0x8 ./BSP/ST7735/lcd.o
 .text.lcd_recvdata
                0x0000000008001610       0x44 ./BSP/ST7735/lcd.o
 .text.lcd_senddata
                0x0000000008001654       0x44 ./BSP/ST7735/lcd.o
 .text.lcd_readreg
                0x0000000008001698       0x78 ./BSP/ST7735/lcd.o
 .text.lcd_writereg
                0x0000000008001710       0x84 ./BSP/ST7735/lcd.o
 .text.lcd_init
                0x0000000008001794       0x14 ./BSP/ST7735/lcd.o
 .text.LCD_SetBrightness
                0x00000000080017a8       0x20 ./BSP/ST7735/lcd.o
                0x00000000080017a8                LCD_SetBrightness
 .text.LCD_GetBrightness
                0x00000000080017c8       0x20 ./BSP/ST7735/lcd.o
                0x00000000080017c8                LCD_GetBrightness
 .text.LCD_SoftPWMCtrlRun
                0x00000000080017e8       0x50 ./BSP/ST7735/lcd.o
                0x00000000080017e8                LCD_SoftPWMCtrlRun
 .text.HAL_TIM_PeriodElapsedCallback
                0x0000000008001838       0x18 ./BSP/ST7735/lcd.o
                0x0000000008001838                HAL_TIM_PeriodElapsedCallback
 .text.LCD_Light
                0x0000000008001850       0x7c ./BSP/ST7735/lcd.o
                0x0000000008001850                LCD_Light
 .text.LCD_ShowChar
                0x00000000080018cc      0x254 ./BSP/ST7735/lcd.o
                0x00000000080018cc                LCD_ShowChar
 .text.LCD_ShowString
                0x0000000008001b20       0x5a ./BSP/ST7735/lcd.o
                0x0000000008001b20                LCD_ShowString
 *fill*         0x0000000008001b7a        0x2 
 .text.LCD_Test
                0x0000000008001b7c       0xf8 ./BSP/ST7735/lcd.o
                0x0000000008001b7c                LCD_Test
 .text.ST7735_DeInit
                0x0000000008001c74        0x4 ./BSP/ST7735/st7735.o
                0x0000000008001c74                ST7735_DeInit
 .text.ST7735_SetBrightness
                0x0000000008001c78        0x6 ./BSP/ST7735/st7735.o
                0x0000000008001c78                ST7735_SetBrightness
 .text.ST7735_GetBrightness
                0x0000000008001c7e        0x6 ./BSP/ST7735/st7735.o
                0x0000000008001c7e                ST7735_GetBrightness
 .text.ST7735_GetOrientation
                0x0000000008001c84       0x10 ./BSP/ST7735/st7735.o
                0x0000000008001c84                ST7735_GetOrientation
 .text.ST7735_GetXSize
                0x0000000008001c94       0x10 ./BSP/ST7735/st7735.o
                0x0000000008001c94                ST7735_GetXSize
 .text.ST7735_GetYSize
                0x0000000008001ca4       0x10 ./BSP/ST7735/st7735.o
                0x0000000008001ca4                ST7735_GetYSize
 .text.ST7735_ReadRegWrap
                0x0000000008001cb4        0xe ./BSP/ST7735/st7735.o
 .text.ST7735_WriteRegWrap
                0x0000000008001cc2       0x10 ./BSP/ST7735/st7735.o
 .text.ST7735_SendDataWrap
                0x0000000008001cd2        0xe ./BSP/ST7735/st7735.o
 .text.ST7735_RecvDataWrap
                0x0000000008001ce0        0xe ./BSP/ST7735/st7735.o
 .text.ST7735_IO_Delay
                0x0000000008001cee       0x1a ./BSP/ST7735/st7735.o
 .text.ST7735_DisplayOn
                0x0000000008001d08       0x9c ./BSP/ST7735/st7735.o
                0x0000000008001d08                ST7735_DisplayOn
 .text.ST7735_DisplayOff
                0x0000000008001da4       0x9c ./BSP/ST7735/st7735.o
                0x0000000008001da4                ST7735_DisplayOff
 .text.ST7735_SetDisplayWindow
                0x0000000008001e40      0x168 ./BSP/ST7735/st7735.o
 .text.ST7735_SetOrientation
                0x0000000008001fa8       0xc0 ./BSP/ST7735/st7735.o
                0x0000000008001fa8                ST7735_SetOrientation
 .text.ST7735_Init
                0x0000000008002068      0x582 ./BSP/ST7735/st7735.o
                0x0000000008002068                ST7735_Init
 *fill*         0x00000000080025ea        0x2 
 .text.ST7735_SetCursor
                0x00000000080025ec       0xf8 ./BSP/ST7735/st7735.o
                0x00000000080025ec                ST7735_SetCursor
 .text.ST7735_DrawBitmap
                0x00000000080026e4      0x174 ./BSP/ST7735/st7735.o
                0x00000000080026e4                ST7735_DrawBitmap
 .text.ST7735_FillRGBRect
                0x0000000008002858       0x94 ./BSP/ST7735/st7735.o
                0x0000000008002858                ST7735_FillRGBRect
 .text.ST7735_DrawHLine
                0x00000000080028ec       0x60 ./BSP/ST7735/st7735.o
                0x00000000080028ec                ST7735_DrawHLine
 .text.ST7735_FillRect
                0x000000000800294c       0x44 ./BSP/ST7735/st7735.o
                0x000000000800294c                ST7735_FillRect
 .text.ST7735_SetPixel
                0x0000000008002990       0x68 ./BSP/ST7735/st7735.o
                0x0000000008002990                ST7735_SetPixel
 .text.ST7735_DrawVLine
                0x00000000080029f8       0x48 ./BSP/ST7735/st7735.o
                0x00000000080029f8                ST7735_DrawVLine
 .text.ST7735_ReadID
                0x0000000008002a40       0x5e ./BSP/ST7735/st7735.o
                0x0000000008002a40                ST7735_ReadID
 .text.ST7735_GetPixel
                0x0000000008002a9e       0x62 ./BSP/ST7735/st7735.o
                0x0000000008002a9e                ST7735_GetPixel
 .text.ST7735_RegisterBusIO
                0x0000000008002b00       0x5c ./BSP/ST7735/st7735.o
                0x0000000008002b00                ST7735_RegisterBusIO
 .text.st7735_read_reg
                0x0000000008002b5c        0xa ./BSP/ST7735/st7735_reg.o
                0x0000000008002b5c                st7735_read_reg
 .text.st7735_write_reg
                0x0000000008002b66        0xa ./BSP/ST7735/st7735_reg.o
                0x0000000008002b66                st7735_write_reg
 .text.st7735_send_data
                0x0000000008002b70        0xa ./BSP/ST7735/st7735_reg.o
                0x0000000008002b70                st7735_send_data
 .text.st7735_recv_data
                0x0000000008002b7a        0xa ./BSP/ST7735/st7735_reg.o
                0x0000000008002b7a                st7735_recv_data
 .text.MX_DCMI_Init
                0x0000000008002b84       0x38 ./Core/Src/dcmi.o
                0x0000000008002b84                MX_DCMI_Init
 .text.HAL_DCMI_MspInit
                0x0000000008002bbc      0x188 ./Core/Src/dcmi.o
                0x0000000008002bbc                HAL_DCMI_MspInit
 .text.MX_DMA_Init
                0x0000000008002d44       0x38 ./Core/Src/dma.o
                0x0000000008002d44                MX_DMA_Init
 .text.MX_GPIO_Init
                0x0000000008002d7c      0x194 ./Core/Src/gpio.o
                0x0000000008002d7c                MX_GPIO_Init
 .text.MX_I2C1_Init
                0x0000000008002f10       0x5c ./Core/Src/i2c.o
                0x0000000008002f10                MX_I2C1_Init
 .text.HAL_I2C_MspInit
                0x0000000008002f6c       0x9c ./Core/Src/i2c.o
                0x0000000008002f6c                HAL_I2C_MspInit
 .text.HAL_DCMI_FrameEventCallback
                0x0000000008003008       0x48 ./Core/Src/main.o
                0x0000000008003008                HAL_DCMI_FrameEventCallback
 .text.Error_Handler
                0x0000000008003050        0x4 ./Core/Src/main.o
                0x0000000008003050                Error_Handler
 .text.SystemClock_Config
                0x0000000008003054       0xc8 ./Core/Src/main.o
                0x0000000008003054                SystemClock_Config
 .text.main     0x000000000800311c       0xe4 ./Core/Src/main.o
                0x000000000800311c                main
 .text.MX_SPI4_Init
                0x0000000008003200       0x60 ./Core/Src/spi.o
                0x0000000008003200                MX_SPI4_Init
 .text.HAL_SPI_MspInit
                0x0000000008003260       0x9c ./Core/Src/spi.o
                0x0000000008003260                HAL_SPI_MspInit
 .text.HAL_MspInit
                0x00000000080032fc       0x24 ./Core/Src/stm32h7xx_hal_msp.o
                0x00000000080032fc                HAL_MspInit
 .text.NMI_Handler
                0x0000000008003320        0x2 ./Core/Src/stm32h7xx_it.o
                0x0000000008003320                NMI_Handler
 .text.HardFault_Handler
                0x0000000008003322        0x2 ./Core/Src/stm32h7xx_it.o
                0x0000000008003322                HardFault_Handler
 .text.MemManage_Handler
                0x0000000008003324        0x2 ./Core/Src/stm32h7xx_it.o
                0x0000000008003324                MemManage_Handler
 .text.BusFault_Handler
                0x0000000008003326        0x2 ./Core/Src/stm32h7xx_it.o
                0x0000000008003326                BusFault_Handler
 .text.UsageFault_Handler
                0x0000000008003328        0x2 ./Core/Src/stm32h7xx_it.o
                0x0000000008003328                UsageFault_Handler
 .text.SVC_Handler
                0x000000000800332a        0x2 ./Core/Src/stm32h7xx_it.o
                0x000000000800332a                SVC_Handler
 .text.DebugMon_Handler
                0x000000000800332c        0x2 ./Core/Src/stm32h7xx_it.o
                0x000000000800332c                DebugMon_Handler
 .text.PendSV_Handler
                0x000000000800332e        0x2 ./Core/Src/stm32h7xx_it.o
                0x000000000800332e                PendSV_Handler
 .text.SysTick_Handler
                0x0000000008003330        0x8 ./Core/Src/stm32h7xx_it.o
                0x0000000008003330                SysTick_Handler
 .text.DMA1_Stream0_IRQHandler
                0x0000000008003338       0x10 ./Core/Src/stm32h7xx_it.o
                0x0000000008003338                DMA1_Stream0_IRQHandler
 .text.DCMI_IRQHandler
                0x0000000008003348       0x10 ./Core/Src/stm32h7xx_it.o
                0x0000000008003348                DCMI_IRQHandler
 .text.TIM16_IRQHandler
                0x0000000008003358       0x10 ./Core/Src/stm32h7xx_it.o
                0x0000000008003358                TIM16_IRQHandler
 .text._sbrk    0x0000000008003368       0x48 ./Core/Src/sysmem.o
                0x0000000008003368                _sbrk
 .text.SystemInit
                0x00000000080033b0       0xcc ./Core/Src/system_stm32h7xx.o
                0x00000000080033b0                SystemInit
 .text.HAL_TIM_PWM_MspInit
                0x000000000800347c       0x34 ./Core/Src/tim.o
                0x000000000800347c                HAL_TIM_PWM_MspInit
 .text.HAL_TIM_MspPostInit
                0x00000000080034b0       0x5c ./Core/Src/tim.o
                0x00000000080034b0                HAL_TIM_MspPostInit
 .text.MX_TIM1_Init
                0x000000000800350c       0xcc ./Core/Src/tim.o
                0x000000000800350c                MX_TIM1_Init
 .text.Reset_Handler
                0x00000000080035d8       0x50 ./Core/Startup/startup_stm32h743vitx.o
                0x00000000080035d8                Reset_Handler
 .text.Default_Handler
                0x0000000008003628        0x2 ./Core/Startup/startup_stm32h743vitx.o
                0x0000000008003628                RTC_Alarm_IRQHandler
                0x0000000008003628                EXTI2_IRQHandler
                0x0000000008003628                TIM8_CC_IRQHandler
                0x0000000008003628                HRTIM1_Master_IRQHandler
                0x0000000008003628                UART8_IRQHandler
                0x0000000008003628                SPI4_IRQHandler
                0x0000000008003628                TIM1_CC_IRQHandler
                0x0000000008003628                BDMA_Channel6_IRQHandler
                0x0000000008003628                DMA2_Stream5_IRQHandler
                0x0000000008003628                HRTIM1_FLT_IRQHandler
                0x0000000008003628                JPEG_IRQHandler
                0x0000000008003628                DMA1_Stream5_IRQHandler
                0x0000000008003628                BDMA_Channel1_IRQHandler
                0x0000000008003628                HRTIM1_TIMD_IRQHandler
                0x0000000008003628                TAMP_STAMP_IRQHandler
                0x0000000008003628                EXTI3_IRQHandler
                0x0000000008003628                LPTIM4_IRQHandler
                0x0000000008003628                TIM8_TRG_COM_TIM14_IRQHandler
                0x0000000008003628                LPTIM2_IRQHandler
                0x0000000008003628                DFSDM1_FLT1_IRQHandler
                0x0000000008003628                DMAMUX2_OVR_IRQHandler
                0x0000000008003628                TIM8_UP_TIM13_IRQHandler
                0x0000000008003628                I2C3_ER_IRQHandler
                0x0000000008003628                DFSDM1_FLT2_IRQHandler
                0x0000000008003628                MDMA_IRQHandler
                0x0000000008003628                LPTIM3_IRQHandler
                0x0000000008003628                HSEM1_IRQHandler
                0x0000000008003628                EXTI0_IRQHandler
                0x0000000008003628                I2C2_EV_IRQHandler
                0x0000000008003628                DMA1_Stream2_IRQHandler
                0x0000000008003628                FPU_IRQHandler
                0x0000000008003628                OTG_HS_WKUP_IRQHandler
                0x0000000008003628                FDCAN1_IT1_IRQHandler
                0x0000000008003628                LTDC_ER_IRQHandler
                0x0000000008003628                DMA2_Stream2_IRQHandler
                0x0000000008003628                HRTIM1_TIME_IRQHandler
                0x0000000008003628                SPI1_IRQHandler
                0x0000000008003628                TIM6_DAC_IRQHandler
                0x0000000008003628                HRTIM1_TIMC_IRQHandler
                0x0000000008003628                DMA2_Stream3_IRQHandler
                0x0000000008003628                SAI2_IRQHandler
                0x0000000008003628                DFSDM1_FLT3_IRQHandler
                0x0000000008003628                USART6_IRQHandler
                0x0000000008003628                TIM17_IRQHandler
                0x0000000008003628                USART3_IRQHandler
                0x0000000008003628                BDMA_Channel7_IRQHandler
                0x0000000008003628                LPTIM5_IRQHandler
                0x0000000008003628                UART5_IRQHandler
                0x0000000008003628                ADC3_IRQHandler
                0x0000000008003628                DMA2_Stream0_IRQHandler
                0x0000000008003628                TIM4_IRQHandler
                0x0000000008003628                BDMA_Channel2_IRQHandler
                0x0000000008003628                QUADSPI_IRQHandler
                0x0000000008003628                I2C1_EV_IRQHandler
                0x0000000008003628                DMA1_Stream6_IRQHandler
                0x0000000008003628                DMAMUX1_OVR_IRQHandler
                0x0000000008003628                DMA1_Stream1_IRQHandler
                0x0000000008003628                UART4_IRQHandler
                0x0000000008003628                BDMA_Channel5_IRQHandler
                0x0000000008003628                TIM3_IRQHandler
                0x0000000008003628                RCC_IRQHandler
                0x0000000008003628                TIM8_BRK_TIM12_IRQHandler
                0x0000000008003628                TIM1_TRG_COM_IRQHandler
                0x0000000008003628                Default_Handler
                0x0000000008003628                ECC_IRQHandler
                0x0000000008003628                CEC_IRQHandler
                0x0000000008003628                EXTI15_10_IRQHandler
                0x0000000008003628                BDMA_Channel0_IRQHandler
                0x0000000008003628                ADC_IRQHandler
                0x0000000008003628                DMA1_Stream7_IRQHandler
                0x0000000008003628                HRTIM1_TIMA_IRQHandler
                0x0000000008003628                SPI5_IRQHandler
                0x0000000008003628                TIM7_IRQHandler
                0x0000000008003628                SDMMC1_IRQHandler
                0x0000000008003628                TIM5_IRQHandler
                0x0000000008003628                DMA2_Stream7_IRQHandler
                0x0000000008003628                TIM15_IRQHandler
                0x0000000008003628                PVD_AVD_IRQHandler
                0x0000000008003628                I2C3_EV_IRQHandler
                0x0000000008003628                EXTI9_5_IRQHandler
                0x0000000008003628                RTC_WKUP_IRQHandler
                0x0000000008003628                LTDC_IRQHandler
                0x0000000008003628                SAI3_IRQHandler
                0x0000000008003628                ETH_WKUP_IRQHandler
                0x0000000008003628                SPDIF_RX_IRQHandler
                0x0000000008003628                SPI2_IRQHandler
                0x0000000008003628                OTG_HS_EP1_IN_IRQHandler
                0x0000000008003628                CRS_IRQHandler
                0x0000000008003628                EXTI4_IRQHandler
                0x0000000008003628                RNG_IRQHandler
                0x0000000008003628                HRTIM1_TIMB_IRQHandler
                0x0000000008003628                FDCAN2_IT1_IRQHandler
                0x0000000008003628                ETH_IRQHandler
                0x0000000008003628                TIM1_UP_IRQHandler
                0x0000000008003628                BDMA_Channel4_IRQHandler
                0x0000000008003628                OTG_HS_EP1_OUT_IRQHandler
                0x0000000008003628                WWDG_IRQHandler
                0x0000000008003628                SPI6_IRQHandler
                0x0000000008003628                MDIOS_IRQHandler
                0x0000000008003628                I2C4_EV_IRQHandler
                0x0000000008003628                FDCAN2_IT0_IRQHandler
                0x0000000008003628                LPUART1_IRQHandler
                0x0000000008003628                FDCAN1_IT0_IRQHandler
                0x0000000008003628                TIM2_IRQHandler
                0x0000000008003628                OTG_FS_WKUP_IRQHandler
                0x0000000008003628                OTG_HS_IRQHandler
                0x0000000008003628                DMA2D_IRQHandler
                0x0000000008003628                TIM1_BRK_IRQHandler
                0x0000000008003628                EXTI1_IRQHandler
                0x0000000008003628                SDMMC2_IRQHandler
                0x0000000008003628                OTG_FS_EP1_OUT_IRQHandler
                0x0000000008003628                BDMA_Channel3_IRQHandler
                0x0000000008003628                UART7_IRQHandler
                0x0000000008003628                MDIOS_WKUP_IRQHandler
                0x0000000008003628                USART2_IRQHandler
                0x0000000008003628                DFSDM1_FLT0_IRQHandler
                0x0000000008003628                SAI4_IRQHandler
                0x0000000008003628                I2C2_ER_IRQHandler
                0x0000000008003628                DMA2_Stream1_IRQHandler
                0x0000000008003628                FLASH_IRQHandler
                0x0000000008003628                DMA2_Stream4_IRQHandler
                0x0000000008003628                USART1_IRQHandler
                0x0000000008003628                OTG_FS_IRQHandler
                0x0000000008003628                SPI3_IRQHandler
                0x0000000008003628                WAKEUP_PIN_IRQHandler
                0x0000000008003628                DMA1_Stream4_IRQHandler
                0x0000000008003628                OTG_FS_EP1_IN_IRQHandler
                0x0000000008003628                I2C1_ER_IRQHandler
                0x0000000008003628                FMC_IRQHandler
                0x0000000008003628                FDCAN_CAL_IRQHandler
                0x0000000008003628                SWPMI1_IRQHandler
                0x0000000008003628                COMP1_IRQHandler
                0x0000000008003628                LPTIM1_IRQHandler
                0x0000000008003628                I2C4_ER_IRQHandler
                0x0000000008003628                DMA2_Stream6_IRQHandler
                0x0000000008003628                SAI1_IRQHandler
                0x0000000008003628                DMA1_Stream3_IRQHandler
 *fill*         0x000000000800362a        0x2 
 .text.HAL_InitTick
                0x000000000800362c       0x50 ./Drivers/STM32H7xx_HAL_Driver/Src/stm32h7xx_hal.o
                0x000000000800362c                HAL_InitTick
 .text.HAL_Init
                0x000000000800367c       0x5c ./Drivers/STM32H7xx_HAL_Driver/Src/stm32h7xx_hal.o
                0x000000000800367c                HAL_Init
 .text.HAL_IncTick
                0x00000000080036d8       0x18 ./Drivers/STM32H7xx_HAL_Driver/Src/stm32h7xx_hal.o
                0x00000000080036d8                HAL_IncTick
 .text.HAL_GetTick
                0x00000000080036f0        0xc ./Drivers/STM32H7xx_HAL_Driver/Src/stm32h7xx_hal.o
                0x00000000080036f0                HAL_GetTick
 .text.HAL_Delay
                0x00000000080036fc       0x28 ./Drivers/STM32H7xx_HAL_Driver/Src/stm32h7xx_hal.o
                0x00000000080036fc                HAL_Delay
 .text.HAL_GetREVID
                0x0000000008003724        0xc ./Drivers/STM32H7xx_HAL_Driver/Src/stm32h7xx_hal.o
                0x0000000008003724                HAL_GetREVID
 .text.HAL_GetDEVID
                0x0000000008003730       0x10 ./Drivers/STM32H7xx_HAL_Driver/Src/stm32h7xx_hal.o
                0x0000000008003730                HAL_GetDEVID
 .text.HAL_NVIC_SetPriorityGrouping
                0x0000000008003740       0x24 ./Drivers/STM32H7xx_HAL_Driver/Src/stm32h7xx_hal_cortex.o
                0x0000000008003740                HAL_NVIC_SetPriorityGrouping
 .text.HAL_NVIC_SetPriority
                0x0000000008003764       0x6c ./Drivers/STM32H7xx_HAL_Driver/Src/stm32h7xx_hal_cortex.o
                0x0000000008003764                HAL_NVIC_SetPriority
 .text.HAL_NVIC_EnableIRQ
                0x00000000080037d0       0x1c ./Drivers/STM32H7xx_HAL_Driver/Src/stm32h7xx_hal_cortex.o
                0x00000000080037d0                HAL_NVIC_EnableIRQ
 .text.HAL_SYSTICK_Config
                0x00000000080037ec       0x28 ./Drivers/STM32H7xx_HAL_Driver/Src/stm32h7xx_hal_cortex.o
                0x00000000080037ec                HAL_SYSTICK_Config
 .text.DCMI_DMAXferCplt
                0x0000000008003814       0xa0 ./Drivers/STM32H7xx_HAL_Driver/Src/stm32h7xx_hal_dcmi.o
 .text.HAL_DCMI_Init
                0x00000000080038b4       0xa0 ./Drivers/STM32H7xx_HAL_Driver/Src/stm32h7xx_hal_dcmi.o
                0x00000000080038b4                HAL_DCMI_Init
 .text.HAL_DCMI_Start_DMA
                0x0000000008003954       0xec ./Drivers/STM32H7xx_HAL_Driver/Src/stm32h7xx_hal_dcmi.o
                0x0000000008003954                HAL_DCMI_Start_DMA
 .text.HAL_DCMI_ErrorCallback
                0x0000000008003a40        0x2 ./Drivers/STM32H7xx_HAL_Driver/Src/stm32h7xx_hal_dcmi.o
                0x0000000008003a40                HAL_DCMI_ErrorCallback
 .text.DCMI_DMAError
                0x0000000008003a42       0x20 ./Drivers/STM32H7xx_HAL_Driver/Src/stm32h7xx_hal_dcmi.o
 .text.HAL_DCMI_LineEventCallback
                0x0000000008003a62        0x2 ./Drivers/STM32H7xx_HAL_Driver/Src/stm32h7xx_hal_dcmi.o
                0x0000000008003a62                HAL_DCMI_LineEventCallback
 .text.HAL_DCMI_VsyncEventCallback
                0x0000000008003a64        0x2 ./Drivers/STM32H7xx_HAL_Driver/Src/stm32h7xx_hal_dcmi.o
                0x0000000008003a64                HAL_DCMI_VsyncEventCallback
 *fill*         0x0000000008003a66        0x2 
 .text.HAL_DCMI_IRQHandler
                0x0000000008003a68       0xb0 ./Drivers/STM32H7xx_HAL_Driver/Src/stm32h7xx_hal_dcmi.o
                0x0000000008003a68                HAL_DCMI_IRQHandler
 .text.DMA_SetConfig
                0x0000000008003b18      0x1b4 ./Drivers/STM32H7xx_HAL_Driver/Src/stm32h7xx_hal_dma.o
 .text.DMA_CalcBaseAndBitshift
                0x0000000008003ccc       0xb4 ./Drivers/STM32H7xx_HAL_Driver/Src/stm32h7xx_hal_dma.o
 .text.DMA_CheckFifoParam
                0x0000000008003d80       0x92 ./Drivers/STM32H7xx_HAL_Driver/Src/stm32h7xx_hal_dma.o
 *fill*         0x0000000008003e12        0x2 
 .text.DMA_CalcDMAMUXChannelBaseAndMask
                0x0000000008003e14       0xac ./Drivers/STM32H7xx_HAL_Driver/Src/stm32h7xx_hal_dma.o
 .text.DMA_CalcDMAMUXRequestGenBaseAndMask
                0x0000000008003ec0       0x7c ./Drivers/STM32H7xx_HAL_Driver/Src/stm32h7xx_hal_dma.o
 .text.HAL_DMA_Init
                0x0000000008003f3c      0x3a4 ./Drivers/STM32H7xx_HAL_Driver/Src/stm32h7xx_hal_dma.o
                0x0000000008003f3c                HAL_DMA_Init
 .text.HAL_DMA_Start_IT
                0x00000000080042e0      0x298 ./Drivers/STM32H7xx_HAL_Driver/Src/stm32h7xx_hal_dma.o
                0x00000000080042e0                HAL_DMA_Start_IT
 .text.HAL_DMA_Abort_IT
                0x0000000008004578      0x270 ./Drivers/STM32H7xx_HAL_Driver/Src/stm32h7xx_hal_dma.o
                0x0000000008004578                HAL_DMA_Abort_IT
 .text.HAL_DMA_IRQHandler
                0x00000000080047e8      0x738 ./Drivers/STM32H7xx_HAL_Driver/Src/stm32h7xx_hal_dma.o
                0x00000000080047e8                HAL_DMA_IRQHandler
 .text.DMA_MultiBufferSetConfig
                0x0000000008004f20       0xa8 ./Drivers/STM32H7xx_HAL_Driver/Src/stm32h7xx_hal_dma_ex.o
 .text.HAL_DMAEx_MultiBufferStart_IT
                0x0000000008004fc8      0x398 ./Drivers/STM32H7xx_HAL_Driver/Src/stm32h7xx_hal_dma_ex.o
                0x0000000008004fc8                HAL_DMAEx_MultiBufferStart_IT
 .text.HAL_DMAEx_ChangeMemory
                0x0000000008005360       0x88 ./Drivers/STM32H7xx_HAL_Driver/Src/stm32h7xx_hal_dma_ex.o
                0x0000000008005360                HAL_DMAEx_ChangeMemory
 .text.HAL_GPIO_Init
                0x00000000080053e8      0x220 ./Drivers/STM32H7xx_HAL_Driver/Src/stm32h7xx_hal_gpio.o
                0x00000000080053e8                HAL_GPIO_Init
 .text.HAL_GPIO_WritePin
                0x0000000008005608        0xc ./Drivers/STM32H7xx_HAL_Driver/Src/stm32h7xx_hal_gpio.o
                0x0000000008005608                HAL_GPIO_WritePin
 .text.I2C_Flush_TXDR
                0x0000000008005614       0x22 ./Drivers/STM32H7xx_HAL_Driver/Src/stm32h7xx_hal_i2c.o
 .text.I2C_TransferConfig
                0x0000000008005636       0x3c ./Drivers/STM32H7xx_HAL_Driver/Src/stm32h7xx_hal_i2c.o
 .text.I2C_IsErrorOccurred
                0x0000000008005672      0x118 ./Drivers/STM32H7xx_HAL_Driver/Src/stm32h7xx_hal_i2c.o
 .text.I2C_WaitOnTXISFlagUntilTimeout
                0x000000000800578a       0x60 ./Drivers/STM32H7xx_HAL_Driver/Src/stm32h7xx_hal_i2c.o
 .text.I2C_WaitOnFlagUntilTimeout
                0x00000000080057ea       0x6a ./Drivers/STM32H7xx_HAL_Driver/Src/stm32h7xx_hal_i2c.o
 .text.I2C_RequestMemoryWrite
                0x0000000008005854       0x7c ./Drivers/STM32H7xx_HAL_Driver/Src/stm32h7xx_hal_i2c.o
 .text.I2C_RequestMemoryRead
                0x00000000080058d0       0x78 ./Drivers/STM32H7xx_HAL_Driver/Src/stm32h7xx_hal_i2c.o
 .text.I2C_WaitOnSTOPFlagUntilTimeout
                0x0000000008005948       0x5e ./Drivers/STM32H7xx_HAL_Driver/Src/stm32h7xx_hal_i2c.o
 .text.I2C_WaitOnRXNEFlagUntilTimeout
                0x00000000080059a6       0xba ./Drivers/STM32H7xx_HAL_Driver/Src/stm32h7xx_hal_i2c.o
 .text.HAL_I2C_Init
                0x0000000008005a60       0xbc ./Drivers/STM32H7xx_HAL_Driver/Src/stm32h7xx_hal_i2c.o
                0x0000000008005a60                HAL_I2C_Init
 .text.HAL_I2C_Master_Transmit
                0x0000000008005b1c      0x17c ./Drivers/STM32H7xx_HAL_Driver/Src/stm32h7xx_hal_i2c.o
                0x0000000008005b1c                HAL_I2C_Master_Transmit
 .text.HAL_I2C_Master_Receive
                0x0000000008005c98      0x17c ./Drivers/STM32H7xx_HAL_Driver/Src/stm32h7xx_hal_i2c.o
                0x0000000008005c98                HAL_I2C_Master_Receive
 .text.HAL_I2C_Mem_Write
                0x0000000008005e14      0x1aa ./Drivers/STM32H7xx_HAL_Driver/Src/stm32h7xx_hal_i2c.o
                0x0000000008005e14                HAL_I2C_Mem_Write
 *fill*         0x0000000008005fbe        0x2 
 .text.HAL_I2C_Mem_Read
                0x0000000008005fc0      0x1b0 ./Drivers/STM32H7xx_HAL_Driver/Src/stm32h7xx_hal_i2c.o
                0x0000000008005fc0                HAL_I2C_Mem_Read
 .text.HAL_I2CEx_ConfigAnalogFilter
                0x0000000008006170       0x5c ./Drivers/STM32H7xx_HAL_Driver/Src/stm32h7xx_hal_i2c_ex.o
                0x0000000008006170                HAL_I2CEx_ConfigAnalogFilter
 .text.HAL_I2CEx_ConfigDigitalFilter
                0x00000000080061cc       0x58 ./Drivers/STM32H7xx_HAL_Driver/Src/stm32h7xx_hal_i2c_ex.o
                0x00000000080061cc                HAL_I2CEx_ConfigDigitalFilter
 .text.HAL_PWREx_ConfigSupply
                0x0000000008006224       0x54 ./Drivers/STM32H7xx_HAL_Driver/Src/stm32h7xx_hal_pwr_ex.o
                0x0000000008006224                HAL_PWREx_ConfigSupply
 .text.HAL_RCC_OscConfig
                0x0000000008006278      0x6b4 ./Drivers/STM32H7xx_HAL_Driver/Src/stm32h7xx_hal_rcc.o
                0x0000000008006278                HAL_RCC_OscConfig
 .text.HAL_RCC_MCOConfig
                0x000000000800692c       0xa4 ./Drivers/STM32H7xx_HAL_Driver/Src/stm32h7xx_hal_rcc.o
                0x000000000800692c                HAL_RCC_MCOConfig
 .text.HAL_RCC_GetSysClockFreq
                0x00000000080069d0      0x1f4 ./Drivers/STM32H7xx_HAL_Driver/Src/stm32h7xx_hal_rcc.o
                0x00000000080069d0                HAL_RCC_GetSysClockFreq
 .text.HAL_RCC_ClockConfig
                0x0000000008006bc4      0x294 ./Drivers/STM32H7xx_HAL_Driver/Src/stm32h7xx_hal_rcc.o
                0x0000000008006bc4                HAL_RCC_ClockConfig
 .text.RCCEx_PLL2_Config
                0x0000000008006e58      0x10c ./Drivers/STM32H7xx_HAL_Driver/Src/stm32h7xx_hal_rcc_ex.o
 .text.RCCEx_PLL3_Config
                0x0000000008006f64      0x10c ./Drivers/STM32H7xx_HAL_Driver/Src/stm32h7xx_hal_rcc_ex.o
 .text.HAL_RCCEx_PeriphCLKConfig
                0x0000000008007070      0xa8c ./Drivers/STM32H7xx_HAL_Driver/Src/stm32h7xx_hal_rcc_ex.o
                0x0000000008007070                HAL_RCCEx_PeriphCLKConfig
 .text.SPI_CloseTransfer
                0x0000000008007afc       0xd0 ./Drivers/STM32H7xx_HAL_Driver/Src/stm32h7xx_hal_spi.o
 .text.SPI_GetPacketSize
                0x0000000008007bcc       0x10 ./Drivers/STM32H7xx_HAL_Driver/Src/stm32h7xx_hal_spi.o
 .text.SPI_WaitOnFlagUntilTimeout
                0x0000000008007bdc       0x48 ./Drivers/STM32H7xx_HAL_Driver/Src/stm32h7xx_hal_spi.o
 .text.HAL_SPI_Init
                0x0000000008007c24      0x190 ./Drivers/STM32H7xx_HAL_Driver/Src/stm32h7xx_hal_spi.o
                0x0000000008007c24                HAL_SPI_Init
 .text.HAL_SPI_Transmit
                0x0000000008007db4      0x2d4 ./Drivers/STM32H7xx_HAL_Driver/Src/stm32h7xx_hal_spi.o
                0x0000000008007db4                HAL_SPI_Transmit
 .text.HAL_SPI_Receive
                0x0000000008008088      0x22c ./Drivers/STM32H7xx_HAL_Driver/Src/stm32h7xx_hal_spi.o
                0x0000000008008088                HAL_SPI_Receive
 .text.TIM_OC1_SetConfig
                0x00000000080082b4       0xa4 ./Drivers/STM32H7xx_HAL_Driver/Src/stm32h7xx_hal_tim.o
 .text.TIM_OC3_SetConfig
                0x0000000008008358       0x94 ./Drivers/STM32H7xx_HAL_Driver/Src/stm32h7xx_hal_tim.o
 .text.TIM_OC4_SetConfig
                0x00000000080083ec       0x74 ./Drivers/STM32H7xx_HAL_Driver/Src/stm32h7xx_hal_tim.o
 .text.TIM_OC5_SetConfig
                0x0000000008008460       0x74 ./Drivers/STM32H7xx_HAL_Driver/Src/stm32h7xx_hal_tim.o
 .text.TIM_OC6_SetConfig
                0x00000000080084d4       0x74 ./Drivers/STM32H7xx_HAL_Driver/Src/stm32h7xx_hal_tim.o
 .text.HAL_TIM_OC_DelayElapsedCallback
                0x0000000008008548        0x2 ./Drivers/STM32H7xx_HAL_Driver/Src/stm32h7xx_hal_tim.o
                0x0000000008008548                HAL_TIM_OC_DelayElapsedCallback
 .text.HAL_TIM_IC_CaptureCallback
                0x000000000800854a        0x2 ./Drivers/STM32H7xx_HAL_Driver/Src/stm32h7xx_hal_tim.o
                0x000000000800854a                HAL_TIM_IC_CaptureCallback
 .text.HAL_TIM_PWM_PulseFinishedCallback
                0x000000000800854c        0x2 ./Drivers/STM32H7xx_HAL_Driver/Src/stm32h7xx_hal_tim.o
                0x000000000800854c                HAL_TIM_PWM_PulseFinishedCallback
 .text.HAL_TIM_TriggerCallback
                0x000000000800854e        0x2 ./Drivers/STM32H7xx_HAL_Driver/Src/stm32h7xx_hal_tim.o
                0x000000000800854e                HAL_TIM_TriggerCallback
 .text.HAL_TIM_IRQHandler
                0x0000000008008550      0x19a ./Drivers/STM32H7xx_HAL_Driver/Src/stm32h7xx_hal_tim.o
                0x0000000008008550                HAL_TIM_IRQHandler
 *fill*         0x00000000080086ea        0x2 
 .text.TIM_Base_SetConfig
                0x00000000080086ec      0x104 ./Drivers/STM32H7xx_HAL_Driver/Src/stm32h7xx_hal_tim.o
                0x00000000080086ec                TIM_Base_SetConfig
 .text.HAL_TIM_PWM_Init
                0x00000000080087f0       0x60 ./Drivers/STM32H7xx_HAL_Driver/Src/stm32h7xx_hal_tim.o
                0x00000000080087f0                HAL_TIM_PWM_Init
 .text.TIM_OC2_SetConfig
                0x0000000008008850       0x94 ./Drivers/STM32H7xx_HAL_Driver/Src/stm32h7xx_hal_tim.o
                0x0000000008008850                TIM_OC2_SetConfig
 .text.HAL_TIM_PWM_ConfigChannel
                0x00000000080088e4      0x13a ./Drivers/STM32H7xx_HAL_Driver/Src/stm32h7xx_hal_tim.o
                0x00000000080088e4                HAL_TIM_PWM_ConfigChannel
 .text.TIM_CCxNChannelCmd
                0x0000000008008a1e       0x1e ./Drivers/STM32H7xx_HAL_Driver/Src/stm32h7xx_hal_tim_ex.o
 .text.HAL_TIMEx_PWMN_Start
                0x0000000008008a3c      0x100 ./Drivers/STM32H7xx_HAL_Driver/Src/stm32h7xx_hal_tim_ex.o
                0x0000000008008a3c                HAL_TIMEx_PWMN_Start
 .text.HAL_TIMEx_MasterConfigSynchronization
                0x0000000008008b3c       0xa0 ./Drivers/STM32H7xx_HAL_Driver/Src/stm32h7xx_hal_tim_ex.o
                0x0000000008008b3c                HAL_TIMEx_MasterConfigSynchronization
 .text.HAL_TIMEx_ConfigBreakDeadTime
                0x0000000008008bdc       0x90 ./Drivers/STM32H7xx_HAL_Driver/Src/stm32h7xx_hal_tim_ex.o
                0x0000000008008bdc                HAL_TIMEx_ConfigBreakDeadTime
 .text.HAL_TIMEx_CommutCallback
                0x0000000008008c6c        0x2 ./Drivers/STM32H7xx_HAL_Driver/Src/stm32h7xx_hal_tim_ex.o
                0x0000000008008c6c                HAL_TIMEx_CommutCallback
 .text.HAL_TIMEx_BreakCallback
                0x0000000008008c6e        0x2 ./Drivers/STM32H7xx_HAL_Driver/Src/stm32h7xx_hal_tim_ex.o
                0x0000000008008c6e                HAL_TIMEx_BreakCallback
 .text.HAL_TIMEx_Break2Callback
                0x0000000008008c70        0x2 ./Drivers/STM32H7xx_HAL_Driver/Src/stm32h7xx_hal_tim_ex.o
                0x0000000008008c70                HAL_TIMEx_Break2Callback
 *fill*         0x0000000008008c72        0x2 
 .text.sprintf  0x0000000008008c74       0x40 C:/ST/STM32CubeIDE_1.8.0/STM32CubeIDE/plugins/com.st.stm32cube.ide.mcu.externaltools.gnu-tools-for-stm32.11.3.rel1.win32_1.1.0.202305231506/tools/bin/../lib/gcc/arm-none-eabi/11.3.1/../../../../arm-none-eabi/lib/thumb/v7e-m+dp/hard\libc_nano.a(libc_a-sprintf.o)
                0x0000000008008c74                siprintf
                0x0000000008008c74                sprintf
 .text.memset   0x0000000008008cb4       0x10 C:/ST/STM32CubeIDE_1.8.0/STM32CubeIDE/plugins/com.st.stm32cube.ide.mcu.externaltools.gnu-tools-for-stm32.11.3.rel1.win32_1.1.0.202305231506/tools/bin/../lib/gcc/arm-none-eabi/11.3.1/../../../../arm-none-eabi/lib/thumb/v7e-m+dp/hard\libc_nano.a(libc_a-memset.o)
                0x0000000008008cb4                memset
 .text.__errno  0x0000000008008cc4        0xc C:/ST/STM32CubeIDE_1.8.0/STM32CubeIDE/plugins/com.st.stm32cube.ide.mcu.externaltools.gnu-tools-for-stm32.11.3.rel1.win32_1.1.0.202305231506/tools/bin/../lib/gcc/arm-none-eabi/11.3.1/../../../../arm-none-eabi/lib/thumb/v7e-m+dp/hard\libc_nano.a(libc_a-errno.o)
                0x0000000008008cc4                __errno
 .text.__libc_init_array
                0x0000000008008cd0       0x48 C:/ST/STM32CubeIDE_1.8.0/STM32CubeIDE/plugins/com.st.stm32cube.ide.mcu.externaltools.gnu-tools-for-stm32.11.3.rel1.win32_1.1.0.202305231506/tools/bin/../lib/gcc/arm-none-eabi/11.3.1/../../../../arm-none-eabi/lib/thumb/v7e-m+dp/hard\libc_nano.a(libc_a-init.o)
                0x0000000008008cd0                __libc_init_array
 .text.__retarget_lock_acquire_recursive
                0x0000000008008d18        0x2 C:/ST/STM32CubeIDE_1.8.0/STM32CubeIDE/plugins/com.st.stm32cube.ide.mcu.externaltools.gnu-tools-for-stm32.11.3.rel1.win32_1.1.0.202305231506/tools/bin/../lib/gcc/arm-none-eabi/11.3.1/../../../../arm-none-eabi/lib/thumb/v7e-m+dp/hard\libc_nano.a(libc_a-lock.o)
                0x0000000008008d18                __retarget_lock_acquire_recursive
 .text.__retarget_lock_release_recursive
                0x0000000008008d1a        0x2 C:/ST/STM32CubeIDE_1.8.0/STM32CubeIDE/plugins/com.st.stm32cube.ide.mcu.externaltools.gnu-tools-for-stm32.11.3.rel1.win32_1.1.0.202305231506/tools/bin/../lib/gcc/arm-none-eabi/11.3.1/../../../../arm-none-eabi/lib/thumb/v7e-m+dp/hard\libc_nano.a(libc_a-lock.o)
                0x0000000008008d1a                __retarget_lock_release_recursive
 .text._free_r  0x0000000008008d1c       0x98 C:/ST/STM32CubeIDE_1.8.0/STM32CubeIDE/plugins/com.st.stm32cube.ide.mcu.externaltools.gnu-tools-for-stm32.11.3.rel1.win32_1.1.0.202305231506/tools/bin/../lib/gcc/arm-none-eabi/11.3.1/../../../../arm-none-eabi/lib/thumb/v7e-m+dp/hard\libc_nano.a(libc_a-freer.o)
                0x0000000008008d1c                _free_r
 .text.sbrk_aligned
                0x0000000008008db4       0x40 C:/ST/STM32CubeIDE_1.8.0/STM32CubeIDE/plugins/com.st.stm32cube.ide.mcu.externaltools.gnu-tools-for-stm32.11.3.rel1.win32_1.1.0.202305231506/tools/bin/../lib/gcc/arm-none-eabi/11.3.1/../../../../arm-none-eabi/lib/thumb/v7e-m+dp/hard\libc_nano.a(libc_a-mallocr.o)
 .text._malloc_r
                0x0000000008008df4      0x100 C:/ST/STM32CubeIDE_1.8.0/STM32CubeIDE/plugins/com.st.stm32cube.ide.mcu.externaltools.gnu-tools-for-stm32.11.3.rel1.win32_1.1.0.202305231506/tools/bin/../lib/gcc/arm-none-eabi/11.3.1/../../../../arm-none-eabi/lib/thumb/v7e-m+dp/hard\libc_nano.a(libc_a-mallocr.o)
                0x0000000008008df4                _malloc_r
 .text.__malloc_lock
                0x0000000008008ef4        0xc C:/ST/STM32CubeIDE_1.8.0/STM32CubeIDE/plugins/com.st.stm32cube.ide.mcu.externaltools.gnu-tools-for-stm32.11.3.rel1.win32_1.1.0.202305231506/tools/bin/../lib/gcc/arm-none-eabi/11.3.1/../../../../arm-none-eabi/lib/thumb/v7e-m+dp/hard\libc_nano.a(libc_a-mlock.o)
                0x0000000008008ef4                __malloc_lock
 .text.__malloc_unlock
                0x0000000008008f00        0xc C:/ST/STM32CubeIDE_1.8.0/STM32CubeIDE/plugins/com.st.stm32cube.ide.mcu.externaltools.gnu-tools-for-stm32.11.3.rel1.win32_1.1.0.202305231506/tools/bin/../lib/gcc/arm-none-eabi/11.3.1/../../../../arm-none-eabi/lib/thumb/v7e-m+dp/hard\libc_nano.a(libc_a-mlock.o)
                0x0000000008008f00                __malloc_unlock
 .text.__ssputs_r
                0x0000000008008f0c       0xb4 C:/ST/STM32CubeIDE_1.8.0/STM32CubeIDE/plugins/com.st.stm32cube.ide.mcu.externaltools.gnu-tools-for-stm32.11.3.rel1.win32_1.1.0.202305231506/tools/bin/../lib/gcc/arm-none-eabi/11.3.1/../../../../arm-none-eabi/lib/thumb/v7e-m+dp/hard\libc_nano.a(libc_a-nano-svfprintf.o)
                0x0000000008008f0c                __ssputs_r
 .text._svfprintf_r
                0x0000000008008fc0      0x1fc C:/ST/STM32CubeIDE_1.8.0/STM32CubeIDE/plugins/com.st.stm32cube.ide.mcu.externaltools.gnu-tools-for-stm32.11.3.rel1.win32_1.1.0.202305231506/tools/bin/../lib/gcc/arm-none-eabi/11.3.1/../../../../arm-none-eabi/lib/thumb/v7e-m+dp/hard\libc_nano.a(libc_a-nano-svfprintf.o)
                0x0000000008008fc0                _svfiprintf_r
                0x0000000008008fc0                _svfprintf_r
 .text._printf_common
                0x00000000080091bc       0xda C:/ST/STM32CubeIDE_1.8.0/STM32CubeIDE/plugins/com.st.stm32cube.ide.mcu.externaltools.gnu-tools-for-stm32.11.3.rel1.win32_1.1.0.202305231506/tools/bin/../lib/gcc/arm-none-eabi/11.3.1/../../../../arm-none-eabi/lib/thumb/v7e-m+dp/hard\libc_nano.a(libc_a-nano-vfprintf_i.o)
                0x00000000080091bc                _printf_common
 *fill*         0x0000000008009296        0x2 
 .text._printf_i
                0x0000000008009298      0x244 C:/ST/STM32CubeIDE_1.8.0/STM32CubeIDE/plugins/com.st.stm32cube.ide.mcu.externaltools.gnu-tools-for-stm32.11.3.rel1.win32_1.1.0.202305231506/tools/bin/../lib/gcc/arm-none-eabi/11.3.1/../../../../arm-none-eabi/lib/thumb/v7e-m+dp/hard\libc_nano.a(libc_a-nano-vfprintf_i.o)
                0x0000000008009298                _printf_i
 .text.memmove  0x00000000080094dc       0x34 C:/ST/STM32CubeIDE_1.8.0/STM32CubeIDE/plugins/com.st.stm32cube.ide.mcu.externaltools.gnu-tools-for-stm32.11.3.rel1.win32_1.1.0.202305231506/tools/bin/../lib/gcc/arm-none-eabi/11.3.1/../../../../arm-none-eabi/lib/thumb/v7e-m+dp/hard\libc_nano.a(libc_a-memmove.o)
                0x00000000080094dc                memmove
 .text._sbrk_r  0x0000000008009510       0x20 C:/ST/STM32CubeIDE_1.8.0/STM32CubeIDE/plugins/com.st.stm32cube.ide.mcu.externaltools.gnu-tools-for-stm32.11.3.rel1.win32_1.1.0.202305231506/tools/bin/../lib/gcc/arm-none-eabi/11.3.1/../../../../arm-none-eabi/lib/thumb/v7e-m+dp/hard\libc_nano.a(libc_a-sbrkr.o)
                0x0000000008009510                _sbrk_r
 .text.memcpy   0x0000000008009530       0x1c C:/ST/STM32CubeIDE_1.8.0/STM32CubeIDE/plugins/com.st.stm32cube.ide.mcu.externaltools.gnu-tools-for-stm32.11.3.rel1.win32_1.1.0.202305231506/tools/bin/../lib/gcc/arm-none-eabi/11.3.1/../../../../arm-none-eabi/lib/thumb/v7e-m+dp/hard\libc_nano.a(libc_a-memcpy-stub.o)
                0x0000000008009530                memcpy
 .text._realloc_r
                0x000000000800954c       0x5e C:/ST/STM32CubeIDE_1.8.0/STM32CubeIDE/plugins/com.st.stm32cube.ide.mcu.externaltools.gnu-tools-for-stm32.11.3.rel1.win32_1.1.0.202305231506/tools/bin/../lib/gcc/arm-none-eabi/11.3.1/../../../../arm-none-eabi/lib/thumb/v7e-m+dp/hard\libc_nano.a(libc_a-reallocr.o)
                0x000000000800954c                _realloc_r
 .text._malloc_usable_size_r
                0x00000000080095aa       0x10 C:/ST/STM32CubeIDE_1.8.0/STM32CubeIDE/plugins/com.st.stm32cube.ide.mcu.externaltools.gnu-tools-for-stm32.11.3.rel1.win32_1.1.0.202305231506/tools/bin/../lib/gcc/arm-none-eabi/11.3.1/../../../../arm-none-eabi/lib/thumb/v7e-m+dp/hard\libc_nano.a(libc_a-msizer.o)
                0x00000000080095aa                _malloc_usable_size_r
 *(.glue_7)
 .glue_7        0x00000000080095ba        0x0 linker stubs
 *(.glue_7t)
 .glue_7t       0x00000000080095ba        0x0 linker stubs
 *(.eh_frame)
 *fill*         0x00000000080095ba        0x2 
 .eh_frame      0x00000000080095bc        0x0 C:/ST/STM32CubeIDE_1.8.0/STM32CubeIDE/plugins/com.st.stm32cube.ide.mcu.externaltools.gnu-tools-for-stm32.11.3.rel1.win32_1.1.0.202305231506/tools/bin/../lib/gcc/arm-none-eabi/11.3.1/thumb/v7e-m+dp/hard/crtbegin.o
 *(.init)
 .init          0x00000000080095bc        0x4 C:/ST/STM32CubeIDE_1.8.0/STM32CubeIDE/plugins/com.st.stm32cube.ide.mcu.externaltools.gnu-tools-for-stm32.11.3.rel1.win32_1.1.0.202305231506/tools/bin/../lib/gcc/arm-none-eabi/11.3.1/thumb/v7e-m+dp/hard/crti.o
                0x00000000080095bc                _init
 .init          0x00000000080095c0        0x8 C:/ST/STM32CubeIDE_1.8.0/STM32CubeIDE/plugins/com.st.stm32cube.ide.mcu.externaltools.gnu-tools-for-stm32.11.3.rel1.win32_1.1.0.202305231506/tools/bin/../lib/gcc/arm-none-eabi/11.3.1/thumb/v7e-m+dp/hard/crtn.o
 *(.fini)
 .fini          0x00000000080095c8        0x4 C:/ST/STM32CubeIDE_1.8.0/STM32CubeIDE/plugins/com.st.stm32cube.ide.mcu.externaltools.gnu-tools-for-stm32.11.3.rel1.win32_1.1.0.202305231506/tools/bin/../lib/gcc/arm-none-eabi/11.3.1/thumb/v7e-m+dp/hard/crti.o
                0x00000000080095c8                _fini
 .fini          0x00000000080095cc        0x8 C:/ST/STM32CubeIDE_1.8.0/STM32CubeIDE/plugins/com.st.stm32cube.ide.mcu.externaltools.gnu-tools-for-stm32.11.3.rel1.win32_1.1.0.202305231506/tools/bin/../lib/gcc/arm-none-eabi/11.3.1/thumb/v7e-m+dp/hard/crtn.o
                0x00000000080095d4                . = ALIGN (0x4)
                0x00000000080095d4                _etext = .

.vfp11_veneer   0x00000000080095d4        0x0
 .vfp11_veneer  0x00000000080095d4        0x0 linker stubs

.v4_bx          0x00000000080095d4        0x0
 .v4_bx         0x00000000080095d4        0x0 linker stubs

.iplt           0x00000000080095d4        0x0
 .iplt          0x00000000080095d4        0x0 C:/ST/STM32CubeIDE_1.8.0/STM32CubeIDE/plugins/com.st.stm32cube.ide.mcu.externaltools.gnu-tools-for-stm32.11.3.rel1.win32_1.1.0.202305231506/tools/bin/../lib/gcc/arm-none-eabi/11.3.1/thumb/v7e-m+dp/hard/crtbegin.o

.rodata         0x00000000080095d4     0x77d8
                0x00000000080095d4                . = ALIGN (0x4)
 *(.rodata)
 *(.rodata*)
 .rodata.dvp_cam_resolution
                0x00000000080095d4       0x80 ./BSP/Camera/camera.o
                0x00000000080095d4                dvp_cam_resolution
 .rodata.OV2640_EFFECTS_TBL
                0x0000000008009654       0x1b ./BSP/Camera/ov2640.o
 *fill*         0x000000000800966f        0x1 
 .rodata.brightness_regs
                0x0000000008009670       0x1e ./BSP/Camera/ov2640.o
 *fill*         0x000000000800968e        0x2 
 .rodata.contrast_regs
                0x0000000008009690       0x2a ./BSP/Camera/ov2640.o
 *fill*         0x00000000080096ba        0x2 
 .rodata.jpeg_regs
                0x00000000080096bc        0xe ./BSP/Camera/ov2640.o
 *fill*         0x00000000080096ca        0x2 
 .rodata.rgb565_regs
                0x00000000080096cc        0xe ./BSP/Camera/ov2640.o
 *fill*         0x00000000080096da        0x2 
 .rodata.saturation_regs
                0x00000000080096dc       0x1e ./BSP/Camera/ov2640.o
 *fill*         0x00000000080096fa        0x2 
 .rodata.yuyv_regs
                0x00000000080096fc       0x12 ./BSP/Camera/ov2640.o
 *fill*         0x000000000800970e        0x2 
 .rodata.OV2640_svga_regs
                0x0000000008009710       0x46 ./BSP/Camera/ov2640_regs.o
                0x0000000008009710                OV2640_svga_regs
 *fill*         0x0000000008009756        0x2 
 .rodata.OV2640_uxga_regs
                0x0000000008009758       0x46 ./BSP/Camera/ov2640_regs.o
                0x0000000008009758                OV2640_uxga_regs
 *fill*         0x000000000800979e        0x2 
 .rodata.ov2640_Slow_regs
                0x00000000080097a0      0x174 ./BSP/Camera/ov2640_regs.o
                0x00000000080097a0                ov2640_Slow_regs
 .rodata.ov5640_default_regs
                0x0000000008009914      0x357 ./BSP/Camera/ov5640_regs.o
                0x0000000008009914                ov5640_default_regs
 *fill*         0x0000000008009c6b        0x1 
 .rodata.ov7670_default_regs
                0x0000000008009c6c      0x11a ./BSP/Camera/ov7670_regs.o
                0x0000000008009c6c                ov7670_default_regs
 *fill*         0x0000000008009d86        0x2 
 .rodata.qqvga_ov7670
                0x0000000008009d88       0x14 ./BSP/Camera/ov7670_regs.o
                0x0000000008009d88                qqvga_ov7670
 .rodata.rgb565_ov7670
                0x0000000008009d9c       0x1a ./BSP/Camera/ov7670_regs.o
                0x0000000008009d9c                rgb565_ov7670
 *fill*         0x0000000008009db6        0x2 
 .rodata.ov7725_default_regs
                0x0000000008009db8       0x90 ./BSP/Camera/ov7725_regs.o
                0x0000000008009db8                ov7725_default_regs
 .rodata.LCD_Test.str1.4
                0x0000000008009e48       0x2c ./BSP/ST7735/lcd.o
 .rodata.asc2_1206
                0x0000000008009e74      0x474 ./BSP/ST7735/lcd.o
                0x0000000008009e74                asc2_1206
 .rodata.asc2_1608
                0x000000000800a2e8      0x5f0 ./BSP/ST7735/lcd.o
                0x000000000800a2e8                asc2_1608
 .rodata.WeActStudiologo_160_80
                0x000000000800a8d8     0x6449 ./BSP/ST7735/logo_160_80.o
                0x000000000800a8d8                WeActStudiologo_160_80
 *fill*         0x0000000008010d21        0x3 
 .rodata.OrientationTab
                0x0000000008010d24       0x20 ./BSP/ST7735/st7735.o
 .rodata.main.str1.4
                0x0000000008010d44       0x1a ./Core/Src/main.o
 *fill*         0x0000000008010d5e        0x2 
 .rodata.D1CorePrescTable
                0x0000000008010d60       0x10 ./Core/Src/system_stm32h7xx.o
                0x0000000008010d60                D1CorePrescTable
 .rodata.flagBitshiftOffset.0
                0x0000000008010d70        0x8 ./Drivers/STM32H7xx_HAL_Driver/Src/stm32h7xx_hal_dma.o
 .rodata._svfprintf_r.str1.1
                0x0000000008010d78       0x11 C:/ST/STM32CubeIDE_1.8.0/STM32CubeIDE/plugins/com.st.stm32cube.ide.mcu.externaltools.gnu-tools-for-stm32.11.3.rel1.win32_1.1.0.202305231506/tools/bin/../lib/gcc/arm-none-eabi/11.3.1/../../../../arm-none-eabi/lib/thumb/v7e-m+dp/hard\libc_nano.a(libc_a-nano-svfprintf.o)
 .rodata._printf_i.str1.1
                0x0000000008010d89       0x22 C:/ST/STM32CubeIDE_1.8.0/STM32CubeIDE/plugins/com.st.stm32cube.ide.mcu.externaltools.gnu-tools-for-stm32.11.3.rel1.win32_1.1.0.202305231506/tools/bin/../lib/gcc/arm-none-eabi/11.3.1/../../../../arm-none-eabi/lib/thumb/v7e-m+dp/hard\libc_nano.a(libc_a-nano-vfprintf_i.o)
                0x0000000008010dac                . = ALIGN (0x4)
 *fill*         0x0000000008010dab        0x1 

.rel.dyn        0x0000000008010dac        0x0
 .rel.iplt      0x0000000008010dac        0x0 C:/ST/STM32CubeIDE_1.8.0/STM32CubeIDE/plugins/com.st.stm32cube.ide.mcu.externaltools.gnu-tools-for-stm32.11.3.rel1.win32_1.1.0.202305231506/tools/bin/../lib/gcc/arm-none-eabi/11.3.1/thumb/v7e-m+dp/hard/crtbegin.o

.ARM.extab
 *(.ARM.extab* .gnu.linkonce.armextab.*)

.ARM            0x0000000008010dac        0x0
                0x0000000008010dac                __exidx_start = .
 *(.ARM.exidx*)
                0x0000000008010dac                __exidx_end = .

.preinit_array  0x0000000008010dac        0x0
                0x0000000008010dac                PROVIDE (__preinit_array_start = .)
 *(.preinit_array*)
                0x0000000008010dac                PROVIDE (__preinit_array_end = .)

.init_array     0x0000000008010dac        0x4
                0x0000000008010dac                PROVIDE (__init_array_start = .)
 *(SORT_BY_NAME(.init_array.*))
 *(.init_array*)
 .init_array    0x0000000008010dac        0x4 C:/ST/STM32CubeIDE_1.8.0/STM32CubeIDE/plugins/com.st.stm32cube.ide.mcu.externaltools.gnu-tools-for-stm32.11.3.rel1.win32_1.1.0.202305231506/tools/bin/../lib/gcc/arm-none-eabi/11.3.1/thumb/v7e-m+dp/hard/crtbegin.o
                0x0000000008010db0                PROVIDE (__init_array_end = .)

.fini_array     0x0000000008010db0        0x4
                [!provide]                        PROVIDE (__fini_array_start = .)
 *(SORT_BY_NAME(.fini_array.*))
 *(.fini_array*)
 .fini_array    0x0000000008010db0        0x4 C:/ST/STM32CubeIDE_1.8.0/STM32CubeIDE/plugins/com.st.stm32cube.ide.mcu.externaltools.gnu-tools-for-stm32.11.3.rel1.win32_1.1.0.202305231506/tools/bin/../lib/gcc/arm-none-eabi/11.3.1/thumb/v7e-m+dp/hard/crtbegin.o
                [!provide]                        PROVIDE (__fini_array_end = .)
                0x0000000008010db4                _sidata = LOADADDR (.data)

.data           0x0000000024000000       0xd4 load address 0x0000000008010db4
                0x0000000024000000                . = ALIGN (0x4)
                0x0000000024000000                _sdata = .
 *(.data)
 *(.data*)
 .data.readout_h
                0x0000000024000000        0x2 ./BSP/Camera/ov5640.o
 .data.readout_w
                0x0000000024000002        0x2 ./BSP/Camera/ov5640.o
 .data.POINT_COLOR
                0x0000000024000004        0x2 ./BSP/ST7735/lcd.o
                0x0000000024000004                POINT_COLOR
 *fill*         0x0000000024000006        0x2 
 .data.st7735_pIO
                0x0000000024000008       0x20 ./BSP/ST7735/lcd.o
                0x0000000024000008                st7735_pIO
 .data.ST7735_LCD_Driver
                0x0000000024000028       0x4c ./BSP/ST7735/st7735.o
                0x0000000024000028                ST7735_LCD_Driver
 .data.SystemCoreClock
                0x0000000024000074        0x4 ./Core/Src/system_stm32h7xx.o
                0x0000000024000074                SystemCoreClock
 .data.SystemD2Clock
                0x0000000024000078        0x4 ./Core/Src/system_stm32h7xx.o
                0x0000000024000078                SystemD2Clock
 .data.uwTickFreq
                0x000000002400007c        0x1 ./Drivers/STM32H7xx_HAL_Driver/Src/stm32h7xx_hal.o
                0x000000002400007c                uwTickFreq
 *fill*         0x000000002400007d        0x3 
 .data.uwTickPrio
                0x0000000024000080        0x4 ./Drivers/STM32H7xx_HAL_Driver/Src/stm32h7xx_hal.o
                0x0000000024000080                uwTickPrio
 .data._impure_data
                0x0000000024000084       0x4c C:/ST/STM32CubeIDE_1.8.0/STM32CubeIDE/plugins/com.st.stm32cube.ide.mcu.externaltools.gnu-tools-for-stm32.11.3.rel1.win32_1.1.0.202305231506/tools/bin/../lib/gcc/arm-none-eabi/11.3.1/../../../../arm-none-eabi/lib/thumb/v7e-m+dp/hard\libc_nano.a(libc_a-impure.o)
                0x0000000024000084                _impure_data
 .data._impure_ptr
                0x00000000240000d0        0x4 C:/ST/STM32CubeIDE_1.8.0/STM32CubeIDE/plugins/com.st.stm32cube.ide.mcu.externaltools.gnu-tools-for-stm32.11.3.rel1.win32_1.1.0.202305231506/tools/bin/../lib/gcc/arm-none-eabi/11.3.1/../../../../arm-none-eabi/lib/thumb/v7e-m+dp/hard\libc_nano.a(libc_a-impure.o)
                0x00000000240000d0                _impure_ptr
 *(.RamFunc)
 *(.RamFunc*)
                0x00000000240000d4                . = ALIGN (0x4)
                0x00000000240000d4                _edata = .

.igot.plt       0x00000000240000d4        0x0 load address 0x0000000008010e88
 .igot.plt      0x00000000240000d4        0x0 C:/ST/STM32CubeIDE_1.8.0/STM32CubeIDE/plugins/com.st.stm32cube.ide.mcu.externaltools.gnu-tools-for-stm32.11.3.rel1.win32_1.1.0.202305231506/tools/bin/../lib/gcc/arm-none-eabi/11.3.1/thumb/v7e-m+dp/hard/crtbegin.o
                0x00000000240000d4                . = ALIGN (0x4)

.bss            0x00000000240000d4     0x9f2c load address 0x0000000008010e88
                0x00000000240000d4                _sbss = .
                0x00000000240000d4                __bss_start__ = _sbss
 *(.bss)
 .bss           0x00000000240000d4       0x1c C:/ST/STM32CubeIDE_1.8.0/STM32CubeIDE/plugins/com.st.stm32cube.ide.mcu.externaltools.gnu-tools-for-stm32.11.3.rel1.win32_1.1.0.202305231506/tools/bin/../lib/gcc/arm-none-eabi/11.3.1/thumb/v7e-m+dp/hard/crtbegin.o
 *(.bss*)
 .bss.hcamera   0x00000000240000f0       0x14 ./BSP/Camera/camera.o
                0x00000000240000f0                hcamera
 .bss.hts_target
                0x0000000024000104        0x2 ./BSP/Camera/ov5640.o
 .bss.readout_x
                0x0000000024000106        0x2 ./BSP/Camera/ov5640.o
 .bss.readout_y
                0x0000000024000108        0x2 ./BSP/Camera/ov5640.o
 .bss.BACK_COLOR
                0x000000002400010a        0x2 ./BSP/ST7735/lcd.o
                0x000000002400010a                BACK_COLOR
 .bss.IsLCD_SoftPWM
                0x000000002400010c        0x1 ./BSP/ST7735/lcd.o
 *fill*         0x000000002400010d        0x3 
 .bss.LCD_LightSet
                0x0000000024000110        0x4 ./BSP/ST7735/lcd.o
 .bss.st7735_id
                0x0000000024000114        0x4 ./BSP/ST7735/lcd.o
                0x0000000024000114                st7735_id
 .bss.st7735_pObj
                0x0000000024000118       0x38 ./BSP/ST7735/lcd.o
                0x0000000024000118                st7735_pObj
 .bss.timecount.0
                0x0000000024000150        0x4 ./BSP/ST7735/lcd.o
 .bss.ST7735Ctx
                0x0000000024000154       0x10 ./BSP/ST7735/st7735.o
                0x0000000024000154                ST7735Ctx
 .bss.pdata.0   0x0000000024000164      0x280 ./BSP/ST7735/st7735.o
 .bss.pdata.1   0x00000000240003e4      0x280 ./BSP/ST7735/st7735.o
 .bss.hdcmi     0x0000000024000664       0x50 ./Core/Src/dcmi.o
                0x0000000024000664                hdcmi
 .bss.hdma_dcmi
                0x00000000240006b4       0x78 ./Core/Src/dcmi.o
                0x00000000240006b4                hdma_dcmi
 .bss.hi2c1     0x000000002400072c       0x54 ./Core/Src/i2c.o
                0x000000002400072c                hi2c1
 .bss.Camera_FPS
                0x0000000024000780        0x4 ./Core/Src/main.o
                0x0000000024000780                Camera_FPS
 .bss.DCMI_FrameIsReady
                0x0000000024000784        0x4 ./Core/Src/main.o
                0x0000000024000784                DCMI_FrameIsReady
 .bss.count.0   0x0000000024000788        0x4 ./Core/Src/main.o
 .bss.pic       0x000000002400078c     0x9600 ./Core/Src/main.o
                0x000000002400078c                pic
 .bss.tick.1    0x0000000024009d8c        0x4 ./Core/Src/main.o
 .bss.hspi4     0x0000000024009d90       0x88 ./Core/Src/spi.o
                0x0000000024009d90                hspi4
 .bss.__sbrk_heap_end
                0x0000000024009e18        0x4 ./Core/Src/sysmem.o
 .bss.htim1     0x0000000024009e1c       0x4c ./Core/Src/tim.o
                0x0000000024009e1c                htim1
 .bss.htim16    0x0000000024009e68       0x4c ./Core/Src/tim.o
                0x0000000024009e68                htim16
 .bss.uwTick    0x0000000024009eb4        0x4 ./Drivers/STM32H7xx_HAL_Driver/Src/stm32h7xx_hal.o
                0x0000000024009eb4                uwTick
 .bss.__sf      0x0000000024009eb8      0x138 C:/ST/STM32CubeIDE_1.8.0/STM32CubeIDE/plugins/com.st.stm32cube.ide.mcu.externaltools.gnu-tools-for-stm32.11.3.rel1.win32_1.1.0.202305231506/tools/bin/../lib/gcc/arm-none-eabi/11.3.1/../../../../arm-none-eabi/lib/thumb/v7e-m+dp/hard\libc_nano.a(libc_a-findfp.o)
                0x0000000024009eb8                __sf
 .bss.errno     0x0000000024009ff0        0x4 C:/ST/STM32CubeIDE_1.8.0/STM32CubeIDE/plugins/com.st.stm32cube.ide.mcu.externaltools.gnu-tools-for-stm32.11.3.rel1.win32_1.1.0.202305231506/tools/bin/../lib/gcc/arm-none-eabi/11.3.1/../../../../arm-none-eabi/lib/thumb/v7e-m+dp/hard\libc_nano.a(libc_a-reent.o)
                0x0000000024009ff0                errno
 .bss.__lock___malloc_recursive_mutex
                0x0000000024009ff4        0x1 C:/ST/STM32CubeIDE_1.8.0/STM32CubeIDE/plugins/com.st.stm32cube.ide.mcu.externaltools.gnu-tools-for-stm32.11.3.rel1.win32_1.1.0.202305231506/tools/bin/../lib/gcc/arm-none-eabi/11.3.1/../../../../arm-none-eabi/lib/thumb/v7e-m+dp/hard\libc_nano.a(libc_a-lock.o)
                0x0000000024009ff4                __lock___malloc_recursive_mutex
 *fill*         0x0000000024009ff5        0x3 
 .bss.__malloc_free_list
                0x0000000024009ff8        0x4 C:/ST/STM32CubeIDE_1.8.0/STM32CubeIDE/plugins/com.st.stm32cube.ide.mcu.externaltools.gnu-tools-for-stm32.11.3.rel1.win32_1.1.0.202305231506/tools/bin/../lib/gcc/arm-none-eabi/11.3.1/../../../../arm-none-eabi/lib/thumb/v7e-m+dp/hard\libc_nano.a(libc_a-mallocr.o)
                0x0000000024009ff8                __malloc_free_list
 .bss.__malloc_sbrk_start
                0x0000000024009ffc        0x4 C:/ST/STM32CubeIDE_1.8.0/STM32CubeIDE/plugins/com.st.stm32cube.ide.mcu.externaltools.gnu-tools-for-stm32.11.3.rel1.win32_1.1.0.202305231506/tools/bin/../lib/gcc/arm-none-eabi/11.3.1/../../../../arm-none-eabi/lib/thumb/v7e-m+dp/hard\libc_nano.a(libc_a-mallocr.o)
                0x0000000024009ffc                __malloc_sbrk_start
 *(COMMON)
                0x000000002400a000                . = ALIGN (0x4)
                0x000000002400a000                _ebss = .
                0x000000002400a000                __bss_end__ = _ebss

._user_heap_stack
                0x000000002400a000      0x600 load address 0x0000000008010e88
                0x000000002400a000                . = ALIGN (0x8)
                [!provide]                        PROVIDE (end = .)
                0x000000002400a000                PROVIDE (_end = .)
                0x000000002400a200                . = (. + _Min_Heap_Size)
 *fill*         0x000000002400a000      0x200 
                0x000000002400a600                . = (. + _Min_Stack_Size)
 *fill*         0x000000002400a200      0x400 
                0x000000002400a600                . = ALIGN (0x8)

/DISCARD/
 libc.a(*)
 libm.a(*)
 libgcc.a(*)

.ARM.attributes
                0x0000000000000000       0x2e
 *(.ARM.attributes)
 .ARM.attributes
                0x0000000000000000       0x1e C:/ST/STM32CubeIDE_1.8.0/STM32CubeIDE/plugins/com.st.stm32cube.ide.mcu.externaltools.gnu-tools-for-stm32.11.3.rel1.win32_1.1.0.202305231506/tools/bin/../lib/gcc/arm-none-eabi/11.3.1/thumb/v7e-m+dp/hard/crti.o
 .ARM.attributes
                0x000000000000001e       0x32 C:/ST/STM32CubeIDE_1.8.0/STM32CubeIDE/plugins/com.st.stm32cube.ide.mcu.externaltools.gnu-tools-for-stm32.11.3.rel1.win32_1.1.0.202305231506/tools/bin/../lib/gcc/arm-none-eabi/11.3.1/thumb/v7e-m+dp/hard/crtbegin.o
 .ARM.attributes
                0x0000000000000050       0x32 ./BSP/Camera/camera.o
 .ARM.attributes
                0x0000000000000082       0x32 ./BSP/Camera/ov2640.o
 .ARM.attributes
                0x00000000000000b4       0x32 ./BSP/Camera/ov2640_regs.o
 .ARM.attributes
                0x00000000000000e6       0x32 ./BSP/Camera/ov5640.o
 .ARM.attributes
                0x0000000000000118       0x32 ./BSP/Camera/ov5640_regs.o
 .ARM.attributes
                0x000000000000014a       0x32 ./BSP/Camera/ov7670.o
 .ARM.attributes
                0x000000000000017c       0x32 ./BSP/Camera/ov7670_regs.o
 .ARM.attributes
                0x00000000000001ae       0x32 ./BSP/Camera/ov7725.o
 .ARM.attributes
                0x00000000000001e0       0x32 ./BSP/Camera/ov7725_regs.o
 .ARM.attributes
                0x0000000000000212       0x32 ./BSP/ST7735/lcd.o
 .ARM.attributes
                0x0000000000000244       0x32 ./BSP/ST7735/logo_160_80.o
 .ARM.attributes
                0x0000000000000276       0x32 ./BSP/ST7735/st7735.o
 .ARM.attributes
                0x00000000000002a8       0x32 ./BSP/ST7735/st7735_reg.o
 .ARM.attributes
                0x00000000000002da       0x32 ./Core/Src/dcmi.o
 .ARM.attributes
                0x000000000000030c       0x32 ./Core/Src/dma.o
 .ARM.attributes
                0x000000000000033e       0x32 ./Core/Src/gpio.o
 .ARM.attributes
                0x0000000000000370       0x32 ./Core/Src/i2c.o
 .ARM.attributes
                0x00000000000003a2       0x32 ./Core/Src/main.o
 .ARM.attributes
                0x00000000000003d4       0x32 ./Core/Src/spi.o
 .ARM.attributes
                0x0000000000000406       0x32 ./Core/Src/stm32h7xx_hal_msp.o
 .ARM.attributes
                0x0000000000000438       0x32 ./Core/Src/stm32h7xx_it.o
 .ARM.attributes
                0x000000000000046a       0x32 ./Core/Src/sysmem.o
 .ARM.attributes
                0x000000000000049c       0x32 ./Core/Src/system_stm32h7xx.o
 .ARM.attributes
                0x00000000000004ce       0x32 ./Core/Src/tim.o
 .ARM.attributes
                0x0000000000000500       0x21 ./Core/Startup/startup_stm32h743vitx.o
 .ARM.attributes
                0x0000000000000521       0x32 ./Drivers/STM32H7xx_HAL_Driver/Src/stm32h7xx_hal.o
 .ARM.attributes
                0x0000000000000553       0x32 ./Drivers/STM32H7xx_HAL_Driver/Src/stm32h7xx_hal_cortex.o
 .ARM.attributes
                0x0000000000000585       0x32 ./Drivers/STM32H7xx_HAL_Driver/Src/stm32h7xx_hal_dcmi.o
 .ARM.attributes
                0x00000000000005b7       0x32 ./Drivers/STM32H7xx_HAL_Driver/Src/stm32h7xx_hal_dma.o
 .ARM.attributes
                0x00000000000005e9       0x32 ./Drivers/STM32H7xx_HAL_Driver/Src/stm32h7xx_hal_dma_ex.o
 .ARM.attributes
                0x000000000000061b       0x32 ./Drivers/STM32H7xx_HAL_Driver/Src/stm32h7xx_hal_gpio.o
 .ARM.attributes
                0x000000000000064d       0x32 ./Drivers/STM32H7xx_HAL_Driver/Src/stm32h7xx_hal_i2c.o
 .ARM.attributes
                0x000000000000067f       0x32 ./Drivers/STM32H7xx_HAL_Driver/Src/stm32h7xx_hal_i2c_ex.o
 .ARM.attributes
                0x00000000000006b1       0x32 ./Drivers/STM32H7xx_HAL_Driver/Src/stm32h7xx_hal_pwr_ex.o
 .ARM.attributes
                0x00000000000006e3       0x32 ./Drivers/STM32H7xx_HAL_Driver/Src/stm32h7xx_hal_rcc.o
 .ARM.attributes
                0x0000000000000715       0x32 ./Drivers/STM32H7xx_HAL_Driver/Src/stm32h7xx_hal_rcc_ex.o
 .ARM.attributes
                0x0000000000000747       0x32 ./Drivers/STM32H7xx_HAL_Driver/Src/stm32h7xx_hal_spi.o
 .ARM.attributes
                0x0000000000000779       0x32 ./Drivers/STM32H7xx_HAL_Driver/Src/stm32h7xx_hal_tim.o
 .ARM.attributes
                0x00000000000007ab       0x32 ./Drivers/STM32H7xx_HAL_Driver/Src/stm32h7xx_hal_tim_ex.o
 .ARM.attributes
                0x00000000000007dd       0x32 C:/ST/STM32CubeIDE_1.8.0/STM32CubeIDE/plugins/com.st.stm32cube.ide.mcu.externaltools.gnu-tools-for-stm32.11.3.rel1.win32_1.1.0.202305231506/tools/bin/../lib/gcc/arm-none-eabi/11.3.1/../../../../arm-none-eabi/lib/thumb/v7e-m+dp/hard\libc_nano.a(libc_a-findfp.o)
 .ARM.attributes
                0x000000000000080f       0x32 C:/ST/STM32CubeIDE_1.8.0/STM32CubeIDE/plugins/com.st.stm32cube.ide.mcu.externaltools.gnu-tools-for-stm32.11.3.rel1.win32_1.1.0.202305231506/tools/bin/../lib/gcc/arm-none-eabi/11.3.1/../../../../arm-none-eabi/lib/thumb/v7e-m+dp/hard\libc_nano.a(libc_a-sprintf.o)
 .ARM.attributes
                0x0000000000000841       0x32 C:/ST/STM32CubeIDE_1.8.0/STM32CubeIDE/plugins/com.st.stm32cube.ide.mcu.externaltools.gnu-tools-for-stm32.11.3.rel1.win32_1.1.0.202305231506/tools/bin/../lib/gcc/arm-none-eabi/11.3.1/../../../../arm-none-eabi/lib/thumb/v7e-m+dp/hard\libc_nano.a(libc_a-memset.o)
 .ARM.attributes
                0x0000000000000873       0x32 C:/ST/STM32CubeIDE_1.8.0/STM32CubeIDE/plugins/com.st.stm32cube.ide.mcu.externaltools.gnu-tools-for-stm32.11.3.rel1.win32_1.1.0.202305231506/tools/bin/../lib/gcc/arm-none-eabi/11.3.1/../../../../arm-none-eabi/lib/thumb/v7e-m+dp/hard\libc_nano.a(libc_a-reent.o)
 .ARM.attributes
                0x00000000000008a5       0x32 C:/ST/STM32CubeIDE_1.8.0/STM32CubeIDE/plugins/com.st.stm32cube.ide.mcu.externaltools.gnu-tools-for-stm32.11.3.rel1.win32_1.1.0.202305231506/tools/bin/../lib/gcc/arm-none-eabi/11.3.1/../../../../arm-none-eabi/lib/thumb/v7e-m+dp/hard\libc_nano.a(libc_a-impure.o)
 .ARM.attributes
                0x00000000000008d7       0x32 C:/ST/STM32CubeIDE_1.8.0/STM32CubeIDE/plugins/com.st.stm32cube.ide.mcu.externaltools.gnu-tools-for-stm32.11.3.rel1.win32_1.1.0.202305231506/tools/bin/../lib/gcc/arm-none-eabi/11.3.1/../../../../arm-none-eabi/lib/thumb/v7e-m+dp/hard\libc_nano.a(libc_a-errno.o)
 .ARM.attributes
                0x0000000000000909       0x32 C:/ST/STM32CubeIDE_1.8.0/STM32CubeIDE/plugins/com.st.stm32cube.ide.mcu.externaltools.gnu-tools-for-stm32.11.3.rel1.win32_1.1.0.202305231506/tools/bin/../lib/gcc/arm-none-eabi/11.3.1/../../../../arm-none-eabi/lib/thumb/v7e-m+dp/hard\libc_nano.a(libc_a-init.o)
 .ARM.attributes
                0x000000000000093b       0x32 C:/ST/STM32CubeIDE_1.8.0/STM32CubeIDE/plugins/com.st.stm32cube.ide.mcu.externaltools.gnu-tools-for-stm32.11.3.rel1.win32_1.1.0.202305231506/tools/bin/../lib/gcc/arm-none-eabi/11.3.1/../../../../arm-none-eabi/lib/thumb/v7e-m+dp/hard\libc_nano.a(libc_a-lock.o)
 .ARM.attributes
                0x000000000000096d       0x32 C:/ST/STM32CubeIDE_1.8.0/STM32CubeIDE/plugins/com.st.stm32cube.ide.mcu.externaltools.gnu-tools-for-stm32.11.3.rel1.win32_1.1.0.202305231506/tools/bin/../lib/gcc/arm-none-eabi/11.3.1/../../../../arm-none-eabi/lib/thumb/v7e-m+dp/hard\libc_nano.a(libc_a-freer.o)
 .ARM.attributes
                0x000000000000099f       0x32 C:/ST/STM32CubeIDE_1.8.0/STM32CubeIDE/plugins/com.st.stm32cube.ide.mcu.externaltools.gnu-tools-for-stm32.11.3.rel1.win32_1.1.0.202305231506/tools/bin/../lib/gcc/arm-none-eabi/11.3.1/../../../../arm-none-eabi/lib/thumb/v7e-m+dp/hard\libc_nano.a(libc_a-mallocr.o)
 .ARM.attributes
                0x00000000000009d1       0x32 C:/ST/STM32CubeIDE_1.8.0/STM32CubeIDE/plugins/com.st.stm32cube.ide.mcu.externaltools.gnu-tools-for-stm32.11.3.rel1.win32_1.1.0.202305231506/tools/bin/../lib/gcc/arm-none-eabi/11.3.1/../../../../arm-none-eabi/lib/thumb/v7e-m+dp/hard\libc_nano.a(libc_a-mlock.o)
 .ARM.attributes
                0x0000000000000a03       0x32 C:/ST/STM32CubeIDE_1.8.0/STM32CubeIDE/plugins/com.st.stm32cube.ide.mcu.externaltools.gnu-tools-for-stm32.11.3.rel1.win32_1.1.0.202305231506/tools/bin/../lib/gcc/arm-none-eabi/11.3.1/../../../../arm-none-eabi/lib/thumb/v7e-m+dp/hard\libc_nano.a(libc_a-nano-svfprintf.o)
 .ARM.attributes
                0x0000000000000a35       0x32 C:/ST/STM32CubeIDE_1.8.0/STM32CubeIDE/plugins/com.st.stm32cube.ide.mcu.externaltools.gnu-tools-for-stm32.11.3.rel1.win32_1.1.0.202305231506/tools/bin/../lib/gcc/arm-none-eabi/11.3.1/../../../../arm-none-eabi/lib/thumb/v7e-m+dp/hard\libc_nano.a(libc_a-nano-vfprintf_i.o)
 .ARM.attributes
                0x0000000000000a67       0x32 C:/ST/STM32CubeIDE_1.8.0/STM32CubeIDE/plugins/com.st.stm32cube.ide.mcu.externaltools.gnu-tools-for-stm32.11.3.rel1.win32_1.1.0.202305231506/tools/bin/../lib/gcc/arm-none-eabi/11.3.1/../../../../arm-none-eabi/lib/thumb/v7e-m+dp/hard\libc_nano.a(libc_a-memmove.o)
 .ARM.attributes
                0x0000000000000a99       0x32 C:/ST/STM32CubeIDE_1.8.0/STM32CubeIDE/plugins/com.st.stm32cube.ide.mcu.externaltools.gnu-tools-for-stm32.11.3.rel1.win32_1.1.0.202305231506/tools/bin/../lib/gcc/arm-none-eabi/11.3.1/../../../../arm-none-eabi/lib/thumb/v7e-m+dp/hard\libc_nano.a(libc_a-sbrkr.o)
 .ARM.attributes
                0x0000000000000acb       0x1c C:/ST/STM32CubeIDE_1.8.0/STM32CubeIDE/plugins/com.st.stm32cube.ide.mcu.externaltools.gnu-tools-for-stm32.11.3.rel1.win32_1.1.0.202305231506/tools/bin/../lib/gcc/arm-none-eabi/11.3.1/../../../../arm-none-eabi/lib/thumb/v7e-m+dp/hard\libc_nano.a(libc_a-memchr.o)
 .ARM.attributes
                0x0000000000000ae7       0x32 C:/ST/STM32CubeIDE_1.8.0/STM32CubeIDE/plugins/com.st.stm32cube.ide.mcu.externaltools.gnu-tools-for-stm32.11.3.rel1.win32_1.1.0.202305231506/tools/bin/../lib/gcc/arm-none-eabi/11.3.1/../../../../arm-none-eabi/lib/thumb/v7e-m+dp/hard\libc_nano.a(libc_a-memcpy-stub.o)
 .ARM.attributes
                0x0000000000000b19       0x32 C:/ST/STM32CubeIDE_1.8.0/STM32CubeIDE/plugins/com.st.stm32cube.ide.mcu.externaltools.gnu-tools-for-stm32.11.3.rel1.win32_1.1.0.202305231506/tools/bin/../lib/gcc/arm-none-eabi/11.3.1/../../../../arm-none-eabi/lib/thumb/v7e-m+dp/hard\libc_nano.a(libc_a-reallocr.o)
 .ARM.attributes
                0x0000000000000b4b       0x32 C:/ST/STM32CubeIDE_1.8.0/STM32CubeIDE/plugins/com.st.stm32cube.ide.mcu.externaltools.gnu-tools-for-stm32.11.3.rel1.win32_1.1.0.202305231506/tools/bin/../lib/gcc/arm-none-eabi/11.3.1/../../../../arm-none-eabi/lib/thumb/v7e-m+dp/hard\libc_nano.a(libc_a-msizer.o)
 .ARM.attributes
                0x0000000000000b7d       0x1e C:/ST/STM32CubeIDE_1.8.0/STM32CubeIDE/plugins/com.st.stm32cube.ide.mcu.externaltools.gnu-tools-for-stm32.11.3.rel1.win32_1.1.0.202305231506/tools/bin/../lib/gcc/arm-none-eabi/11.3.1/thumb/v7e-m+dp/hard/crtn.o
OUTPUT(08-DCMI2LCD.elf elf32-littlearm)
LOAD linker stubs
LOAD C:/ST/STM32CubeIDE_1.8.0/STM32CubeIDE/plugins/com.st.stm32cube.ide.mcu.externaltools.gnu-tools-for-stm32.11.3.rel1.win32_1.1.0.202305231506/tools/bin/../lib/gcc/arm-none-eabi/11.3.1/../../../../arm-none-eabi/lib/thumb/v7e-m+dp/hard\libc.a
LOAD C:/ST/STM32CubeIDE_1.8.0/STM32CubeIDE/plugins/com.st.stm32cube.ide.mcu.externaltools.gnu-tools-for-stm32.11.3.rel1.win32_1.1.0.202305231506/tools/bin/../lib/gcc/arm-none-eabi/11.3.1/../../../../arm-none-eabi/lib/thumb/v7e-m+dp/hard\libm.a
LOAD C:/ST/STM32CubeIDE_1.8.0/STM32CubeIDE/plugins/com.st.stm32cube.ide.mcu.externaltools.gnu-tools-for-stm32.11.3.rel1.win32_1.1.0.202305231506/tools/bin/../lib/gcc/arm-none-eabi/11.3.1/thumb/v7e-m+dp/hard\libgcc.a

.comment        0x0000000000000000       0x43
 .comment       0x0000000000000000       0x43 C:/ST/STM32CubeIDE_1.8.0/STM32CubeIDE/plugins/com.st.stm32cube.ide.mcu.externaltools.gnu-tools-for-stm32.11.3.rel1.win32_1.1.0.202305231506/tools/bin/../lib/gcc/arm-none-eabi/11.3.1/thumb/v7e-m+dp/hard/crtbegin.o
                                         0x44 (size before relaxing)
 .comment       0x0000000000000043       0x44 ./BSP/Camera/camera.o
 .comment       0x0000000000000043       0x44 ./BSP/Camera/ov2640.o
 .comment       0x0000000000000043       0x44 ./BSP/Camera/ov2640_regs.o
 .comment       0x0000000000000043       0x44 ./BSP/Camera/ov5640.o
 .comment       0x0000000000000043       0x44 ./BSP/Camera/ov5640_regs.o
 .comment       0x0000000000000043       0x44 ./BSP/Camera/ov7670.o
 .comment       0x0000000000000043       0x44 ./BSP/Camera/ov7670_regs.o
 .comment       0x0000000000000043       0x44 ./BSP/Camera/ov7725.o
 .comment       0x0000000000000043       0x44 ./BSP/Camera/ov7725_regs.o
 .comment       0x0000000000000043       0x44 ./BSP/ST7735/lcd.o
 .comment       0x0000000000000043       0x44 ./BSP/ST7735/logo_160_80.o
 .comment       0x0000000000000043       0x44 ./BSP/ST7735/st7735.o
 .comment       0x0000000000000043       0x44 ./BSP/ST7735/st7735_reg.o
 .comment       0x0000000000000043       0x44 ./Core/Src/dcmi.o
 .comment       0x0000000000000043       0x44 ./Core/Src/dma.o
 .comment       0x0000000000000043       0x44 ./Core/Src/gpio.o
 .comment       0x0000000000000043       0x44 ./Core/Src/i2c.o
 .comment       0x0000000000000043       0x44 ./Core/Src/main.o
 .comment       0x0000000000000043       0x44 ./Core/Src/spi.o
 .comment       0x0000000000000043       0x44 ./Core/Src/stm32h7xx_hal_msp.o
 .comment       0x0000000000000043       0x44 ./Core/Src/stm32h7xx_it.o
 .comment       0x0000000000000043       0x44 ./Core/Src/sysmem.o
 .comment       0x0000000000000043       0x44 ./Core/Src/system_stm32h7xx.o
 .comment       0x0000000000000043       0x44 ./Core/Src/tim.o
 .comment       0x0000000000000043       0x44 ./Drivers/STM32H7xx_HAL_Driver/Src/stm32h7xx_hal.o
 .comment       0x0000000000000043       0x44 ./Drivers/STM32H7xx_HAL_Driver/Src/stm32h7xx_hal_cortex.o
 .comment       0x0000000000000043       0x44 ./Drivers/STM32H7xx_HAL_Driver/Src/stm32h7xx_hal_dcmi.o
 .comment       0x0000000000000043       0x44 ./Drivers/STM32H7xx_HAL_Driver/Src/stm32h7xx_hal_dma.o
 .comment       0x0000000000000043       0x44 ./Drivers/STM32H7xx_HAL_Driver/Src/stm32h7xx_hal_dma_ex.o
 .comment       0x0000000000000043       0x44 ./Drivers/STM32H7xx_HAL_Driver/Src/stm32h7xx_hal_gpio.o
 .comment       0x0000000000000043       0x44 ./Drivers/STM32H7xx_HAL_Driver/Src/stm32h7xx_hal_i2c.o
 .comment       0x0000000000000043       0x44 ./Drivers/STM32H7xx_HAL_Driver/Src/stm32h7xx_hal_i2c_ex.o
 .comment       0x0000000000000043       0x44 ./Drivers/STM32H7xx_HAL_Driver/Src/stm32h7xx_hal_pwr_ex.o
 .comment       0x0000000000000043       0x44 ./Drivers/STM32H7xx_HAL_Driver/Src/stm32h7xx_hal_rcc.o
 .comment       0x0000000000000043       0x44 ./Drivers/STM32H7xx_HAL_Driver/Src/stm32h7xx_hal_rcc_ex.o
 .comment       0x0000000000000043       0x44 ./Drivers/STM32H7xx_HAL_Driver/Src/stm32h7xx_hal_spi.o
 .comment       0x0000000000000043       0x44 ./Drivers/STM32H7xx_HAL_Driver/Src/stm32h7xx_hal_tim.o
 .comment       0x0000000000000043       0x44 ./Drivers/STM32H7xx_HAL_Driver/Src/stm32h7xx_hal_tim_ex.o

.debug_info     0x0000000000000000    0x2a81e
 .debug_info    0x0000000000000000     0x1b18 ./BSP/Camera/camera.o
 .debug_info    0x0000000000001b18     0x154e ./BSP/Camera/ov2640.o
 .debug_info    0x0000000000003066      0x15b ./BSP/Camera/ov2640_regs.o
 .debug_info    0x00000000000031c1     0x1718 ./BSP/Camera/ov5640.o
 .debug_info    0x00000000000048d9       0xd4 ./BSP/Camera/ov5640_regs.o
 .debug_info    0x00000000000049ad     0x105f ./BSP/Camera/ov7670.o
 .debug_info    0x0000000000005a0c      0x1f5 ./BSP/Camera/ov7670_regs.o
 .debug_info    0x0000000000005c01      0xfb8 ./BSP/Camera/ov7725.o
 .debug_info    0x0000000000006bb9       0xd6 ./BSP/Camera/ov7725_regs.o
 .debug_info    0x0000000000006c8f     0x2426 ./BSP/ST7735/lcd.o
 .debug_info    0x00000000000090b5       0xa4 ./BSP/ST7735/logo_160_80.o
 .debug_info    0x0000000000009159     0x2325 ./BSP/ST7735/st7735.o
 .debug_info    0x000000000000b47e      0x34b ./BSP/ST7735/st7735_reg.o
 .debug_info    0x000000000000b7c9     0x12bf ./Core/Src/dcmi.o
 .debug_info    0x000000000000ca88      0x853 ./Core/Src/dma.o
 .debug_info    0x000000000000d2db      0x7b1 ./Core/Src/gpio.o
 .debug_info    0x000000000000da8c     0x1110 ./Core/Src/i2c.o
 .debug_info    0x000000000000eb9c     0x18f9 ./Core/Src/main.o
 .debug_info    0x0000000000010495     0x113b ./Core/Src/spi.o
 .debug_info    0x00000000000115d0      0x464 ./Core/Src/stm32h7xx_hal_msp.o
 .debug_info    0x0000000000011a34      0xb4d ./Core/Src/stm32h7xx_it.o
 .debug_info    0x0000000000012581      0x175 ./Core/Src/sysmem.o
 .debug_info    0x00000000000126f6      0xd1c ./Core/Src/system_stm32h7xx.o
 .debug_info    0x0000000000013412     0x155c ./Core/Src/tim.o
 .debug_info    0x000000000001496e       0x23 ./Core/Startup/startup_stm32h743vitx.o
 .debug_info    0x0000000000014991     0x163d ./Drivers/STM32H7xx_HAL_Driver/Src/stm32h7xx_hal.o
 .debug_info    0x0000000000015fce     0x12b1 ./Drivers/STM32H7xx_HAL_Driver/Src/stm32h7xx_hal_cortex.o
 .debug_info    0x000000000001727f      0xd70 ./Drivers/STM32H7xx_HAL_Driver/Src/stm32h7xx_hal_dcmi.o
 .debug_info    0x0000000000017fef      0xf44 ./Drivers/STM32H7xx_HAL_Driver/Src/stm32h7xx_hal_dma.o
 .debug_info    0x0000000000018f33      0x8fd ./Drivers/STM32H7xx_HAL_Driver/Src/stm32h7xx_hal_dma_ex.o
 .debug_info    0x0000000000019830      0xc8b ./Drivers/STM32H7xx_HAL_Driver/Src/stm32h7xx_hal_gpio.o
 .debug_info    0x000000000001a4bb     0x4240 ./Drivers/STM32H7xx_HAL_Driver/Src/stm32h7xx_hal_i2c.o
 .debug_info    0x000000000001e6fb      0xdb1 ./Drivers/STM32H7xx_HAL_Driver/Src/stm32h7xx_hal_i2c_ex.o
 .debug_info    0x000000000001f4ac     0x11a0 ./Drivers/STM32H7xx_HAL_Driver/Src/stm32h7xx_hal_pwr_ex.o
 .debug_info    0x000000000002064c     0x115b ./Drivers/STM32H7xx_HAL_Driver/Src/stm32h7xx_hal_rcc.o
 .debug_info    0x00000000000217a7     0x1a01 ./Drivers/STM32H7xx_HAL_Driver/Src/stm32h7xx_hal_rcc_ex.o
 .debug_info    0x00000000000231a8     0x1aa5 ./Drivers/STM32H7xx_HAL_Driver/Src/stm32h7xx_hal_spi.o
 .debug_info    0x0000000000024c4d     0x3da5 ./Drivers/STM32H7xx_HAL_Driver/Src/stm32h7xx_hal_tim.o
 .debug_info    0x00000000000289f2     0x1e2c ./Drivers/STM32H7xx_HAL_Driver/Src/stm32h7xx_hal_tim_ex.o

.debug_abbrev   0x0000000000000000     0x506b
 .debug_abbrev  0x0000000000000000      0x33c ./BSP/Camera/camera.o
 .debug_abbrev  0x000000000000033c      0x30e ./BSP/Camera/ov2640.o
 .debug_abbrev  0x000000000000064a       0x90 ./BSP/Camera/ov2640_regs.o
 .debug_abbrev  0x00000000000006da      0x2f9 ./BSP/Camera/ov5640.o
 .debug_abbrev  0x00000000000009d3       0x83 ./BSP/Camera/ov5640_regs.o
 .debug_abbrev  0x0000000000000a56      0x27a ./BSP/Camera/ov7670.o
 .debug_abbrev  0x0000000000000cd0       0xa1 ./BSP/Camera/ov7670_regs.o
 .debug_abbrev  0x0000000000000d71      0x272 ./BSP/Camera/ov7725.o
 .debug_abbrev  0x0000000000000fe3       0x79 ./BSP/Camera/ov7725_regs.o
 .debug_abbrev  0x000000000000105c      0x43a ./BSP/ST7735/lcd.o
 .debug_abbrev  0x0000000000001496       0x54 ./BSP/ST7735/logo_160_80.o
 .debug_abbrev  0x00000000000014ea      0x2ae ./BSP/ST7735/st7735.o
 .debug_abbrev  0x0000000000001798       0xfd ./BSP/ST7735/st7735_reg.o
 .debug_abbrev  0x0000000000001895      0x25c ./Core/Src/dcmi.o
 .debug_abbrev  0x0000000000001af1      0x13d ./Core/Src/dma.o
 .debug_abbrev  0x0000000000001c2e      0x196 ./Core/Src/gpio.o
 .debug_abbrev  0x0000000000001dc4      0x25d ./Core/Src/i2c.o
 .debug_abbrev  0x0000000000002021      0x31f ./Core/Src/main.o
 .debug_abbrev  0x0000000000002340      0x241 ./Core/Src/spi.o
 .debug_abbrev  0x0000000000002581       0xdb ./Core/Src/stm32h7xx_hal_msp.o
 .debug_abbrev  0x000000000000265c      0x19c ./Core/Src/stm32h7xx_it.o
 .debug_abbrev  0x00000000000027f8       0xec ./Core/Src/sysmem.o
 .debug_abbrev  0x00000000000028e4      0x152 ./Core/Src/system_stm32h7xx.o
 .debug_abbrev  0x0000000000002a36      0x27d ./Core/Src/tim.o
 .debug_abbrev  0x0000000000002cb3       0x12 ./Core/Startup/startup_stm32h743vitx.o
 .debug_abbrev  0x0000000000002cc5      0x2bc ./Drivers/STM32H7xx_HAL_Driver/Src/stm32h7xx_hal.o
 .debug_abbrev  0x0000000000002f81      0x38a ./Drivers/STM32H7xx_HAL_Driver/Src/stm32h7xx_hal_cortex.o
 .debug_abbrev  0x000000000000330b      0x25d ./Drivers/STM32H7xx_HAL_Driver/Src/stm32h7xx_hal_dcmi.o
 .debug_abbrev  0x0000000000003568      0x29e ./Drivers/STM32H7xx_HAL_Driver/Src/stm32h7xx_hal_dma.o